Mon Aug 18 12:31:26 2025       
+-----------------------------------------------------------------------------------------+
| NVIDIA-SMI 575.57.08              Driver Version: 575.57.08      CUDA Version: 12.9     |
|-----------------------------------------+------------------------+----------------------+
| GPU  Name                 Persistence-M | Bus-Id          Disp.A | Volatile Uncorr. ECC |
| Fan  Temp   Perf          Pwr:Usage/Cap |           Memory-Usage | GPU-Util  Compute M. |
|                                         |                        |               MIG M. |
|=========================================+========================+======================|
|   0  Tesla V100-PCIE-32GB           Off |   00000000:07:00.0 Off |                    0 |
| N/A   33C    P0             26W /  250W |       4MiB /  32768MiB |      0%      Default |
|                                         |                        |                  N/A |
+-----------------------------------------+------------------------+----------------------+
                                                                                         
+-----------------------------------------------------------------------------------------+
| Processes:                                                                              |
|  GPU   GI   CI              PID   Type   Process name                        GPU Memory |
|        ID   ID                                                               Usage      |
|=========================================================================================|
|  No running processes found                                                             |
+-----------------------------------------------------------------------------------------+
Loading Config
Loading Dataset neutrals
Using 800 events for training
Using 10732 events for validation
Creating neutrals dataset...
Data loader created
Generating graphs from scratch...
Event 0...
Event 25...
Event 50...
Event 75...
Saving chunk 0 to /eos/user/e/ebornand/DFEI/FullMC/npy_array/magup/neutrals_with_id/graphs/train_graphs/events_00000_to_00099_train.pt with 94 events
Event 100...
Event 125...
Event 150...
Event 175...
Saving chunk 1 to /eos/user/e/ebornand/DFEI/FullMC/npy_array/magup/neutrals_with_id/graphs/train_graphs/events_00100_to_00199_train.pt with 84 events
Event 200...
Event 225...
Event 250...
Event 275...
Saving chunk 2 to /eos/user/e/ebornand/DFEI/FullMC/npy_array/magup/neutrals_with_id/graphs/train_graphs/events_00200_to_00299_train.pt with 86 events
Event 300...
Event 325...
Event 350...
Event 375...
Saving chunk 3 to /eos/user/e/ebornand/DFEI/FullMC/npy_array/magup/neutrals_with_id/graphs/train_graphs/events_00300_to_00399_train.pt with 86 events
Event 400...
Event 425...
Event 450...
Event 475...
Saving chunk 4 to /eos/user/e/ebornand/DFEI/FullMC/npy_array/magup/neutrals_with_id/graphs/train_graphs/events_00400_to_00499_train.pt with 84 events
Event 500...
Event 525...
Event 550...
Event 575...
Saving chunk 5 to /eos/user/e/ebornand/DFEI/FullMC/npy_array/magup/neutrals_with_id/graphs/train_graphs/events_00500_to_00599_train.pt with 84 events
Event 600...
Event 625...
Event 650...
Event 675...
Saving chunk 6 to /eos/user/e/ebornand/DFEI/FullMC/npy_array/magup/neutrals_with_id/graphs/train_graphs/events_00600_to_00699_train.pt with 87 events
Event 700...
Event 725...
Event 750...
Event 775...
Saving chunk 7 to /eos/user/e/ebornand/DFEI/FullMC/npy_array/magup/neutrals_with_id/graphs/train_graphs/events_00700_to_00799_train.pt with 88 events
Processed 693 events in 223.82s, avg 0.32s/event
Generating graphs from scratch...
Event 0...
Event 25...
Event 50...
Event 75...
Saving chunk 0 to /eos/user/e/ebornand/DFEI/FullMC/npy_array/magup/neutrals_with_id/graphs/val_graphs/events_00000_to_00099_val.pt with 85 events
Event 100...
Event 125...
Event 150...
Event 175...
Saving chunk 1 to /eos/user/e/ebornand/DFEI/FullMC/npy_array/magup/neutrals_with_id/graphs/val_graphs/events_00100_to_00199_val.pt with 78 events
Event 200...
Event 225...
Event 250...
Event 275...
Saving chunk 2 to /eos/user/e/ebornand/DFEI/FullMC/npy_array/magup/neutrals_with_id/graphs/val_graphs/events_00200_to_00299_val.pt with 85 events
Event 300...
Event 325...
Event 350...
Event 375...
Saving chunk 3 to /eos/user/e/ebornand/DFEI/FullMC/npy_array/magup/neutrals_with_id/graphs/val_graphs/events_00300_to_00399_val.pt with 80 events
Event 400...
Event 425...
Event 450...
Event 475...
Saving chunk 4 to /eos/user/e/ebornand/DFEI/FullMC/npy_array/magup/neutrals_with_id/graphs/val_graphs/events_00400_to_00499_val.pt with 86 events
Event 500...
Event 525...
Event 550...
Event 575...
Saving chunk 5 to /eos/user/e/ebornand/DFEI/FullMC/npy_array/magup/neutrals_with_id/graphs/val_graphs/events_00500_to_00599_val.pt with 87 events
Event 600...
Event 625...
Event 650...
Event 675...
Saving chunk 6 to /eos/user/e/ebornand/DFEI/FullMC/npy_array/magup/neutrals_with_id/graphs/val_graphs/events_00600_to_00699_val.pt with 84 events
Event 700...
Event 725...
Event 750...
Event 775...
Saving chunk 7 to /eos/user/e/ebornand/DFEI/FullMC/npy_array/magup/neutrals_with_id/graphs/val_graphs/events_00700_to_00799_val.pt with 78 events
Event 800...
Event 825...
Event 850...
Event 875...
Saving chunk 8 to /eos/user/e/ebornand/DFEI/FullMC/npy_array/magup/neutrals_with_id/graphs/val_graphs/events_00800_to_00899_val.pt with 83 events
Event 900...
Event 925...
Event 950...
Event 975...
Saving chunk 9 to /eos/user/e/ebornand/DFEI/FullMC/npy_array/magup/neutrals_with_id/graphs/val_graphs/events_00900_to_00999_val.pt with 83 events
Event 1000...
Event 1025...
Event 1050...
Event 1075...
Saving chunk 10 to /eos/user/e/ebornand/DFEI/FullMC/npy_array/magup/neutrals_with_id/graphs/val_graphs/events_01000_to_01099_val.pt with 79 events
Event 1100...
Event 1125...
Event 1150...
Event 1175...
Saving chunk 11 to /eos/user/e/ebornand/DFEI/FullMC/npy_array/magup/neutrals_with_id/graphs/val_graphs/events_01100_to_01199_val.pt with 85 events
Event 1200...
Event 1225...
Event 1250...
Event 1275...
Saving chunk 12 to /eos/user/e/ebornand/DFEI/FullMC/npy_array/magup/neutrals_with_id/graphs/val_graphs/events_01200_to_01299_val.pt with 84 events
Event 1300...
Event 1325...
Event 1350...
Event 1375...
Saving chunk 13 to /eos/user/e/ebornand/DFEI/FullMC/npy_array/magup/neutrals_with_id/graphs/val_graphs/events_01300_to_01399_val.pt with 80 events
Event 1400...
Event 1425...
Event 1450...
Event 1475...
Saving chunk 14 to /eos/user/e/ebornand/DFEI/FullMC/npy_array/magup/neutrals_with_id/graphs/val_graphs/events_01400_to_01499_val.pt with 78 events
Event 1500...
Event 1525...
Event 1550...
Event 1575...
Saving chunk 15 to /eos/user/e/ebornand/DFEI/FullMC/npy_array/magup/neutrals_with_id/graphs/val_graphs/events_01500_to_01599_val.pt with 89 events
Event 1600...
Event 1625...
Event 1650...
Event 1675...
Saving chunk 16 to /eos/user/e/ebornand/DFEI/FullMC/npy_array/magup/neutrals_with_id/graphs/val_graphs/events_01600_to_01699_val.pt with 86 events
Event 1700...
Event 1725...
Event 1750...
Event 1775...
Saving chunk 17 to /eos/user/e/ebornand/DFEI/FullMC/npy_array/magup/neutrals_with_id/graphs/val_graphs/events_01700_to_01799_val.pt with 80 events
Event 1800...
Event 1825...
Event 1850...
Event 1875...
Saving chunk 18 to /eos/user/e/ebornand/DFEI/FullMC/npy_array/magup/neutrals_with_id/graphs/val_graphs/events_01800_to_01899_val.pt with 84 events
Event 1900...
Event 1925...
Event 1950...
Event 1975...
Saving chunk 19 to /eos/user/e/ebornand/DFEI/FullMC/npy_array/magup/neutrals_with_id/graphs/val_graphs/events_01900_to_01999_val.pt with 81 events
Event 2000...
Event 2025...
Event 2050...
Event 2075...
Saving chunk 20 to /eos/user/e/ebornand/DFEI/FullMC/npy_array/magup/neutrals_with_id/graphs/val_graphs/events_02000_to_02099_val.pt with 83 events
Event 2100...
Event 2125...
Event 2150...
Event 2175...
Saving chunk 21 to /eos/user/e/ebornand/DFEI/FullMC/npy_array/magup/neutrals_with_id/graphs/val_graphs/events_02100_to_02199_val.pt with 87 events
Event 2200...
Event 2225...
Event 2250...
Event 2275...
Saving chunk 22 to /eos/user/e/ebornand/DFEI/FullMC/npy_array/magup/neutrals_with_id/graphs/val_graphs/events_02200_to_02299_val.pt with 90 events
Event 2300...
Event 2325...
Event 2350...
Event 2375...
Saving chunk 23 to /eos/user/e/ebornand/DFEI/FullMC/npy_array/magup/neutrals_with_id/graphs/val_graphs/events_02300_to_02399_val.pt with 81 events
Event 2400...
Event 2425...
Event 2450...
Event 2475...
Saving chunk 24 to /eos/user/e/ebornand/DFEI/FullMC/npy_array/magup/neutrals_with_id/graphs/val_graphs/events_02400_to_02499_val.pt with 84 events
Event 2500...
Event 2525...
Event 2550...
Event 2575...
Saving chunk 25 to /eos/user/e/ebornand/DFEI/FullMC/npy_array/magup/neutrals_with_id/graphs/val_graphs/events_02500_to_02599_val.pt with 85 events
Event 2600...
Event 2625...
Event 2650...
Event 2675...
Saving chunk 26 to /eos/user/e/ebornand/DFEI/FullMC/npy_array/magup/neutrals_with_id/graphs/val_graphs/events_02600_to_02699_val.pt with 91 events
Event 2700...
Event 2725...
Event 2750...
Event 2775...
Saving chunk 27 to /eos/user/e/ebornand/DFEI/FullMC/npy_array/magup/neutrals_with_id/graphs/val_graphs/events_02700_to_02799_val.pt with 86 events
Event 2800...
Event 2825...
Event 2850...
Event 2875...
Saving chunk 28 to /eos/user/e/ebornand/DFEI/FullMC/npy_array/magup/neutrals_with_id/graphs/val_graphs/events_02800_to_02899_val.pt with 91 events
Event 2900...
Event 2925...
Event 2950...
Event 2975...
Saving chunk 29 to /eos/user/e/ebornand/DFEI/FullMC/npy_array/magup/neutrals_with_id/graphs/val_graphs/events_02900_to_02999_val.pt with 89 events
Event 3000...
Event 3025...
Event 3050...
Event 3075...
Saving chunk 30 to /eos/user/e/ebornand/DFEI/FullMC/npy_array/magup/neutrals_with_id/graphs/val_graphs/events_03000_to_03099_val.pt with 92 events
Event 3100...
Event 3125...
Event 3150...
Event 3175...
Saving chunk 31 to /eos/user/e/ebornand/DFEI/FullMC/npy_array/magup/neutrals_with_id/graphs/val_graphs/events_03100_to_03199_val.pt with 85 events
Event 3200...
Event 3225...
Event 3250...
Event 3275...
Saving chunk 32 to /eos/user/e/ebornand/DFEI/FullMC/npy_array/magup/neutrals_with_id/graphs/val_graphs/events_03200_to_03299_val.pt with 88 events
Event 3300...
Event 3325...
Event 3350...
Event 3375...
Saving chunk 33 to /eos/user/e/ebornand/DFEI/FullMC/npy_array/magup/neutrals_with_id/graphs/val_graphs/events_03300_to_03399_val.pt with 84 events
Event 3400...
Event 3425...
Event 3450...
Event 3475...
Saving chunk 34 to /eos/user/e/ebornand/DFEI/FullMC/npy_array/magup/neutrals_with_id/graphs/val_graphs/events_03400_to_03499_val.pt with 84 events
Event 3500...
Event 3525...
Event 3550...
Event 3575...
Saving chunk 35 to /eos/user/e/ebornand/DFEI/FullMC/npy_array/magup/neutrals_with_id/graphs/val_graphs/events_03500_to_03599_val.pt with 87 events
Event 3600...
Event 3625...
Event 3650...
Event 3675...
Saving chunk 36 to /eos/user/e/ebornand/DFEI/FullMC/npy_array/magup/neutrals_with_id/graphs/val_graphs/events_03600_to_03699_val.pt with 90 events
Event 3700...
Event 3725...
Event 3750...
Event 3775...
Saving chunk 37 to /eos/user/e/ebornand/DFEI/FullMC/npy_array/magup/neutrals_with_id/graphs/val_graphs/events_03700_to_03799_val.pt with 85 events
Event 3800...
Event 3825...
Event 3850...
Event 3875...
Saving chunk 38 to /eos/user/e/ebornand/DFEI/FullMC/npy_array/magup/neutrals_with_id/graphs/val_graphs/events_03800_to_03899_val.pt with 85 events
Event 3900...
Event 3925...
Event 3950...
Event 3975...
Saving chunk 39 to /eos/user/e/ebornand/DFEI/FullMC/npy_array/magup/neutrals_with_id/graphs/val_graphs/events_03900_to_03999_val.pt with 87 events
Event 4000...
Event 4025...
Event 4050...
Event 4075...
Saving chunk 40 to /eos/user/e/ebornand/DFEI/FullMC/npy_array/magup/neutrals_with_id/graphs/val_graphs/events_04000_to_04099_val.pt with 88 events
Event 4100...
Event 4125...
Event 4150...
Event 4175...
Saving chunk 41 to /eos/user/e/ebornand/DFEI/FullMC/npy_array/magup/neutrals_with_id/graphs/val_graphs/events_04100_to_04199_val.pt with 87 events
Event 4200...
Event 4225...
Event 4250...
Event 4275...
Saving chunk 42 to /eos/user/e/ebornand/DFEI/FullMC/npy_array/magup/neutrals_with_id/graphs/val_graphs/events_04200_to_04299_val.pt with 86 events
Event 4300...
Event 4325...
Event 4350...
Event 4375...
Saving chunk 43 to /eos/user/e/ebornand/DFEI/FullMC/npy_array/magup/neutrals_with_id/graphs/val_graphs/events_04300_to_04399_val.pt with 86 events
Event 4400...
Event 4425...
Event 4450...
Event 4475...
Saving chunk 44 to /eos/user/e/ebornand/DFEI/FullMC/npy_array/magup/neutrals_with_id/graphs/val_graphs/events_04400_to_04499_val.pt with 87 events
Event 4500...
Event 4525...
Event 4550...
Event 4575...
Saving chunk 45 to /eos/user/e/ebornand/DFEI/FullMC/npy_array/magup/neutrals_with_id/graphs/val_graphs/events_04500_to_04599_val.pt with 83 events
Event 4600...
Event 4625...
Event 4650...
Event 4675...
Saving chunk 46 to /eos/user/e/ebornand/DFEI/FullMC/npy_array/magup/neutrals_with_id/graphs/val_graphs/events_04600_to_04699_val.pt with 83 events
Event 4700...
Event 4725...
Event 4750...
Event 4775...
Saving chunk 47 to /eos/user/e/ebornand/DFEI/FullMC/npy_array/magup/neutrals_with_id/graphs/val_graphs/events_04700_to_04799_val.pt with 83 events
Event 4800...
Event 4825...
Event 4850...
Event 4875...
Saving chunk 48 to /eos/user/e/ebornand/DFEI/FullMC/npy_array/magup/neutrals_with_id/graphs/val_graphs/events_04800_to_04899_val.pt with 87 events
Event 4900...
Event 4925...
Event 4950...
Event 4975...
Saving chunk 49 to /eos/user/e/ebornand/DFEI/FullMC/npy_array/magup/neutrals_with_id/graphs/val_graphs/events_04900_to_04999_val.pt with 88 events
Event 5000...
Event 5025...
Event 5050...
Event 5075...
Saving chunk 50 to /eos/user/e/ebornand/DFEI/FullMC/npy_array/magup/neutrals_with_id/graphs/val_graphs/events_05000_to_05099_val.pt with 81 events
Event 5100...
Event 5125...
Event 5150...
Event 5175...
Saving chunk 51 to /eos/user/e/ebornand/DFEI/FullMC/npy_array/magup/neutrals_with_id/graphs/val_graphs/events_05100_to_05199_val.pt with 86 events
Event 5200...
Event 5225...
Event 5250...
Event 5275...
Saving chunk 52 to /eos/user/e/ebornand/DFEI/FullMC/npy_array/magup/neutrals_with_id/graphs/val_graphs/events_05200_to_05299_val.pt with 87 events
Event 5300...
Event 5325...
Event 5350...
Event 5375...
Saving chunk 53 to /eos/user/e/ebornand/DFEI/FullMC/npy_array/magup/neutrals_with_id/graphs/val_graphs/events_05300_to_05399_val.pt with 86 events
Event 5400...
Event 5425...
Event 5450...
Event 5475...
Saving chunk 54 to /eos/user/e/ebornand/DFEI/FullMC/npy_array/magup/neutrals_with_id/graphs/val_graphs/events_05400_to_05499_val.pt with 87 events
Event 5500...
Event 5525...
Event 5550...
Event 5575...
Saving chunk 55 to /eos/user/e/ebornand/DFEI/FullMC/npy_array/magup/neutrals_with_id/graphs/val_graphs/events_05500_to_05599_val.pt with 83 events
Event 5600...
Event 5625...
Event 5650...
Event 5675...
Saving chunk 56 to /eos/user/e/ebornand/DFEI/FullMC/npy_array/magup/neutrals_with_id/graphs/val_graphs/events_05600_to_05699_val.pt with 80 events
Event 5700...
Event 5725...
Event 5750...
Event 5775...
Saving chunk 57 to /eos/user/e/ebornand/DFEI/FullMC/npy_array/magup/neutrals_with_id/graphs/val_graphs/events_05700_to_05799_val.pt with 85 events
Event 5800...
Event 5825...
Event 5850...
Event 5875...
Saving chunk 58 to /eos/user/e/ebornand/DFEI/FullMC/npy_array/magup/neutrals_with_id/graphs/val_graphs/events_05800_to_05899_val.pt with 86 events
Event 5900...
Event 5925...
Event 5950...
Event 5975...
Saving chunk 59 to /eos/user/e/ebornand/DFEI/FullMC/npy_array/magup/neutrals_with_id/graphs/val_graphs/events_05900_to_05999_val.pt with 81 events
Event 6000...
Event 6025...
Event 6050...
Event 6075...
Saving chunk 60 to /eos/user/e/ebornand/DFEI/FullMC/npy_array/magup/neutrals_with_id/graphs/val_graphs/events_06000_to_06099_val.pt with 83 events
Event 6100...
Event 6125...
Event 6150...
Event 6175...
Saving chunk 61 to /eos/user/e/ebornand/DFEI/FullMC/npy_array/magup/neutrals_with_id/graphs/val_graphs/events_06100_to_06199_val.pt with 82 events
Event 6200...
Event 6225...
Event 6250...
Event 6275...
Saving chunk 62 to /eos/user/e/ebornand/DFEI/FullMC/npy_array/magup/neutrals_with_id/graphs/val_graphs/events_06200_to_06299_val.pt with 85 events
Event 6300...
Event 6325...
Event 6350...
Event 6375...
Saving chunk 63 to /eos/user/e/ebornand/DFEI/FullMC/npy_array/magup/neutrals_with_id/graphs/val_graphs/events_06300_to_06399_val.pt with 89 events
Event 6400...
Event 6425...
Event 6450...
Event 6475...
Saving chunk 64 to /eos/user/e/ebornand/DFEI/FullMC/npy_array/magup/neutrals_with_id/graphs/val_graphs/events_06400_to_06499_val.pt with 90 events
Event 6500...
Event 6525...
Event 6550...
Event 6575...
Saving chunk 65 to /eos/user/e/ebornand/DFEI/FullMC/npy_array/magup/neutrals_with_id/graphs/val_graphs/events_06500_to_06599_val.pt with 85 events
Event 6600...
Event 6625...
Event 6650...
Event 6675...
Saving chunk 66 to /eos/user/e/ebornand/DFEI/FullMC/npy_array/magup/neutrals_with_id/graphs/val_graphs/events_06600_to_06699_val.pt with 87 events
Event 6700...
Event 6725...
Event 6750...
Event 6775...
Saving chunk 67 to /eos/user/e/ebornand/DFEI/FullMC/npy_array/magup/neutrals_with_id/graphs/val_graphs/events_06700_to_06799_val.pt with 91 events
Event 6800...
Event 6825...
Event 6850...
Event 6875...
Saving chunk 68 to /eos/user/e/ebornand/DFEI/FullMC/npy_array/magup/neutrals_with_id/graphs/val_graphs/events_06800_to_06899_val.pt with 87 events
Event 6900...
Event 6925...
Event 6950...
Event 6975...
Saving chunk 69 to /eos/user/e/ebornand/DFEI/FullMC/npy_array/magup/neutrals_with_id/graphs/val_graphs/events_06900_to_06999_val.pt with 80 events
Event 7000...
Event 7025...
Event 7050...
Event 7075...
Saving chunk 70 to /eos/user/e/ebornand/DFEI/FullMC/npy_array/magup/neutrals_with_id/graphs/val_graphs/events_07000_to_07099_val.pt with 88 events
Event 7100...
Event 7125...
Event 7150...
Event 7175...
Saving chunk 71 to /eos/user/e/ebornand/DFEI/FullMC/npy_array/magup/neutrals_with_id/graphs/val_graphs/events_07100_to_07199_val.pt with 91 events
Event 7200...
Event 7225...
Event 7250...
Event 7275...
Saving chunk 72 to /eos/user/e/ebornand/DFEI/FullMC/npy_array/magup/neutrals_with_id/graphs/val_graphs/events_07200_to_07299_val.pt with 83 events
Event 7300...
Event 7325...
Event 7350...
Event 7375...
Saving chunk 73 to /eos/user/e/ebornand/DFEI/FullMC/npy_array/magup/neutrals_with_id/graphs/val_graphs/events_07300_to_07399_val.pt with 83 events
Event 7400...
Event 7425...
Event 7450...
Event 7475...
Saving chunk 74 to /eos/user/e/ebornand/DFEI/FullMC/npy_array/magup/neutrals_with_id/graphs/val_graphs/events_07400_to_07499_val.pt with 86 events
Event 7500...
Event 7525...
Event 7550...
Event 7575...
Saving chunk 75 to /eos/user/e/ebornand/DFEI/FullMC/npy_array/magup/neutrals_with_id/graphs/val_graphs/events_07500_to_07599_val.pt with 86 events
Event 7600...
Event 7625...
Event 7650...
Event 7675...
Saving chunk 76 to /eos/user/e/ebornand/DFEI/FullMC/npy_array/magup/neutrals_with_id/graphs/val_graphs/events_07600_to_07699_val.pt with 86 events
Event 7700...
Event 7725...
Event 7750...
Event 7775...
Saving chunk 77 to /eos/user/e/ebornand/DFEI/FullMC/npy_array/magup/neutrals_with_id/graphs/val_graphs/events_07700_to_07799_val.pt with 88 events
Event 7800...
Event 7825...
Event 7850...
Event 7875...
Saving chunk 78 to /eos/user/e/ebornand/DFEI/FullMC/npy_array/magup/neutrals_with_id/graphs/val_graphs/events_07800_to_07899_val.pt with 88 events
Event 7900...
Event 7925...
Event 7950...
Event 7975...
Saving chunk 79 to /eos/user/e/ebornand/DFEI/FullMC/npy_array/magup/neutrals_with_id/graphs/val_graphs/events_07900_to_07999_val.pt with 82 events
Event 8000...
Event 8025...
Event 8050...
Event 8075...
Saving chunk 80 to /eos/user/e/ebornand/DFEI/FullMC/npy_array/magup/neutrals_with_id/graphs/val_graphs/events_08000_to_08099_val.pt with 86 events
Event 8100...
Event 8125...
Event 8150...
Event 8175...
Saving chunk 81 to /eos/user/e/ebornand/DFEI/FullMC/npy_array/magup/neutrals_with_id/graphs/val_graphs/events_08100_to_08199_val.pt with 90 events
Event 8200...
Event 8225...
Event 8250...
Event 8275...
Saving chunk 82 to /eos/user/e/ebornand/DFEI/FullMC/npy_array/magup/neutrals_with_id/graphs/val_graphs/events_08200_to_08299_val.pt with 78 events
Event 8300...
Event 8325...
Event 8350...
Event 8375...
Saving chunk 83 to /eos/user/e/ebornand/DFEI/FullMC/npy_array/magup/neutrals_with_id/graphs/val_graphs/events_08300_to_08399_val.pt with 91 events
Event 8400...
Event 8425...
Event 8450...
Event 8475...
Saving chunk 84 to /eos/user/e/ebornand/DFEI/FullMC/npy_array/magup/neutrals_with_id/graphs/val_graphs/events_08400_to_08499_val.pt with 81 events
Event 8500...
Event 8525...
Event 8550...
Event 8575...
Saving chunk 85 to /eos/user/e/ebornand/DFEI/FullMC/npy_array/magup/neutrals_with_id/graphs/val_graphs/events_08500_to_08599_val.pt with 82 events
Event 8600...
Event 8625...
Event 8650...
Event 8675...
Saving chunk 86 to /eos/user/e/ebornand/DFEI/FullMC/npy_array/magup/neutrals_with_id/graphs/val_graphs/events_08600_to_08699_val.pt with 84 events
Event 8700...
Event 8725...
Event 8750...
Event 8775...
Saving chunk 87 to /eos/user/e/ebornand/DFEI/FullMC/npy_array/magup/neutrals_with_id/graphs/val_graphs/events_08700_to_08799_val.pt with 82 events
Event 8800...
Event 8825...
Event 8850...
Event 8875...
Saving chunk 88 to /eos/user/e/ebornand/DFEI/FullMC/npy_array/magup/neutrals_with_id/graphs/val_graphs/events_08800_to_08899_val.pt with 83 events
Event 8900...
Event 8925...
Event 8950...
Event 8975...
Saving chunk 89 to /eos/user/e/ebornand/DFEI/FullMC/npy_array/magup/neutrals_with_id/graphs/val_graphs/events_08900_to_08999_val.pt with 86 events
Event 9000...
Event 9025...
Event 9050...
Event 9075...
Saving chunk 90 to /eos/user/e/ebornand/DFEI/FullMC/npy_array/magup/neutrals_with_id/graphs/val_graphs/events_09000_to_09099_val.pt with 87 events
Event 9100...
Event 9125...
Event 9150...
Event 9175...
Saving chunk 91 to /eos/user/e/ebornand/DFEI/FullMC/npy_array/magup/neutrals_with_id/graphs/val_graphs/events_09100_to_09199_val.pt with 90 events
Event 9200...
Event 9225...
Event 9250...
Event 9275...
Saving chunk 92 to /eos/user/e/ebornand/DFEI/FullMC/npy_array/magup/neutrals_with_id/graphs/val_graphs/events_09200_to_09299_val.pt with 87 events
Event 9300...
Event 9325...
Event 9350...
Event 9375...
Saving chunk 93 to /eos/user/e/ebornand/DFEI/FullMC/npy_array/magup/neutrals_with_id/graphs/val_graphs/events_09300_to_09399_val.pt with 84 events
Event 9400...
Event 9425...
Event 9450...
Event 9475...
Saving chunk 94 to /eos/user/e/ebornand/DFEI/FullMC/npy_array/magup/neutrals_with_id/graphs/val_graphs/events_09400_to_09499_val.pt with 87 events
Event 9500...
Event 9525...
Event 9550...
Event 9575...
Saving chunk 95 to /eos/user/e/ebornand/DFEI/FullMC/npy_array/magup/neutrals_with_id/graphs/val_graphs/events_09500_to_09599_val.pt with 91 events
Event 9600...
Event 9625...
Event 9650...
Event 9675...
Saving chunk 96 to /eos/user/e/ebornand/DFEI/FullMC/npy_array/magup/neutrals_with_id/graphs/val_graphs/events_09600_to_09699_val.pt with 89 events
Event 9700...
Event 9725...
Event 9750...
Event 9775...
Saving chunk 97 to /eos/user/e/ebornand/DFEI/FullMC/npy_array/magup/neutrals_with_id/graphs/val_graphs/events_09700_to_09799_val.pt with 81 events
Event 9800...
Event 9825...
Event 9850...
Event 9875...
Saving chunk 98 to /eos/user/e/ebornand/DFEI/FullMC/npy_array/magup/neutrals_with_id/graphs/val_graphs/events_09800_to_09899_val.pt with 83 events
Event 9900...
Event 9925...
Event 9950...
Event 9975...
Saving chunk 99 to /eos/user/e/ebornand/DFEI/FullMC/npy_array/magup/neutrals_with_id/graphs/val_graphs/events_09900_to_09999_val.pt with 90 events
Event 10000...
Event 10025...
Event 10050...
Event 10075...
Saving chunk 100 to /eos/user/e/ebornand/DFEI/FullMC/npy_array/magup/neutrals_with_id/graphs/val_graphs/events_10000_to_10099_val.pt with 87 events
Event 10100...
Event 10125...
Event 10150...
Event 10175...
Saving chunk 101 to /eos/user/e/ebornand/DFEI/FullMC/npy_array/magup/neutrals_with_id/graphs/val_graphs/events_10100_to_10199_val.pt with 78 events
Event 10200...
Event 10225...
Event 10250...
Event 10275...
Saving chunk 102 to /eos/user/e/ebornand/DFEI/FullMC/npy_array/magup/neutrals_with_id/graphs/val_graphs/events_10200_to_10299_val.pt with 79 events
Event 10300...
Event 10325...
Event 10350...
Event 10375...
Saving chunk 103 to /eos/user/e/ebornand/DFEI/FullMC/npy_array/magup/neutrals_with_id/graphs/val_graphs/events_10300_to_10399_val.pt with 88 events
Event 10400...
Event 10425...
Event 10450...
Event 10475...
Saving chunk 104 to /eos/user/e/ebornand/DFEI/FullMC/npy_array/magup/neutrals_with_id/graphs/val_graphs/events_10400_to_10499_val.pt with 79 events
Event 10500...
Event 10525...
Event 10550...
Event 10575...
Saving chunk 105 to /eos/user/e/ebornand/DFEI/FullMC/npy_array/magup/neutrals_with_id/graphs/val_graphs/events_10500_to_10599_val.pt with 80 events
Event 10600...
Event 10625...
Event 10650...
Event 10675...
Saving chunk 106 to /eos/user/e/ebornand/DFEI/FullMC/npy_array/magup/neutrals_with_id/graphs/val_graphs/events_10600_to_10699_val.pt with 87 events
Event 10700...
Event 10725...
Saving chunk 107 to /eos/user/e/ebornand/DFEI/FullMC/npy_array/magup/neutrals_with_id/graphs/val_graphs/events_10700_to_10731_val.pt with 25 events
Processed 9124 events in 3191.18s, avg 0.35s/event
Initializing model neutral_heterognn
Training model
Amount signal: 829, 0.01932671236070313
Amount bkg: 42065, 0.9806732876392968
Amount total: 42894
Weights :tensor([ 0.5099, 25.8709])
Use logits False
Checkpoint path: outputs/Final_neutrals_magup_6block_1+1_epochs_message_passing_BCE/
Running 1 epochs with learning rate 0.001
[13:31:39]  At epoch 0
  batch 17 last_batch 17 loss: 1.4161623786477482
  batch 285 last_batch 285 loss: 1.3668724695841472
Epoch 0 | default threshold:
  Train - Acc: 0.7387, Eff: 0.2368, Rej: 0.7489, ROC AUC: 0.4985
  Val   - Acc: 0.0197, Eff: 0.9998, Rej: 0.0003, ROC AUC: 0.4842
Model weights restored to best epoch 0
Running 1 epochs with learning rate 0.0001
[13:32:49]  At epoch 1
  batch 17 last_batch 17 loss: 1.3502872691434973
  batch 285 last_batch 285 loss: 1.363251659326386
Epoch 1 | default threshold:
  Train - Acc: 0.5018, Eff: 0.5496, Rej: 0.5009, ROC AUC: 0.5234
  Val   - Acc: 0.6500, Eff: 0.5161, Rej: 0.6526, ROC AUC: 0.6202
Model weights restored to best epoch 1
Training finished. Saving model in Final_neutrals_magup_6block_1+1_epochs_message_passing_BCE.pt
Checkpoint saved to outputs/Final_neutrals_magup_6block_1+1_epochs_message_passing_BCE/Final_neutrals_magup_6block_1+1_epochs_message_passing_BCE.pt
Saving config file as txt file
