000 (17537922.000.000) 06/10 18:12:21 Job submitted from host: <137.138.76.70:9618?addrs=137.138.76.70-9618+[2001-1458-d00-1c--49]-9618&alias=bigbird11.cern.ch&noUDP&sock=schedd_4988_ee7c>
...
040 (17537922.000.000) 06/10 18:13:15 Started transferring input files
	Transferring to host: <188.184.195.155:9618?addrs=188.184.195.155-9618+[2001-1458-301-72--100-180]-9618&alias=b9g47n7960.cern.ch&noUDP&sock=slot1_1_20730_e904_1107>
...
040 (17537922.000.000) 06/10 18:13:15 Finished transferring input files
...
001 (17537922.000.000) 06/10 18:13:16 Job executing on host: <188.184.195.155:9618?addrs=188.184.195.155-9618+[2001-1458-301-72--100-180]-9618&alias=b9g47n7960.cern.ch&noUDP&sock=startd_19818_13fd>
	SlotName: slot1_1@b9g47n7960.cern.ch
	AvailableGPUs = { GPUs_GPU_d716e2e7 }
	CondorScratchDir = "/pool/condor/dir_248687"
	Cpus = 4
	Disk = 2048
	GPUs = 1
	GPUs_GPU_d716e2e7 = [ GlobalMemoryMb = 32494; MaxSupportedVersion = 12090; DriverVersion = 12.9; ComputeUnits = 80; ECCEnabled = true; DeviceUuid = "d716e2e7-e625-dbe0-a754-d0550785b292"; DeviceName = "Tesla V100S-PCIE-32GB"; CoresPerCU = 64; ClockMhz = 1597.0; DevicePciBusId = "0000:07:00.0"; Capability = 7.0; Id = "GPU-d716e2e7" ]
	Memory = 12000
...
006 (17537922.000.000) 06/10 18:13:29 Image size of job updated: 7684
	8  -  MemoryUsage of job (MB)
	7684  -  ResidentSetSize of job (KB)
...
006 (17537922.000.000) 06/10 18:15:59 Image size of job updated: 394056
	8  -  MemoryUsage of job (MB)
	7684  -  ResidentSetSize of job (KB)
...
040 (17537922.000.000) 06/10 18:15:59 Started transferring output files
...
040 (17537922.000.000) 06/10 18:15:59 Finished transferring output files
...
005 (17537922.000.000) 06/10 18:15:59 Job terminated.
	(1) Normal termination (return value 1)
		Usr 0 00:00:07, Sys 0 00:00:04  -  Run Remote Usage
		Usr 0 00:00:00, Sys 0 00:00:00  -  Run Local Usage
		Usr 0 00:00:07, Sys 0 00:00:04  -  Total Remote Usage
		Usr 0 00:00:00, Sys 0 00:00:00  -  Total Local Usage
	7259  -  Run Bytes Sent By Job
	549  -  Run Bytes Received By Job
	7259  -  Total Bytes Sent By Job
	549  -  Total Bytes Received By Job
	Partitionable Resources :    Usage  Request Allocated Assigned
	   Cpus                 :        0        4         4 
	   Disk (KB)            :       37        1      2048 
	   Gpus (Average)       :                 1         1 "GPU-d716e2e7"
	   Memory (MB)          :        8    12000     12000 

	Job terminated of its own accord at 2025-06-10T16:15:59Z with exit-code 1.
...
