000 (17767846.000.000) 08/18 14:24:02 Job submitted from host: <137.138.76.70:9618?addrs=137.138.76.70-9618+[2001-1458-d00-1c--49]-9618&alias=bigbird11.cern.ch&noUDP&sock=schedd_590795_cee9>
...
040 (17767846.000.000) 08/18 14:33:06 Started transferring input files
	Transferring to host: <188.184.195.46:9618?addrs=188.184.195.46-9618+[2001-1458-301-72--100-249]-9618&alias=b9g47n7913.cern.ch&noUDP&sock=slot1_1_8469_ed31_43041>
...
040 (17767846.000.000) 08/18 14:33:06 Finished transferring input files
...
001 (17767846.000.000) 08/18 14:33:07 Job executing on host: <188.184.195.46:9618?addrs=188.184.195.46-9618+[2001-1458-301-72--100-249]-9618&alias=b9g47n7913.cern.ch&noUDP&sock=startd_7826_9043>
	SlotName: slot1_1@b9g47n7913.cern.ch
	AvailableGPUs = { GPUs_GPU_edfd19f4 }
	CondorScratchDir = "/pool/condor/dir_1300869"
	Cpus = 4
	Disk = 2048
	GPUs = 1
	GPUs_GPU_edfd19f4 = [ GlobalMemoryMb = 32494; MaxSupportedVersion = 12090; DriverVersion = 12.9; ComputeUnits = 80; ECCEnabled = true; DeviceUuid = "edfd19f4-c79b-974d-4eb1-2d5a790dbc06"; DeviceName = "Tesla V100S-PCIE-32GB"; CoresPerCU = 64; ClockMhz = 1597.0; DevicePciBusId = "0000:07:00.0"; Capability = 7.0; Id = "GPU-edfd19f4" ]
	Memory = 12000
...
006 (17767846.000.000) 08/18 14:33:20 Image size of job updated: 42136
	42  -  MemoryUsage of job (MB)
	42136  -  ResidentSetSize of job (KB)
...
006 (17767846.000.000) 08/18 14:36:32 Image size of job updated: 397304
	42  -  MemoryUsage of job (MB)
	42136  -  ResidentSetSize of job (KB)
...
040 (17767846.000.000) 08/18 14:36:32 Started transferring output files
...
040 (17767846.000.000) 08/18 14:36:32 Finished transferring output files
...
005 (17767846.000.000) 08/18 14:36:32 Job terminated.
	(1) Normal termination (return value 1)
		Usr 0 00:00:08, Sys 0 00:00:04  -  Run Remote Usage
		Usr 0 00:00:00, Sys 0 00:00:00  -  Run Local Usage
		Usr 0 00:00:08, Sys 0 00:00:04  -  Total Remote Usage
		Usr 0 00:00:00, Sys 0 00:00:00  -  Total Local Usage
	7998  -  Run Bytes Sent By Job
	549  -  Run Bytes Received By Job
	7998  -  Total Bytes Sent By Job
	549  -  Total Bytes Received By Job
	Partitionable Resources :    Usage  Request Allocated Assigned
	   Cpus                 :        0        4         4 
	   Disk (KB)            :       38        1      2048 
	   Gpus (Average)       :                 1         1 "GPU-edfd19f4"
	   Memory (MB)          :       42    12000     12000 

	Job terminated of its own accord at 2025-08-18T12:36:32Z with exit-code 1.
...
