000 (17728051.000.000) 08/05 12:01:19 Job submitted from host: <137.138.76.70:9618?addrs=137.138.76.70-9618+[2001-1458-d00-1c--49]-9618&alias=bigbird11.cern.ch&noUDP&sock=schedd_590795_cee9>
...
040 (17728051.000.000) 08/05 12:16:54 Started transferring input files
	Transferring to host: <188.184.195.155:9618?addrs=188.184.195.155-9618+[2001-1458-301-72--100-180]-9618&alias=b9g47n7960.cern.ch&noUDP&sock=slot1_1_2219454_dfc6_33941>
...
040 (17728051.000.000) 08/05 12:16:54 Finished transferring input files
...
001 (17728051.000.000) 08/05 12:16:55 Job executing on host: <188.184.195.155:9618?addrs=188.184.195.155-9618+[2001-1458-301-72--100-180]-9618&alias=b9g47n7960.cern.ch&noUDP&sock=startd_2219414_fac3>
	SlotName: slot1_1@b9g47n7960.cern.ch
	AvailableGPUs = { GPUs_GPU_d716e2e7 }
	CondorScratchDir = "/pool/condor/dir_3420801"
	Cpus = 4
	Disk = 2047
	GPUs = 1
	GPUs_GPU_d716e2e7 = [ GlobalMemoryMb = 32494; MaxSupportedVersion = 12090; DriverVersion = 12.9; ComputeUnits = 80; ECCEnabled = true; DeviceUuid = "d716e2e7-e625-dbe0-a754-d0550785b292"; DeviceName = "Tesla V100S-PCIE-32GB"; CoresPerCU = 64; ClockMhz = 1597.0; DevicePciBusId = "0000:07:00.0"; Capability = 7.0; Id = "GPU-d716e2e7" ]
	Memory = 12000
...
006 (17728051.000.000) 08/05 12:17:09 Image size of job updated: 222684
	218  -  MemoryUsage of job (MB)
	222684  -  ResidentSetSize of job (KB)
...
006 (17728051.000.000) 08/05 12:18:24 Image size of job updated: 476284
	218  -  MemoryUsage of job (MB)
	222684  -  ResidentSetSize of job (KB)
...
040 (17728051.000.000) 08/05 12:18:24 Started transferring output files
...
040 (17728051.000.000) 08/05 12:18:24 Finished transferring output files
...
005 (17728051.000.000) 08/05 12:18:24 Job terminated.
	(1) Normal termination (return value 1)
		Usr 0 00:00:22, Sys 0 00:00:04  -  Run Remote Usage
		Usr 0 00:00:00, Sys 0 00:00:00  -  Run Local Usage
		Usr 0 00:00:22, Sys 0 00:00:04  -  Total Remote Usage
		Usr 0 00:00:00, Sys 0 00:00:00  -  Total Local Usage
	7576  -  Run Bytes Sent By Job
	549  -  Run Bytes Received By Job
	7576  -  Total Bytes Sent By Job
	549  -  Total Bytes Received By Job
	Partitionable Resources :    Usage  Request Allocated Assigned
	   Cpus                 :     0.07        4         4 
	   Disk (KB)            :    39           1      2047 
	   Gpus (Average)       :     0           1         1 "GPU-d716e2e7"
	   Memory (MB)          :   218       12000     12000 

	Job terminated of its own accord at 2025-08-05T10:18:24Z with exit-code 1.
...
