Tue Aug  5 11:25:33 2025       
+-----------------------------------------------------------------------------------------+
| NVIDIA-SMI 575.57.08              Driver Version: 575.57.08      CUDA Version: 12.9     |
|-----------------------------------------+------------------------+----------------------+
| GPU  Name                 Persistence-M | Bus-Id          Disp.A | Volatile Uncorr. ECC |
| Fan  Temp   Perf          Pwr:Usage/Cap |           Memory-Usage | GPU-Util  Compute M. |
|                                         |                        |               MIG M. |
|=========================================+========================+======================|
|   0  Tesla T4                       Off |   00000000:07:00.0 Off |                    0 |
| N/A   47C    P8             17W /   70W |       3MiB /  15360MiB |      0%      Default |
|                                         |                        |                  N/A |
+-----------------------------------------+------------------------+----------------------+
                                                                                         
+-----------------------------------------------------------------------------------------+
| Processes:                                                                              |
|  GPU   GI   CI              PID   Type   Process name                        GPU Memory |
|        ID   ID                                                               Usage      |
|=========================================================================================|
|  No running processes found                                                             |
+-----------------------------------------------------------------------------------------+
Loading Config
Loading Dataset neutrals
Using 80000 events for training
Using 10732 events for validation
0
creating custom datasets...
Data loader created
0
Generating graphs from scratch...
Discarding random background neutral particles to have balanced class
Processed 0 events in 0.00s, avg 0.00s/event
0
Generating graphs from scratch...
Discarding random background neutral particles to have balanced class
Processed 0 events in 0.00s, avg 0.00s/event
Initializing model neutral_heterognn
