000 (17728117.000.000) 08/05 12:19:36 Job submitted from host: <137.138.76.70:9618?addrs=137.138.76.70-9618+[2001-1458-d00-1c--49]-9618&alias=bigbird11.cern.ch&noUDP&sock=schedd_590795_cee9>
...
040 (17728117.000.000) 08/05 12:24:34 Started transferring input files
	Transferring to host: <188.184.195.155:9618?addrs=188.184.195.155-9618+[2001-1458-301-72--100-180]-9618&alias=b9g47n7960.cern.ch&noUDP&sock=slot1_1_2219454_dfc6_33946>
...
040 (17728117.000.000) 08/05 12:24:34 Finished transferring input files
...
001 (17728117.000.000) 08/05 12:24:35 Job executing on host: <188.184.195.155:9618?addrs=188.184.195.155-9618+[2001-1458-301-72--100-180]-9618&alias=b9g47n7960.cern.ch&noUDP&sock=startd_2219414_fac3>
	SlotName: slot1_1@b9g47n7960.cern.ch
	AvailableGPUs = { GPUs_GPU_d716e2e7 }
	CondorScratchDir = "/pool/condor/dir_3424563"
	Cpus = 4
	Disk = 2048
	GPUs = 1
	GPUs_GPU_d716e2e7 = [ GlobalMemoryMb = 32494; MaxSupportedVersion = 12090; DriverVersion = 12.9; ComputeUnits = 80; ECCEnabled = true; DeviceUuid = "d716e2e7-e625-dbe0-a754-d0550785b292"; DeviceName = "Tesla V100S-PCIE-32GB"; CoresPerCU = 64; ClockMhz = 1597.0; DevicePciBusId = "0000:07:00.0"; Capability = 7.0; Id = "GPU-d716e2e7" ]
	Memory = 12000
...
006 (17728117.000.000) 08/05 12:24:48 Image size of job updated: 197216
	193  -  MemoryUsage of job (MB)
	197216  -  ResidentSetSize of job (KB)
...
006 (17728117.000.000) 08/05 12:29:48 Image size of job updated: 550596
	538  -  MemoryUsage of job (MB)
	550596  -  ResidentSetSize of job (KB)
...
006 (17728117.000.000) 08/05 12:34:49 Image size of job updated: 618496
	591  -  MemoryUsage of job (MB)
	604192  -  ResidentSetSize of job (KB)
...
006 (17728117.000.000) 08/05 12:39:50 Image size of job updated: 693920
	670  -  MemoryUsage of job (MB)
	685876  -  ResidentSetSize of job (KB)
...
006 (17728117.000.000) 08/05 12:44:50 Image size of job updated: 772008
	739  -  MemoryUsage of job (MB)
	755864  -  ResidentSetSize of job (KB)
...
006 (17728117.000.000) 08/05 12:49:50 Image size of job updated: 839896
	804  -  MemoryUsage of job (MB)
	822948  -  ResidentSetSize of job (KB)
...
006 (17728117.000.000) 08/05 12:54:51 Image size of job updated: 938052
	888  -  MemoryUsage of job (MB)
	908352  -  ResidentSetSize of job (KB)
...
006 (17728117.000.000) 08/05 12:59:52 Image size of job updated: 1000284
	963  -  MemoryUsage of job (MB)
	985804  -  ResidentSetSize of job (KB)
...
006 (17728117.000.000) 08/05 13:04:52 Image size of job updated: 1077596
	1032  -  MemoryUsage of job (MB)
	1056320  -  ResidentSetSize of job (KB)
...
006 (17728117.000.000) 08/05 13:09:53 Image size of job updated: 1153236
	1095  -  MemoryUsage of job (MB)
	1120516  -  ResidentSetSize of job (KB)
...
006 (17728117.000.000) 08/05 13:14:54 Image size of job updated: 1214368
	1175  -  MemoryUsage of job (MB)
	1203136  -  ResidentSetSize of job (KB)
...
006 (17728117.000.000) 08/05 13:19:54 Image size of job updated: 1294888
	1260  -  MemoryUsage of job (MB)
	1289824  -  ResidentSetSize of job (KB)
...
006 (17728117.000.000) 08/05 13:24:54 Image size of job updated: 1403068
	1338  -  MemoryUsage of job (MB)
	1369324  -  ResidentSetSize of job (KB)
...
006 (17728117.000.000) 08/05 13:29:55 Image size of job updated: 1463524
	1405  -  MemoryUsage of job (MB)
	1437800  -  ResidentSetSize of job (KB)
...
006 (17728117.000.000) 08/05 13:34:56 Image size of job updated: 1541360
	1466  -  MemoryUsage of job (MB)
	1500832  -  ResidentSetSize of job (KB)
...
006 (17728117.000.000) 08/05 13:39:56 Image size of job updated: 1598532
	1533  -  MemoryUsage of job (MB)
	1569772  -  ResidentSetSize of job (KB)
...
006 (17728117.000.000) 08/05 13:44:56 Image size of job updated: 1681300
	1609  -  MemoryUsage of job (MB)
	1647576  -  ResidentSetSize of job (KB)
...
006 (17728117.000.000) 08/05 13:49:57 Image size of job updated: 1732972
	1677  -  MemoryUsage of job (MB)
	1717112  -  ResidentSetSize of job (KB)
...
006 (17728117.000.000) 08/05 13:54:57 Image size of job updated: 1835008
	1755  -  MemoryUsage of job (MB)
	1796108  -  ResidentSetSize of job (KB)
...
006 (17728117.000.000) 08/05 13:59:57 Image size of job updated: 1896884
	1810  -  MemoryUsage of job (MB)
	1853216  -  ResidentSetSize of job (KB)
...
006 (17728117.000.000) 08/05 14:04:58 Image size of job updated: 1949428
	1876  -  MemoryUsage of job (MB)
	1920240  -  ResidentSetSize of job (KB)
...
006 (17728117.000.000) 08/05 14:09:59 Image size of job updated: 2003912
	1947  -  MemoryUsage of job (MB)
	1993064  -  ResidentSetSize of job (KB)
...
006 (17728117.000.000) 08/05 14:14:59 Image size of job updated: 2088364
	2040  -  MemoryUsage of job (MB)
	2088364  -  ResidentSetSize of job (KB)
...
006 (17728117.000.000) 08/05 14:19:59 Image size of job updated: 2150256
	2084  -  MemoryUsage of job (MB)
	2133444  -  ResidentSetSize of job (KB)
...
006 (17728117.000.000) 08/05 14:25:00 Image size of job updated: 2218364
	2139  -  MemoryUsage of job (MB)
	2189824  -  ResidentSetSize of job (KB)
...
006 (17728117.000.000) 08/05 14:30:01 Image size of job updated: 2311456
	2234  -  MemoryUsage of job (MB)
	2287072  -  ResidentSetSize of job (KB)
...
006 (17728117.000.000) 08/05 14:35:01 Image size of job updated: 2377588
	2317  -  MemoryUsage of job (MB)
	2372216  -  ResidentSetSize of job (KB)
...
006 (17728117.000.000) 08/05 14:40:01 Image size of job updated: 2435220
	2362  -  MemoryUsage of job (MB)
	2417852  -  ResidentSetSize of job (KB)
...
006 (17728117.000.000) 08/05 14:45:02 Image size of job updated: 2504668
	2444  -  MemoryUsage of job (MB)
	2502468  -  ResidentSetSize of job (KB)
...
006 (17728117.000.000) 08/05 14:50:02 Image size of job updated: 2574280
	2510  -  MemoryUsage of job (MB)
	2569300  -  ResidentSetSize of job (KB)
...
006 (17728117.000.000) 08/05 14:55:02 Image size of job updated: 2677344
	2579  -  MemoryUsage of job (MB)
	2640608  -  ResidentSetSize of job (KB)
...
006 (17728117.000.000) 08/05 15:00:03 Image size of job updated: 2731916
	2641  -  MemoryUsage of job (MB)
	2703540  -  ResidentSetSize of job (KB)
...
006 (17728117.000.000) 08/05 15:05:04 Image size of job updated: 2814980
	2750  -  MemoryUsage of job (MB)
	2814980  -  ResidentSetSize of job (KB)
...
006 (17728117.000.000) 08/05 15:10:04 Image size of job updated: 2863560
	2790  -  MemoryUsage of job (MB)
	2856260  -  ResidentSetSize of job (KB)
...
006 (17728117.000.000) 08/05 15:15:04 Image size of job updated: 2940940
	2872  -  MemoryUsage of job (MB)
	2940300  -  ResidentSetSize of job (KB)
...
006 (17728117.000.000) 08/05 15:20:05 Image size of job updated: 3019908
	2912  -  MemoryUsage of job (MB)
	2981356  -  ResidentSetSize of job (KB)
...
006 (17728117.000.000) 08/05 15:25:06 Image size of job updated: 3081036
	2993  -  MemoryUsage of job (MB)
	3064024  -  ResidentSetSize of job (KB)
...
006 (17728117.000.000) 08/05 15:30:06 Image size of job updated: 3182404
	3072  -  MemoryUsage of job (MB)
	3144784  -  ResidentSetSize of job (KB)
...
006 (17728117.000.000) 08/05 15:35:06 Image size of job updated: 3235424
	3151  -  MemoryUsage of job (MB)
	3226252  -  ResidentSetSize of job (KB)
...
006 (17728117.000.000) 08/05 15:40:07 Image size of job updated: 3304392
	3207  -  MemoryUsage of job (MB)
	3283164  -  ResidentSetSize of job (KB)
...
006 (17728117.000.000) 08/05 15:45:07 Image size of job updated: 3371152
	3277  -  MemoryUsage of job (MB)
	3354940  -  ResidentSetSize of job (KB)
...
006 (17728117.000.000) 08/05 15:50:07 Image size of job updated: 3455140
	3341  -  MemoryUsage of job (MB)
	3420376  -  ResidentSetSize of job (KB)
...
006 (17728117.000.000) 08/05 15:55:08 Image size of job updated: 3521304
	3417  -  MemoryUsage of job (MB)
	3498460  -  ResidentSetSize of job (KB)
...
006 (17728117.000.000) 08/05 16:00:09 Image size of job updated: 3597988
	3493  -  MemoryUsage of job (MB)
	3575840  -  ResidentSetSize of job (KB)
...
006 (17728117.000.000) 08/05 16:05:09 Image size of job updated: 3655696
	3569  -  MemoryUsage of job (MB)
	3654248  -  ResidentSetSize of job (KB)
...
006 (17728117.000.000) 08/05 16:10:09 Image size of job updated: 3731484
	3638  -  MemoryUsage of job (MB)
	3724520  -  ResidentSetSize of job (KB)
...
006 (17728117.000.000) 08/05 16:15:10 Image size of job updated: 3807420
	3719  -  MemoryUsage of job (MB)
	3807420  -  ResidentSetSize of job (KB)
...
006 (17728117.000.000) 08/05 16:20:11 Image size of job updated: 3917804
	3778  -  MemoryUsage of job (MB)
	3868196  -  ResidentSetSize of job (KB)
...
006 (17728117.000.000) 08/05 16:25:11 Image size of job updated: 3949156
	3844  -  MemoryUsage of job (MB)
	3935484  -  ResidentSetSize of job (KB)
...
006 (17728117.000.000) 08/05 16:30:12 Image size of job updated: 4031424
	3927  -  MemoryUsage of job (MB)
	4020932  -  ResidentSetSize of job (KB)
...
006 (17728117.000.000) 08/05 16:35:13 Image size of job updated: 4092288
	3997  -  MemoryUsage of job (MB)
	4092288  -  ResidentSetSize of job (KB)
...
006 (17728117.000.000) 08/05 16:40:13 Image size of job updated: 4177936
	4081  -  MemoryUsage of job (MB)
	4177936  -  ResidentSetSize of job (KB)
...
006 (17728117.000.000) 08/05 16:45:13 Image size of job updated: 4242732
	4113  -  MemoryUsage of job (MB)
	4211016  -  ResidentSetSize of job (KB)
...
006 (17728117.000.000) 08/05 16:50:14 Image size of job updated: 4292444
	4171  -  MemoryUsage of job (MB)
	4270668  -  ResidentSetSize of job (KB)
...
006 (17728117.000.000) 08/05 16:55:15 Image size of job updated: 4393632
	4271  -  MemoryUsage of job (MB)
	4372804  -  ResidentSetSize of job (KB)
...
006 (17728117.000.000) 08/05 17:00:15 Image size of job updated: 4458560
	4318  -  MemoryUsage of job (MB)
	4421568  -  ResidentSetSize of job (KB)
...
006 (17728117.000.000) 08/05 17:05:15 Image size of job updated: 4502924
	4386  -  MemoryUsage of job (MB)
	4490504  -  ResidentSetSize of job (KB)
...
006 (17728117.000.000) 08/05 17:10:16 Image size of job updated: 4569504
	4445  -  MemoryUsage of job (MB)
	4551604  -  ResidentSetSize of job (KB)
...
006 (17728117.000.000) 08/05 17:15:17 Image size of job updated: 4663504
	4553  -  MemoryUsage of job (MB)
	4661456  -  ResidentSetSize of job (KB)
...
006 (17728117.000.000) 08/05 17:20:17 Image size of job updated: 4717368
	4585  -  MemoryUsage of job (MB)
	4694832  -  ResidentSetSize of job (KB)
...
006 (17728117.000.000) 08/05 17:25:18 Image size of job updated: 4800224
	4660  -  MemoryUsage of job (MB)
	4771624  -  ResidentSetSize of job (KB)
...
006 (17728117.000.000) 08/05 17:30:19 Image size of job updated: 4888844
	4736  -  MemoryUsage of job (MB)
	4848900  -  ResidentSetSize of job (KB)
...
006 (17728117.000.000) 08/05 17:35:19 Image size of job updated: 4944948
	4818  -  MemoryUsage of job (MB)
	4932828  -  ResidentSetSize of job (KB)
...
006 (17728117.000.000) 08/05 17:40:19 Image size of job updated: 5011612
	4881  -  MemoryUsage of job (MB)
	4997620  -  ResidentSetSize of job (KB)
...
006 (17728117.000.000) 08/05 17:45:20 Image size of job updated: 5084220
	4966  -  MemoryUsage of job (MB)
	5084220  -  ResidentSetSize of job (KB)
...
006 (17728117.000.000) 08/05 17:50:21 Image size of job updated: 5160348
	5019  -  MemoryUsage of job (MB)
	5138728  -  ResidentSetSize of job (KB)
...
006 (17728117.000.000) 08/05 17:55:21 Image size of job updated: 5224152
	5093  -  MemoryUsage of job (MB)
	5214256  -  ResidentSetSize of job (KB)
...
006 (17728117.000.000) 08/05 18:00:21 Image size of job updated: 5308900
	5167  -  MemoryUsage of job (MB)
	5290776  -  ResidentSetSize of job (KB)
...
006 (17728117.000.000) 08/05 18:05:22 Image size of job updated: 5368432
	5239  -  MemoryUsage of job (MB)
	5364172  -  ResidentSetSize of job (KB)
...
006 (17728117.000.000) 08/05 18:10:22 Image size of job updated: 5435808
	5308  -  MemoryUsage of job (MB)
	5434616  -  ResidentSetSize of job (KB)
...
006 (17728117.000.000) 08/05 18:15:22 Image size of job updated: 5557596
	5377  -  MemoryUsage of job (MB)
	5505220  -  ResidentSetSize of job (KB)
...
006 (17728117.000.000) 08/05 18:20:23 Image size of job updated: 5583560
	5435  -  MemoryUsage of job (MB)
	5565008  -  ResidentSetSize of job (KB)
...
006 (17728117.000.000) 08/05 18:25:24 Image size of job updated: 5667996
	5500  -  MemoryUsage of job (MB)
	5631376  -  ResidentSetSize of job (KB)
...
006 (17728117.000.000) 08/05 18:30:24 Image size of job updated: 5732372
	5594  -  MemoryUsage of job (MB)
	5727780  -  ResidentSetSize of job (KB)
...
006 (17728117.000.000) 08/05 18:35:24 Image size of job updated: 5805440
	5647  -  MemoryUsage of job (MB)
	5781560  -  ResidentSetSize of job (KB)
...
006 (17728117.000.000) 08/05 18:40:00 Image size of job updated: 5903812
	5647  -  MemoryUsage of job (MB)
	5781560  -  ResidentSetSize of job (KB)
...
040 (17728117.000.000) 08/05 18:40:00 Started transferring output files
...
040 (17728117.000.000) 08/05 18:40:00 Finished transferring output files
...
005 (17728117.000.000) 08/05 18:40:00 Job terminated.
	(1) Normal termination (return value 1)
		Usr 0 03:57:50, Sys 0 00:09:35  -  Run Remote Usage
		Usr 0 00:00:00, Sys 0 00:00:00  -  Run Local Usage
		Usr 0 03:57:50, Sys 0 00:09:35  -  Total Remote Usage
		Usr 0 00:00:00, Sys 0 00:00:00  -  Total Local Usage
	197679  -  Run Bytes Sent By Job
	549  -  Run Bytes Received By Job
	197679  -  Total Bytes Sent By Job
	549  -  Total Bytes Received By Job
	Partitionable Resources :    Usage  Request Allocated Assigned
	   Cpus                 :     0.55        4         4 
	   Disk (KB)            :   224           1      2048 
	   Gpus (Average)       :     0           1         1 "GPU-d716e2e7"
	   GpusMemory (MB)      :   402                       
	   Memory (MB)          :  5647       12000     12000 

	Job terminated of its own accord at 2025-08-05T16:40:00Z with exit-code 1.
...
