Traceback (most recent call last):
  File "/eos/user/e/ebornand/envs/conda_envs/envs/dfeiGPUpy310/lib/python3.10/runpy.py", line 196, in _run_module_as_main
    return _run_code(code, main_globals, None,
  File "/eos/user/e/ebornand/envs/conda_envs/envs/dfeiGPUpy310/lib/python3.10/runpy.py", line 86, in _run_code
    exec(code, run_globals)
  File "/afs/cern.ch/user/e/ebornand/DFEI_HGNN/weighted_MP_gnn/scripts/train.py", line 94, in <module>
    trainer.train(epochs = epochs, learning_rate = learning_rate,
  File "/afs/cern.ch/user/e/ebornand/DFEI_HGNN/weighted_MP_gnn/wmpgnn/trainers/neutrals_hetero_gnn_trainer.py", line 292, in train
    val_metrics = self.eval_one_epoch(train=False)
  File "/afs/cern.ch/user/e/ebornand/DFEI_HGNN/weighted_MP_gnn/wmpgnn/trainers/neutrals_hetero_gnn_trainer.py", line 134, in eval_one_epoch
    outputs = self.model(data)
  File "/eos/user/e/ebornand/envs/conda_envs/envs/dfeiGPUpy310/lib/python3.10/site-packages/torch/nn/modules/module.py", line 1553, in _wrapped_call_impl
    return self._call_impl(*args, **kwargs)
  File "/eos/user/e/ebornand/envs/conda_envs/envs/dfeiGPUpy310/lib/python3.10/site-packages/torch/nn/modules/module.py", line 1562, in _call_impl
    return forward_call(*args, **kwargs)
  File "/afs/cern.ch/user/e/ebornand/DFEI_HGNN/weighted_MP_gnn/wmpgnn/model/neutrals_hetero_gnn_model.py", line 103, in forward
    latent = core(latent)
  File "/eos/user/e/ebornand/envs/conda_envs/envs/dfeiGPUpy310/lib/python3.10/site-packages/torch/nn/modules/module.py", line 1553, in _wrapped_call_impl
    return self._call_impl(*args, **kwargs)
  File "/eos/user/e/ebornand/envs/conda_envs/envs/dfeiGPUpy310/lib/python3.10/site-packages/torch/nn/modules/module.py", line 1562, in _call_impl
    return forward_call(*args, **kwargs)
  File "/afs/cern.ch/user/e/ebornand/DFEI_HGNN/weighted_MP_gnn/wmpgnn/gnn/neutrals_hetero_graph_network.py", line 136, in forward
    global_input = self._node_block(node_input, self.edge_weights)
  File "/eos/user/e/ebornand/envs/conda_envs/envs/dfeiGPUpy310/lib/python3.10/site-packages/torch/nn/modules/module.py", line 1553, in _wrapped_call_impl
    return self._call_impl(*args, **kwargs)
  File "/eos/user/e/ebornand/envs/conda_envs/envs/dfeiGPUpy310/lib/python3.10/site-packages/torch/nn/modules/module.py", line 1562, in _call_impl
    return forward_call(*args, **kwargs)
  File "/afs/cern.ch/user/e/ebornand/DFEI_HGNN/weighted_MP_gnn/wmpgnn/blocks/hetero_node_block.py", line 65, in forward
    updated_nodes = self._node_models[node_type](collected_nodes, graph[node_type].batch)
  File "/eos/user/e/ebornand/envs/conda_envs/envs/dfeiGPUpy310/lib/python3.10/site-packages/torch/nn/modules/module.py", line 1553, in _wrapped_call_impl
    return self._call_impl(*args, **kwargs)
  File "/eos/user/e/ebornand/envs/conda_envs/envs/dfeiGPUpy310/lib/python3.10/site-packages/torch/nn/modules/module.py", line 1562, in _call_impl
    return forward_call(*args, **kwargs)
  File "/eos/user/e/ebornand/envs/conda_envs/envs/dfeiGPUpy310/lib/python3.10/site-packages/torch_geometric/nn/models/mlp.py", line 239, in forward
    x = self.act(x)
  File "/eos/user/e/ebornand/envs/conda_envs/envs/dfeiGPUpy310/lib/python3.10/site-packages/torch/nn/modules/module.py", line 1553, in _wrapped_call_impl
    return self._call_impl(*args, **kwargs)
  File "/eos/user/e/ebornand/envs/conda_envs/envs/dfeiGPUpy310/lib/python3.10/site-packages/torch/nn/modules/module.py", line 1562, in _call_impl
    return forward_call(*args, **kwargs)
  File "/eos/user/e/ebornand/envs/conda_envs/envs/dfeiGPUpy310/lib/python3.10/site-packages/torch/nn/modules/activation.py", line 104, in forward
    return F.relu(input, inplace=self.inplace)
  File "/eos/user/e/ebornand/envs/conda_envs/envs/dfeiGPUpy310/lib/python3.10/site-packages/torch/nn/functional.py", line 1500, in relu
    result = torch.relu(input)
torch.OutOfMemoryError: CUDA out of memory. Tried to allocate 2.00 MiB. GPU 0 has a total capacity of 93.00 GiB of which 2.12 MiB is free. Process 2847558 has 92.99 GiB memory in use. Of the allocated memory 91.63 GiB is allocated by PyTorch, and 661.08 MiB is reserved by PyTorch but unallocated. If reserved but unallocated memory is large try setting PYTORCH_CUDA_ALLOC_CONF=expandable_segments:True to avoid fragmentation.  See documentation for Memory Management  (https://pytorch.org/docs/stable/notes/cuda.html#environment-variables)
