000 (17503859.000.000) 06/04 11:02:02 Job submitted from host: <137.138.76.70:9618?addrs=137.138.76.70-9618+[2001-1458-d00-1c--49]-9618&alias=bigbird11.cern.ch&noUDP&sock=schedd_4988_ee7c>
...
040 (17503859.000.000) 06/04 11:02:52 Started transferring input files
	Transferring to host: <128.142.241.88:9618?addrs=128.142.241.88-9618+[2001-1458-301-ce--100-183]-9618&alias=b9g47n2314.cern.ch&noUDP&sock=slot1_1_17886_0e10_13467>
...
040 (17503859.000.000) 06/04 11:02:52 Finished transferring input files
...
001 (17503859.000.000) 06/04 11:02:53 Job executing on host: <128.142.241.88:9618?addrs=128.142.241.88-9618+[2001-1458-301-ce--100-183]-9618&alias=b9g47n2314.cern.ch&noUDP&sock=startd_17228_8db3>
	SlotName: slot1_1@b9g47n2314.cern.ch
	AvailableGPUs = { GPUs_GPU_3d41bc53,GPUs_GPU_87fbff5c,GPUs_GPU_6f3c1fe7 }
	CondorScratchDir = "/pool/condor/dir_2201216"
	Cpus = 3
	Disk = 2048
	GPUs = 3
	GPUs_GPU_3d41bc53 = [ GlobalMemoryMb = 32494; MaxSupportedVersion = 12040; DriverVersion = 12.4; ComputeUnits = 80; ECCEnabled = true; DeviceUuid = "3d41bc53-1e61-dbf2-2a1c-0eafae9e0a08"; DeviceName = "Tesla V100-PCIE-32GB"; CoresPerCU = 64; ClockMhz = 1380.0; DevicePciBusId = "0000:07:00.0"; Capability = 7.0; Id = "GPU-3d41bc53" ]
	GPUs_GPU_6f3c1fe7 = [ GlobalMemoryMb = 32494; MaxSupportedVersion = 12040; DriverVersion = 12.4; ComputeUnits = 80; ECCEnabled = true; DeviceUuid = "6f3c1fe7-a575-204d-1479-163ce2216a41"; DeviceName = "Tesla V100-PCIE-32GB"; CoresPerCU = 64; ClockMhz = 1380.0; DevicePciBusId = "0000:09:00.0"; Capability = 7.0; Id = "GPU-6f3c1fe7" ]
	GPUs_GPU_87fbff5c = [ GlobalMemoryMb = 32494; MaxSupportedVersion = 12040; DriverVersion = 12.4; ComputeUnits = 80; ECCEnabled = true; DeviceUuid = "87fbff5c-ea15-4fbe-be76-ca4230812939"; DeviceName = "Tesla V100-PCIE-32GB"; CoresPerCU = 64; ClockMhz = 1380.0; DevicePciBusId = "0000:08:00.0"; Capability = 7.0; Id = "GPU-87fbff5c" ]
	Memory = 9000
...
006 (17503859.000.000) 06/04 11:03:06 Image size of job updated: 7676
	8  -  MemoryUsage of job (MB)
	7676  -  ResidentSetSize of job (KB)
...
006 (17503859.000.000) 06/04 11:08:06 Image size of job updated: 367976
	357  -  MemoryUsage of job (MB)
	365384  -  ResidentSetSize of job (KB)
...
040 (17503859.000.000) 06/04 11:08:19 Started transferring output files
...
040 (17503859.000.000) 06/04 11:08:19 Finished transferring output files
...
005 (17503859.000.000) 06/04 11:08:19 Job terminated.
	(1) Normal termination (return value 1)
		Usr 0 00:00:07, Sys 0 00:00:06  -  Run Remote Usage
		Usr 0 00:00:00, Sys 0 00:00:00  -  Run Local Usage
		Usr 0 00:00:07, Sys 0 00:00:06  -  Total Remote Usage
		Usr 0 00:00:00, Sys 0 00:00:00  -  Total Local Usage
	5617  -  Run Bytes Sent By Job
	543  -  Run Bytes Received By Job
	5617  -  Total Bytes Sent By Job
	543  -  Total Bytes Received By Job
	Partitionable Resources :    Usage  Request Allocated Assigned
	   Cpus                 :     0.12        3         3 
	   Disk (KB)            :    37           1      2048 
	   Gpus (Average)       :                 3         3 "GPU-3d41bc53,GPU-87fbff5c,GPU-6f3c1fe7"
	   Memory (MB)          :   357        9000      9000 

	Job terminated of its own accord at 2025-06-04T09:08:19Z with exit-code 1.
...
