000 (17760618.000.000) 08/13 14:38:43 Job submitted from host: <137.138.76.70:9618?addrs=137.138.76.70-9618+[2001-1458-d00-1c--49]-9618&alias=bigbird11.cern.ch&noUDP&sock=schedd_590795_cee9>
...
040 (17760618.000.000) 08/13 14:40:29 Started transferring input files
	Transferring to host: <188.184.195.219:9618?addrs=188.184.195.219-9618+[2001-1458-301-72--100-414]-9618&alias=b9g47n1151.cern.ch&noUDP&sock=slot1_1_8615_cbf7_33309>
...
040 (17760618.000.000) 08/13 14:40:29 Finished transferring input files
...
001 (17760618.000.000) 08/13 14:40:30 Job executing on host: <188.184.195.219:9618?addrs=188.184.195.219-9618+[2001-1458-301-72--100-414]-9618&alias=b9g47n1151.cern.ch&noUDP&sock=startd_8559_572f>
	SlotName: slot1_1@b9g47n1151.cern.ch
	AvailableGPUs = { GPUs_GPU_d925906f }
	CondorScratchDir = "/pool/condor/dir_3757316"
	Cpus = 4
	Disk = 2048
	GPUs = 1
	GPUs_GPU_d925906f = [ GlobalMemoryMb = 32494; MaxSupportedVersion = 12090; DriverVersion = 12.9; ComputeUnits = 80; ECCEnabled = true; DeviceUuid = "d925906f-2649-02e9-1ed9-87f34507ad8c"; DeviceName = "Tesla V100S-PCIE-32GB"; CoresPerCU = 64; ClockMhz = 1597.0; DevicePciBusId = "0000:07:00.0"; Capability = 7.0; Id = "GPU-d925906f" ]
	Memory = 12000
...
006 (17760618.000.000) 08/13 14:40:43 Image size of job updated: 32388
	3  -  MemoryUsage of job (MB)
	3004  -  ResidentSetSize of job (KB)
...
006 (17760618.000.000) 08/13 14:45:43 Image size of job updated: 4130480
	4034  -  MemoryUsage of job (MB)
	4130480  -  ResidentSetSize of job (KB)
...
006 (17760618.000.000) 08/13 14:50:44 Image size of job updated: 12747612
	12243  -  MemoryUsage of job (MB)
	12536304  -  ResidentSetSize of job (KB)
...
006 (17760618.000.000) 08/13 14:55:45 Image size of job updated: 12747612
	12243  -  MemoryUsage of job (MB)
	12536308  -  ResidentSetSize of job (KB)
...
040 (17760618.000.000) 08/13 14:56:13 Started transferring output files
...
040 (17760618.000.000) 08/13 14:56:13 Finished transferring output files
...
005 (17760618.000.000) 08/13 14:56:13 Job terminated.
	(1) Normal termination (return value 0)
		Usr 0 00:04:25, Sys 0 00:00:41  -  Run Remote Usage
		Usr 0 00:00:00, Sys 0 00:00:00  -  Run Local Usage
		Usr 0 00:04:25, Sys 0 00:00:41  -  Total Remote Usage
		Usr 0 00:00:00, Sys 0 00:00:00  -  Total Local Usage
	18225  -  Run Bytes Sent By Job
	558  -  Run Bytes Received By Job
	18225  -  Total Bytes Sent By Job
	558  -  Total Bytes Received By Job
	Partitionable Resources :    Usage  Request Allocated Assigned
	   Cpus                 :     0.92        4         4 
	   Disk (KB)            :    48           1      2048 
	   Gpus (Average)       :     0.04        1         1 "GPU-d925906f"
	   GpusMemory (MB)      :  9424                       
	   Memory (MB)          : 12243       12000     12000 

	Job terminated of its own accord at 2025-08-13T12:56:13Z with exit-code 0.
...
