Failed to initialize NVML: Driver/library version mismatch
NVML library version: 550.163
Loading Config
Loading Dataset neutrals
Using 90000 events for training
Using 10732 events for validation
creating custom datasets...
Data loader created
Generating graphs from scratch...
Processed 0 events in 0.01s, avg 0.01s/event
Generating graphs from scratch...
Event 0...
Event 25...
Event 50...
Event 75...
Saving chunk 0 to /eos/user/e/ebornand/DFEI/FullMC/npy_array/graphs/val_graphs/events_00000_to_00099_val.pt with 87 events
Event 100...
Event 125...
Event 150...
Event 175...
Saving chunk 1 to /eos/user/e/ebornand/DFEI/FullMC/npy_array/graphs/val_graphs/events_00100_to_00199_val.pt with 78 events
Event 200...
Event 225...
Event 250...
Event 275...
Saving chunk 2 to /eos/user/e/ebornand/DFEI/FullMC/npy_array/graphs/val_graphs/events_00200_to_00299_val.pt with 79 events
Event 300...
Event 325...
Event 350...
Event 375...
Saving chunk 3 to /eos/user/e/ebornand/DFEI/FullMC/npy_array/graphs/val_graphs/events_00300_to_00399_val.pt with 88 events
Event 400...
Event 425...
Event 450...
Event 475...
Saving chunk 4 to /eos/user/e/ebornand/DFEI/FullMC/npy_array/graphs/val_graphs/events_00400_to_00499_val.pt with 79 events
Event 500...
Event 525...
Event 550...
Event 575...
Saving chunk 5 to /eos/user/e/ebornand/DFEI/FullMC/npy_array/graphs/val_graphs/events_00500_to_00599_val.pt with 80 events
Event 600...
Event 625...
Event 650...
Event 675...
Saving chunk 6 to /eos/user/e/ebornand/DFEI/FullMC/npy_array/graphs/val_graphs/events_00600_to_00699_val.pt with 87 events
Event 700...
Event 725...
Saving chunk 7 to /eos/user/e/ebornand/DFEI/FullMC/npy_array/graphs/val_graphs/events_00700_to_00731_val.pt with 25 events
Processed 603 events in 161.00s, avg 0.27s/event
Generating graphs from scratch...
Processed 0 events in 0.00s, avg 0.00s/event
Initializing model neutral_heterognn
