Loading Config
Loading Dataset neutrals
Using 20000 events for training
Using 4000 events for validation
creating custom datasets...
Data loader created
Loading preprocessed graphs for split train
Loaded 17110 graphs from cache in 200 files (in 28.47s).
Loading preprocessed graphs for split val
Loaded 3404 graphs from cache in 40 files (in 5.04s).
Loading preprocessed graphs for split test
Loaded 0 graphs from cache in 0 files (in 0.00s).
Initializing model neutral_heterognn
Training model
Weights :tensor([ 0.5101, 25.3414])
Use logits False
Checkpoint path: outputs/Final_neutrals_4block_20_epochs_message_passing_BCE/
Running 20 epochs with learning rate 0.001
[10:54:27]  At epoch 0
  batch 267 last_batch 267 loss: 1.2535476756006592
  batch 53 last_batch 53 loss: 1.2261425639098544
Train Loss: 1.253548
Val Loss: 1.226143
Train Acc: 0.5803600549697876 +/- 0.0921812504529953
Val Acc: 0.5191723108291626 +/- 0.03999212011694908
Train Eff: 0.6663804650306702 +/- 0.08568288385868073
Val Eff: 0.7536537051200867 +/- 0.06426669657230377
Train Rej: 0.5785878896713257 +/- 0.09522266685962677
Val Rej: 0.5144757628440857 +/- 0.041732508689165115
[10:54:48]  At epoch 1
  batch 267 last_batch 267 loss: 1.2000149095549566
  batch 53 last_batch 53 loss: 1.1977666031639531
Train Loss: 1.200015
Val Loss: 1.197767
Train Acc: 0.6191487312316895 +/- 0.07542330026626587
Val Acc: 0.5549336671829224 +/- 0.033298369497060776
Train Eff: 0.6825331449508667 +/- 0.10250961035490036
Val Eff: 0.7463604807853699 +/- 0.06146145239472389
Train Rej: 0.6178110837936401 +/- 0.07862302660942078
Val Rej: 0.5511158108711243 +/- 0.03462551534175873
[10:55:05]  At epoch 2
  batch 267 last_batch 267 loss: 1.1586118909750092
  batch 53 last_batch 53 loss: 1.1408910773835093
Train Loss: 1.158612
Val Loss: 1.140891
Train Acc: 0.6673105359077454 +/- 0.07819830626249313
Val Acc: 0.610210657119751 +/- 0.028699252754449844
Train Eff: 0.6756756901741028 +/- 0.10373162478208542
Val Eff: 0.7450718283653259 +/- 0.059278879314661026
Train Rej: 0.6670222878456116 +/- 0.08142898976802826
Val Rej: 0.6074869632720947 +/- 0.02992836944758892
[10:55:21]  At epoch 3
  batch 267 last_batch 267 loss: 1.1097129424859522
  batch 53 last_batch 53 loss: 1.0923819676885065
Train Loss: 1.109713
Val Loss: 1.092382
Train Acc: 0.6900202631950378 +/- 0.0527261346578598
Val Acc: 0.7149675488471985 +/- 0.0252729170024395
Train Eff: 0.7023205757141113 +/- 0.07862292230129242
Val Eff: 0.6934096217155457 +/- 0.06493128091096878
Train Rej: 0.6897173523902893 +/- 0.05480097606778145
Val Rej: 0.7153152823448181 +/- 0.026427553966641426
[10:55:37]  At epoch 4
  batch 267 last_batch 267 loss: 1.0929706942722592
  batch 53 last_batch 53 loss: 1.08408984823047
Train Loss: 1.092971
Val Loss: 1.084090
Train Acc: 0.6949485540390015 +/- 0.04491451755166054
Val Acc: 0.663429856300354 +/- 0.026235535740852356
Train Eff: 0.7146841883659363 +/- 0.07491998374462128
Val Eff: 0.7520373463630676 +/- 0.055851325392723083
Train Rej: 0.6944898962974548 +/- 0.046719737350940704
Val Rej: 0.6616273522377014 +/- 0.027157699689269066
[10:55:54]  At epoch 5
  batch 267 last_batch 267 loss: 1.0856656443313712
  batch 53 last_batch 53 loss: 1.0873855566078763
Train Loss: 1.085666
Val Loss: 1.087386
Train Acc: 0.6976320743560791 +/- 0.040994830429553986
Val Acc: 0.6464513540267944 +/- 0.026862282305955887
Train Eff: 0.7167875170707703 +/- 0.07185888290405273
Val Eff: 0.76225745677948 +/- 0.05588781088590622
Train Rej: 0.6971921324729919 +/- 0.04256685823202133
Val Rej: 0.6441077589988708 +/- 0.027845175936818123
[10:56:11]  At epoch 6
  batch 267 last_batch 267 loss: 1.0824605516726604
  batch 53 last_batch 53 loss: 1.08271416853059
Train Loss: 1.082461
Val Loss: 1.082714
Train Acc: 0.7023687958717346 +/- 0.03857063129544258
Val Acc: 0.6684699058532715 +/- 0.027143454179167747
Train Eff: 0.7169071435928345 +/- 0.06891901791095734
Val Eff: 0.7479144334793091 +/- 0.05470436438918114
Train Rej: 0.7020230293273926 +/- 0.040056727826595306
Val Rej: 0.6668435335159302 +/- 0.02806711196899414
Saving checkpoint at epoch 6
Checkpoint saved to outputs/Final_neutrals_4block_20_epochs_message_passing_BCE/checkpoint_6.pt
[10:56:27]  At epoch 7
  batch 267 last_batch 267 loss: 1.0771673165457079
  batch 53 last_batch 53 loss: 1.0782113322671854
Train Loss: 1.077167
Val Loss: 1.078211
Train Acc: 0.7017910480499268 +/- 0.03674975782632828
Val Acc: 0.719405472278595 +/- 0.02454471029341221
Train Eff: 0.7218245267868042 +/- 0.07091759145259857
Val Eff: 0.7003898620605469 +/- 0.06080981343984604
Train Rej: 0.7013426423072815 +/- 0.03829968720674515
Val Rej: 0.7197242379188538 +/- 0.025429189205169678
[10:56:44]  At epoch 8
  batch 267 last_batch 267 loss: 1.0757687855302618
  batch 53 last_batch 53 loss: 1.0766351965238463
Train Loss: 1.075769
Val Loss: 1.076635
Train Acc: 0.7056887745857239 +/- 0.034193627536296844
Val Acc: 0.6859461665153503 +/- 0.02713632583618164
Train Eff: 0.7184012532234192 +/- 0.06635773181915283
Val Eff: 0.7364461421966553 +/- 0.057697102427482605
Train Rej: 0.7053797841072083 +/- 0.03555002808570862
Val Rej: 0.6848944425582886 +/- 0.028107590973377228
[10:57:01]  At epoch 9
  batch 267 last_batch 267 loss: 1.0832495231753432
  batch 53 last_batch 53 loss: 1.0774181361468333
Train Loss: 1.083250
Val Loss: 1.077418
Train Acc: 0.6978931427001953 +/- 0.05184822902083397
Val Acc: 0.7053909301757812 +/- 0.025035511702299118
Train Eff: 0.7172735929489136 +/- 0.07210468500852585
Val Eff: 0.7146013975143433 +/- 0.06258236616849899
Train Rej: 0.6974681615829468 +/- 0.05369455739855766
Val Rej: 0.7051471471786499 +/- 0.02605978026986122
[10:57:17]  At epoch 10
  batch 267 last_batch 267 loss: 1.0731454868888142
  batch 53 last_batch 53 loss: 1.0773661968842991
Train Loss: 1.073145
Val Loss: 1.077366
Train Acc: 0.7050821185112 +/- 0.03405807167291641
Val Acc: 0.7331867814064026 +/- 0.02444794401526451
Train Eff: 0.7200999855995178 +/- 0.06747517734766006
Val Eff: 0.6860777735710144 +/- 0.05906164273619652
Train Rej: 0.7047273516654968 +/- 0.03549912944436073
Val Rej: 0.7340549230575562 +/- 0.02531847171485424
[10:57:34]  At epoch 11
  batch 267 last_batch 267 loss: 1.0699301299530914
  batch 53 last_batch 53 loss: 1.0749027099249497
Train Loss: 1.069930
Val Loss: 1.074903
Train Acc: 0.701514720916748 +/- 0.03368717059493065
Val Acc: 0.708698570728302 +/- 0.02455747500061989
Train Eff: 0.726765513420105 +/- 0.0657937079668045
Val Eff: 0.7139632105827332 +/- 0.059238214045763016
Train Rej: 0.7009516358375549 +/- 0.0350785106420517
Val Rej: 0.7085373997688293 +/- 0.02541019394993782
[10:57:50]  At epoch 12
  batch 267 last_batch 267 loss: 1.0672791493072937
  batch 53 last_batch 53 loss: 1.0724840434092395
Train Loss: 1.067279
Val Loss: 1.072484
Train Acc: 0.7019016742706299 +/- 0.03435545787215233
Val Acc: 0.7283365726470947 +/- 0.023874556645751
Train Eff: 0.7271807193756104 +/- 0.06620392948389053
Val Eff: 0.692262589931488 +/- 0.059206705540418625
Train Rej: 0.7013410329818726 +/- 0.035811882466077805
Val Rej: 0.7289938926696777 +/- 0.02466350793838501
Saving checkpoint at epoch 12
Checkpoint saved to outputs/Final_neutrals_4block_20_epochs_message_passing_BCE/checkpoint_12.pt
[10:58:07]  At epoch 13
  batch 267 last_batch 267 loss: 1.0664519321605954
  batch 53 last_batch 53 loss: 1.0752272932034619
Train Loss: 1.066452
Val Loss: 1.075227
Train Acc: 0.7060098052024841 +/- 0.03546576201915741
Val Acc: 0.7206968665122986 +/- 0.02397431991994381
Train Eff: 0.7243673205375671 +/- 0.06787748634815216
Val Eff: 0.7019208669662476 +/- 0.059356629848480225
Train Rej: 0.7055836319923401 +/- 0.036898866295814514
Val Rej: 0.7210094332695007 +/- 0.02485797181725502
[10:58:24]  At epoch 14
  batch 267 last_batch 267 loss: 1.067351982388157
  batch 53 last_batch 53 loss: 1.0737020530790653
Train Loss: 1.067352
Val Loss: 1.073702
Train Acc: 0.7025140523910522 +/- 0.035993967205286026
Val Acc: 0.7417911291122437 +/- 0.023785345256328583
Train Eff: 0.7265108823776245 +/- 0.06936810165643692
Val Eff: 0.6800498366355896 +/- 0.05571165680885315
Train Rej: 0.7019839286804199 +/- 0.037497829645872116
Val Rej: 0.7429501414299011 +/- 0.024667978286743164
[10:58:41]  At epoch 15
  batch 267 last_batch 267 loss: 1.0667745660753285
  batch 53 last_batch 53 loss: 1.0753613103110835
Train Loss: 1.066775
Val Loss: 1.075361
Train Acc: 0.7021331191062927 +/- 0.03353957086801529
Val Acc: 0.6957051157951355 +/- 0.025742383673787117
Train Eff: 0.7273809909820557 +/- 0.0670744776725769
Val Eff: 0.7296430468559265 +/- 0.0570593886077404
Train Rej: 0.70157790184021 +/- 0.03488801792263985
Val Rej: 0.6949872970581055 +/- 0.026671582832932472
[10:58:58]  At epoch 16
  batch 267 last_batch 267 loss: 1.0652498198805678
  batch 53 last_batch 53 loss: 1.0792079477939966
Train Loss: 1.065250
Val Loss: 1.079208
Train Acc: 0.7032867074012756 +/- 0.0357382670044899
Val Acc: 0.7157562971115112 +/- 0.023862924426794052
Train Eff: 0.7263486385345459 +/- 0.06541281938552856
Val Eff: 0.7057631611824036 +/- 0.05817364156246185
Train Rej: 0.7027632594108582 +/- 0.037139952182769775
Val Rej: 0.7158987522125244 +/- 0.024744084104895592
[10:59:14]  At epoch 17
  batch 267 last_batch 267 loss: 1.063019472338287
  batch 53 last_batch 53 loss: 1.0739541796018492
Train Loss: 1.063019
Val Loss: 1.073954
Train Acc: 0.7059823274612427 +/- 0.03594999015331268
Val Acc: 0.7176558971405029 +/- 0.024903198704123497
Train Eff: 0.7249316573143005 +/- 0.06650298833847046
Val Eff: 0.7055777907371521 +/- 0.060022082179784775
Train Rej: 0.7055538296699524 +/- 0.03736191987991333
Val Rej: 0.7178406119346619 +/- 0.025828341022133827
[10:59:30]  At epoch 18
  batch 267 last_batch 267 loss: 1.0613726000214336
  batch 53 last_batch 53 loss: 1.0722765202792186
Train Loss: 1.061373
Val Loss: 1.072277
Train Acc: 0.704396665096283 +/- 0.031920935958623886
Val Acc: 0.7202803492546082 +/- 0.025160325691103935
Train Eff: 0.7257530689239502 +/- 0.06541073322296143
Val Eff: 0.707412600517273 +/- 0.059043318033218384
Train Rej: 0.7039225101470947 +/- 0.03319825977087021
Val Rej: 0.7204800248146057 +/- 0.026135984808206558
Saving checkpoint at epoch 18
Checkpoint saved to outputs/Final_neutrals_4block_20_epochs_message_passing_BCE/checkpoint_18.pt
[10:59:46]  At epoch 19
  batch 267 last_batch 267 loss: 1.0610827506704723
  batch 53 last_batch 53 loss: 1.078877715569622
Train Loss: 1.061083
Val Loss: 1.078878
Train Acc: 0.7053250074386597 +/- 0.03327842429280281
Val Acc: 0.7159008383750916 +/- 0.023733315989375114
Train Eff: 0.7278712391853333 +/- 0.06418055295944214
Val Eff: 0.7105112671852112 +/- 0.0581248477101326
Train Rej: 0.7048235535621643 +/- 0.034627582877874374
Val Rej: 0.7159566283226013 +/- 0.02464296482503414
Running 2 epochs with learning rate 0.0001
[11:00:03]  At epoch 20
  batch 267 last_batch 267 loss: 1.0487764062506428
  batch 53 last_batch 53 loss: 1.0731579515169252
Train Loss: 1.048776
Val Loss: 1.073158
Train Acc: 0.7108064293861389 +/- 0.024443859234452248
Val Acc: 0.7270775437355042 +/- 0.023513246327638626
Train Eff: 0.7307477593421936 +/- 0.06190057843923569
Val Eff: 0.7070980668067932 +/- 0.05774867534637451
Train Rej: 0.710357666015625 +/- 0.025350043550133705
Val Rej: 0.7274274826049805 +/- 0.02434748038649559
[11:00:20]  At epoch 21
  batch 267 last_batch 267 loss: 1.0447772031419733
  batch 53 last_batch 53 loss: 1.072014310449924
Train Loss: 1.044777
Val Loss: 1.072014
Train Acc: 0.7098080515861511 +/- 0.024886026978492737
Val Acc: 0.7255040407180786 +/- 0.024316351860761642
Train Eff: 0.7339105010032654 +/- 0.06108558550477028
Val Eff: 0.7091605067253113 +/- 0.056439004838466644
Train Rej: 0.7092750072479248 +/- 0.02582022175192833
Val Rej: 0.7257806062698364 +/- 0.025131303817033768
Training finished. Saving model in Final_neutrals_4block_20_epochs_message_passing_BCE.pt
Checkpoint saved to outputs/Final_neutrals_4block_20_epochs_message_passing_BCE/Final_neutrals_4block_20_epochs_message_passing_BCE.pt
Saving config file as txt file
