000 (17505962.000.000) 06/04 14:23:11 Job submitted from host: <137.138.76.70:9618?addrs=137.138.76.70-9618+[2001-1458-d00-1c--49]-9618&alias=bigbird11.cern.ch&noUDP&sock=schedd_4988_ee7c>
...
040 (17505962.000.000) 06/04 14:23:44 Started transferring input files
	Transferring to host: <188.184.195.156:9618?addrs=188.184.195.156-9618+[2001-1458-301-72--100-74]-9618&alias=b9g47n2206.cern.ch&noUDP&sock=slot1_1_24930_30af_5241>
...
040 (17505962.000.000) 06/04 14:23:44 Finished transferring input files
...
001 (17505962.000.000) 06/04 14:23:45 Job executing on host: <188.184.195.156:9618?addrs=188.184.195.156-9618+[2001-1458-301-72--100-74]-9618&alias=b9g47n2206.cern.ch&noUDP&sock=startd_24620_d9c5>
	SlotName: slot1_1@b9g47n2206.cern.ch
	AvailableGPUs = { GPUs_GPU_8692f1ae }
	CondorScratchDir = "/pool/condor/dir_1679635"
	Cpus = 3
	Disk = 2048
	GPUs = 1
	GPUs_GPU_8692f1ae = [ GlobalMemoryMb = 32494; MaxSupportedVersion = 12090; DriverVersion = 12.9; ComputeUnits = 80; ECCEnabled = true; DeviceUuid = "8692f1ae-2f64-25cc-077a-fccf8f069c06"; DeviceName = "Tesla V100S-PCIE-32GB"; CoresPerCU = 64; ClockMhz = 1597.0; DevicePciBusId = "0000:07:00.0"; Capability = 7.0; Id = "GPU-8692f1ae" ]
	Memory = 9000
...
006 (17505962.000.000) 06/04 14:23:59 Image size of job updated: 7736
	8  -  MemoryUsage of job (MB)
	7736  -  ResidentSetSize of job (KB)
...
006 (17505962.000.000) 06/04 14:29:00 Image size of job updated: 345144
	338  -  MemoryUsage of job (MB)
	345144  -  ResidentSetSize of job (KB)
...
006 (17505962.000.000) 06/04 14:34:01 Image size of job updated: 369644
	361  -  MemoryUsage of job (MB)
	369644  -  ResidentSetSize of job (KB)
...
006 (17505962.000.000) 06/04 14:39:01 Image size of job updated: 370148
	362  -  MemoryUsage of job (MB)
	370148  -  ResidentSetSize of job (KB)
...
006 (17505962.000.000) 06/04 14:44:01 Image size of job updated: 370668
	362  -  MemoryUsage of job (MB)
	370668  -  ResidentSetSize of job (KB)
...
006 (17505962.000.000) 06/04 14:49:02 Image size of job updated: 371084
	363  -  MemoryUsage of job (MB)
	371084  -  ResidentSetSize of job (KB)
...
006 (17505962.000.000) 06/04 14:54:02 Image size of job updated: 371512
	363  -  MemoryUsage of job (MB)
	371512  -  ResidentSetSize of job (KB)
...
006 (17505962.000.000) 06/04 14:59:02 Image size of job updated: 372896
	365  -  MemoryUsage of job (MB)
	372896  -  ResidentSetSize of job (KB)
...
006 (17505962.000.000) 06/04 15:04:03 Image size of job updated: 375872
	368  -  MemoryUsage of job (MB)
	375872  -  ResidentSetSize of job (KB)
...
006 (17505962.000.000) 06/04 15:09:04 Image size of job updated: 376420
	368  -  MemoryUsage of job (MB)
	376420  -  ResidentSetSize of job (KB)
...
006 (17505962.000.000) 06/04 15:14:04 Image size of job updated: 376920
	369  -  MemoryUsage of job (MB)
	376920  -  ResidentSetSize of job (KB)
...
006 (17505962.000.000) 06/04 15:19:05 Image size of job updated: 377456
	369  -  MemoryUsage of job (MB)
	377456  -  ResidentSetSize of job (KB)
...
006 (17505962.000.000) 06/04 15:24:06 Image size of job updated: 378044
	369  -  MemoryUsage of job (MB)
	377548  -  ResidentSetSize of job (KB)
...
040 (17505962.000.000) 06/04 15:24:09 Started transferring output files
...
040 (17505962.000.000) 06/04 15:24:09 Finished transferring output files
...
009 (17505962.000.000) 06/04 15:24:09 Job was aborted.
	Job removed by SYSTEM_PERIODIC_REMOVE due to wall time exceeded allowed max.
...
