000 (17506658.000.000) 06/04 15:47:44 Job submitted from host: <137.138.76.70:9618?addrs=137.138.76.70-9618+[2001-1458-d00-1c--49]-9618&alias=bigbird11.cern.ch&noUDP&sock=schedd_4988_ee7c>
...
040 (17506658.000.000) 06/04 15:48:43 Started transferring input files
	Transferring to host: <188.184.195.156:9618?addrs=188.184.195.156-9618+[2001-1458-301-72--100-74]-9618&alias=b9g47n2206.cern.ch&noUDP&sock=slot1_1_24930_30af_5285>
...
040 (17506658.000.000) 06/04 15:48:43 Finished transferring input files
...
001 (17506658.000.000) 06/04 15:48:44 Job executing on host: <188.184.195.156:9618?addrs=188.184.195.156-9618+[2001-1458-301-72--100-74]-9618&alias=b9g47n2206.cern.ch&noUDP&sock=startd_24620_d9c5>
	SlotName: slot1_1@b9g47n2206.cern.ch
	AvailableGPUs = { GPUs_GPU_8692f1ae }
	CondorScratchDir = "/pool/condor/dir_1700856"
	Cpus = 3
	Disk = 2048
	GPUs = 1
	GPUs_GPU_8692f1ae = [ GlobalMemoryMb = 32494; MaxSupportedVersion = 12090; DriverVersion = 12.9; ComputeUnits = 80; ECCEnabled = true; DeviceUuid = "8692f1ae-2f64-25cc-077a-fccf8f069c06"; DeviceName = "Tesla V100S-PCIE-32GB"; CoresPerCU = 64; ClockMhz = 1597.0; DevicePciBusId = "0000:07:00.0"; Capability = 7.0; Id = "GPU-8692f1ae" ]
	Memory = 9000
...
006 (17506658.000.000) 06/04 15:48:58 Image size of job updated: 9764
	10  -  MemoryUsage of job (MB)
	9764  -  ResidentSetSize of job (KB)
...
006 (17506658.000.000) 06/04 15:53:59 Image size of job updated: 443928
	431  -  MemoryUsage of job (MB)
	440564  -  ResidentSetSize of job (KB)
...
006 (17506658.000.000) 06/04 15:56:27 Image size of job updated: 865764
	431  -  MemoryUsage of job (MB)
	440564  -  ResidentSetSize of job (KB)
...
040 (17506658.000.000) 06/04 15:56:27 Started transferring output files
...
040 (17506658.000.000) 06/04 15:56:27 Finished transferring output files
...
005 (17506658.000.000) 06/04 15:56:27 Job terminated.
	(1) Normal termination (return value 1)
		Usr 0 00:01:18, Sys 0 00:00:07  -  Run Remote Usage
		Usr 0 00:00:00, Sys 0 00:00:00  -  Run Local Usage
		Usr 0 00:01:18, Sys 0 00:00:07  -  Total Remote Usage
		Usr 0 00:00:00, Sys 0 00:00:00  -  Total Local Usage
	9732  -  Run Bytes Sent By Job
	543  -  Run Bytes Received By Job
	9732  -  Total Bytes Sent By Job
	543  -  Total Bytes Received By Job
	Partitionable Resources :    Usage  Request Allocated Assigned
	   Cpus                 :        0        3         3 
	   Disk (KB)            :       40        1      2048 
	   Gpus (Average)       :                 1         1 "GPU-8692f1ae"
	   Memory (MB)          :      431     9000      9000 

	Job terminated of its own accord at 2025-06-04T13:56:27Z with exit-code 1.
...
