Loading Config
Loading Dataset neutrals
Using 50000 events for training
Using 5000 events for validation
creating custom datasets...
Data loader created
Loading preprocessed graphs for split train
Loaded 42701 graphs from cache in 500 files (in 51.58s).
Loading preprocessed graphs for split val
Loaded 4237 graphs from cache in 50 files (in 5.78s).
Loading preprocessed graphs for split test
Loaded 0 graphs from cache in 0 files (in 0.00s).
Initializing model neutral_heterognn
Training model
Weights :tensor([ 0.5101, 25.2727])
Use logits False
Checkpoint path: outputs/Final_neutrals_6block_50_epochs_message_passing_BCE/
Running 50 epochs with learning rate 0.001
[17:09:32]  At epoch 0
  batch 667 last_batch 667 loss: 1.204533072962039
  batch 66 last_batch 66 loss: 1.2526938879128657
Train Loss: 1.204533
Val Loss: 1.252694
Train Acc: 0.6384288668632507 +/- 0.050948482006788254
Val Acc: 0.6943071484565735 +/- 0.03836451843380928
Train Eff: 0.6617671251296997 +/- 0.07837208360433578
Val Eff: 0.53609699010849 +/- 0.0934336930513382
Train Rej: 0.6379557251930237 +/- 0.05250101163983345
Val Rej: 0.6973254084587097 +/- 0.04020116850733757
[17:10:32]  At epoch 1
  batch 667 last_batch 667 loss: 1.1177555310136376
  batch 66 last_batch 66 loss: 1.1064511248559663
Train Loss: 1.117756
Val Loss: 1.106451
Train Acc: 0.686854898929596 +/- 0.06510516256093979
Val Acc: 0.7597627639770508 +/- 0.019729793071746826
Train Eff: 0.7062790393829346 +/- 0.08553924411535263
Val Eff: 0.6516718864440918 +/- 0.05848783254623413
Train Rej: 0.6864258646965027 +/- 0.06757363677024841
Val Rej: 0.7618187069892883 +/- 0.020440440624952316
[17:11:18]  At epoch 2
  batch 667 last_batch 667 loss: 1.0876118363826528
  batch 66 last_batch 66 loss: 1.0763431344971512
Train Loss: 1.087612
Val Loss: 1.076343
Train Acc: 0.6982619762420654 +/- 0.04647999629378319
Val Acc: 0.749549388885498 +/- 0.021213699132204056
Train Eff: 0.7196038365364075 +/- 0.07297694683074951
Val Eff: 0.6710483431816101 +/- 0.057030752301216125
Train Rej: 0.6977954506874084 +/- 0.04829386621713638
Val Rej: 0.7510226368904114 +/- 0.022005435079336166
[17:12:04]  At epoch 3
  batch 667 last_batch 667 loss: 1.0817487819798883
  batch 66 last_batch 66 loss: 1.077534966396563
Train Loss: 1.081749
Val Loss: 1.077535
Train Acc: 0.7040653228759766 +/- 0.0447562001645565
Val Acc: 0.7722190022468567 +/- 0.020488357171416283
Train Eff: 0.7170727849006653 +/- 0.0728292465209961
Val Eff: 0.6476677656173706 +/- 0.060923293232917786
Train Rej: 0.7037614583969116 +/- 0.04653162136673927
Val Rej: 0.7745885252952576 +/- 0.021325144916772842
[17:12:51]  At epoch 4
  batch 667 last_batch 667 loss: 1.0786801498869192
  batch 66 last_batch 66 loss: 1.0762271339243108
Train Loss: 1.078680
Val Loss: 1.076227
Train Acc: 0.7029864192008972 +/- 0.044497113674879074
Val Acc: 0.7712022066116333 +/- 0.017787566408514977
Train Eff: 0.7209036350250244 +/- 0.07064507901668549
Val Eff: 0.6545972228050232 +/- 0.05851557478308678
Train Rej: 0.7025898694992065 +/- 0.046228282153606415
Val Rej: 0.7734297513961792 +/- 0.018295012414455414
[17:13:37]  At epoch 5
  batch 667 last_batch 667 loss: 1.0781961438180445
  batch 66 last_batch 66 loss: 1.0655683342254523
Train Loss: 1.078196
Val Loss: 1.065568
Train Acc: 0.7043519020080566 +/- 0.048001114279031754
Val Acc: 0.6954659223556519 +/- 0.023735089227557182
Train Eff: 0.7218877673149109 +/- 0.07245612889528275
Val Eff: 0.7336350679397583 +/- 0.054941773414611816
Train Rej: 0.7039559483528137 +/- 0.049863189458847046
Val Rej: 0.6946701407432556 +/- 0.024362603202462196
[17:14:23]  At epoch 6
  batch 667 last_batch 667 loss: 1.0775642764085773
  batch 66 last_batch 66 loss: 1.0675263919613578
Train Loss: 1.077564
Val Loss: 1.067526
Train Acc: 0.7082839012145996 +/- 0.04246363043785095
Val Acc: 0.7466408014297485 +/- 0.021594597026705742
Train Eff: 0.7174025177955627 +/- 0.07162867486476898
Val Eff: 0.6787624955177307 +/- 0.05503205955028534
Train Rej: 0.7080557346343994 +/- 0.04417029395699501
Val Rej: 0.7479079365730286 +/- 0.02229033038020134
[17:15:09]  At epoch 7
  batch 667 last_batch 667 loss: 1.071761581136369
  batch 66 last_batch 66 loss: 1.067636464581345
Train Loss: 1.071762
Val Loss: 1.067636
Train Acc: 0.7076661586761475 +/- 0.039061956107616425
Val Acc: 0.7624549865722656 +/- 0.018891286104917526
Train Eff: 0.7207263708114624 +/- 0.06810087710618973
Val Eff: 0.6653409004211426 +/- 0.057134006172418594
Train Rej: 0.7073555588722229 +/- 0.04056346416473389
Val Rej: 0.7642980813980103 +/- 0.019461730495095253
[17:15:56]  At epoch 8
  batch 667 last_batch 667 loss: 1.07119590607004
  batch 66 last_batch 66 loss: 1.0580366199666804
Train Loss: 1.071196
Val Loss: 1.058037
Train Acc: 0.7042998671531677 +/- 0.0398317314684391
Val Acc: 0.7193506360054016 +/- 0.02129584364593029
Train Eff: 0.7241004109382629 +/- 0.07005525380373001
Val Eff: 0.7126893997192383 +/- 0.055068742483854294
Train Rej: 0.7038558721542358 +/- 0.04146610572934151
Val Rej: 0.7194316387176514 +/- 0.0219049584120512
[17:16:42]  At epoch 9
  batch 667 last_batch 667 loss: 1.07037689383777
  batch 66 last_batch 66 loss: 1.0606020544514512
Train Loss: 1.070377
Val Loss: 1.060602
Train Acc: 0.7069344520568848 +/- 0.03813694790005684
Val Acc: 0.7623902559280396 +/- 0.01847982034087181
Train Eff: 0.7234257459640503 +/- 0.0680491104722023
Val Eff: 0.6660515069961548 +/- 0.05551796033978462
Train Rej: 0.7065552473068237 +/- 0.03961615264415741
Val Rej: 0.7642257809638977 +/- 0.01908111199736595
[17:17:28]  At epoch 10
  batch 667 last_batch 667 loss: 1.0734464977455997
  batch 66 last_batch 66 loss: 1.0594008628166083
Train Loss: 1.073446
Val Loss: 1.059401
Train Acc: 0.708076000213623 +/- 0.040693122893571854
Val Acc: 0.7027320861816406 +/- 0.022709142416715622
Train Eff: 0.7189938426017761 +/- 0.0712483674287796
Val Eff: 0.7304088473320007 +/- 0.053604163229465485
Train Rej: 0.7078254222869873 +/- 0.04231011122465134
Val Rej: 0.7021474838256836 +/- 0.023322930559515953
[17:18:16]  At epoch 11
  batch 667 last_batch 667 loss: 1.0684808283552774
  batch 66 last_batch 66 loss: 1.058762852892731
Train Loss: 1.068481
Val Loss: 1.058763
Train Acc: 0.7076939940452576 +/- 0.03912597522139549
Val Acc: 0.7122358679771423 +/- 0.020995356142520905
Train Eff: 0.7251459956169128 +/- 0.06654815375804901
Val Eff: 0.7207050323486328 +/- 0.05308156460523605
Train Rej: 0.707302451133728 +/- 0.04058343917131424
Val Rej: 0.712019145488739 +/- 0.021557791158556938
[17:19:02]  At epoch 12
  batch 667 last_batch 667 loss: 1.0681501409818028
  batch 66 last_batch 66 loss: 1.0574609149586072
Train Loss: 1.068150
Val Loss: 1.057461
Train Acc: 0.7078308463096619 +/- 0.03952350839972496
Val Acc: 0.7148340344429016 +/- 0.021888492628932
Train Eff: 0.7238776087760925 +/- 0.06907649338245392
Val Eff: 0.7174911499023438 +/- 0.054489314556121826
Train Rej: 0.7074678540229797 +/- 0.04106522351503372
Val Rej: 0.7147302627563477 +/- 0.022554533556103706
[17:19:49]  At epoch 13
  batch 667 last_batch 667 loss: 1.0743650012109234
  batch 66 last_batch 66 loss: 1.056547788959561
Train Loss: 1.074365
Val Loss: 1.056548
Train Acc: 0.7040793895721436 +/- 0.04177026450634003
Val Acc: 0.7375245094299316 +/- 0.020071960985660553
Train Eff: 0.7232934236526489 +/- 0.07172346860170364
Val Eff: 0.694585919380188 +/- 0.05156923830509186
Train Rej: 0.7036494016647339 +/- 0.04334823414683342
Val Rej: 0.7383089065551758 +/- 0.020641660317778587
[17:20:35]  At epoch 14
  batch 667 last_batch 667 loss: 1.067400386308444
  batch 66 last_batch 66 loss: 1.0569681940656719
Train Loss: 1.067400
Val Loss: 1.056968
Train Acc: 0.7048118114471436 +/- 0.038499489426612854
Val Acc: 0.7202368974685669 +/- 0.020856434479355812
Train Eff: 0.7267937660217285 +/- 0.06599662452936172
Val Eff: 0.7133700251579285 +/- 0.051917996257543564
Train Rej: 0.7043200135231018 +/- 0.0399324893951416
Val Rej: 0.7203277945518494 +/- 0.021423526108264923
[17:21:21]  At epoch 15
  batch 667 last_batch 667 loss: 1.0633363765755157
