Loading Config
Loading Dataset neutrals
Using 2000 events for training
Using 1000 events for validation
creating custom datasets...
Data loader created
Loading preprocessed graphs for split train
Loaded 1713 graphs from cache in 20 files (in 2.86s).
Loading preprocessed graphs for split val
Loaded 845 graphs from cache in 10 files (in 1.14s).
Loading preprocessed graphs for split test
Loaded 0 graphs from cache in 0 files (in 0.00s).
Initializing model neutral_heterognn
Training model
Weights :tensor([ 0.5104, 24.5818])
Use logits False
Checkpoint path: outputs/Final_neutrals_3block_10_epochs_message_passing_BCE/
Running 10 epochs with learning rate 0.001
[10:34:31]  At epoch 0
  batch 53 last_batch 53 loss: 1.3327956244630634
  batch 26 last_batch 26 loss: 1.306825734101809
Train Loss: 1.332796
Val Loss: 1.306826
Train Acc: 0.7309398055076599 +/- 0.07934832572937012
Val Acc: 0.6753944158554077 +/- 0.09076696634292603
Train Eff: 0.3830375671386719 +/- 0.18914522230625153
Val Eff: 0.4917205274105072 +/- 0.158559650182724
Train Rej: 0.7382780909538269 +/- 0.08482442051172256
Val Rej: 0.678719162940979 +/- 0.09462227672338486
[10:34:52]  At epoch 1
  batch 53 last_batch 53 loss: 1.3030134641899254
  batch 26 last_batch 26 loss: 1.2890302584721491
Train Loss: 1.303013
Val Loss: 1.289030
Train Acc: 0.6536330580711365 +/- 0.11796814203262329
Val Acc: 0.8342916965484619 +/- 0.052403029054403305
Train Eff: 0.5363656282424927 +/- 0.17027775943279266
Val Eff: 0.3247815668582916 +/- 0.14273704588413239
Train Rej: 0.6561214327812195 +/- 0.12327554076910019
Val Rej: 0.844399094581604 +/- 0.054596658796072006
[10:34:54]  At epoch 2
  batch 53 last_batch 53 loss: 1.2794746115522564
  batch 26 last_batch 26 loss: 1.2727868511126592
Train Loss: 1.279475
Val Loss: 1.272787
Train Acc: 0.6351286768913269 +/- 0.10243940353393555
Val Acc: 0.7635931372642517 +/- 0.04732060059905052
Train Eff: 0.5836123824119568 +/- 0.1656837910413742
Val Eff: 0.42938852310180664 +/- 0.1447569876909256
Train Rej: 0.6361879110336304 +/- 0.10724765062332153
Val Rej: 0.770088791847229 +/- 0.049841295927762985
[10:34:55]  At epoch 3
  batch 53 last_batch 53 loss: 1.2612009948154665
  batch 26 last_batch 26 loss: 1.2680103457891023
Train Loss: 1.261201
Val Loss: 1.268010
Train Acc: 0.6230700612068176 +/- 0.09918022900819778
Val Acc: 0.7416104674339294 +/- 0.0506967231631279
Train Eff: 0.6272342801094055 +/- 0.1538611650466919
Val Eff: 0.4819074869155884 +/- 0.1444891393184662
Train Rej: 0.6229715943336487 +/- 0.10364694148302078
Val Rej: 0.7465614676475525 +/- 0.053512658923864365
Saving checkpoint at epoch 3
Checkpoint saved to outputs/Final_neutrals_3block_10_epochs_message_passing_BCE/checkpoint_3.pt
[10:34:57]  At epoch 4
  batch 53 last_batch 53 loss: 1.257062793902631
  batch 26 last_batch 26 loss: 1.2674712905516992
Train Loss: 1.257063
Val Loss: 1.267471
Train Acc: 0.6223288774490356 +/- 0.09603391587734222
Val Acc: 0.8066114187240601 +/- 0.05002773925662041
Train Eff: 0.6360941529273987 +/- 0.1349729597568512
Val Eff: 0.40001529455184937 +/- 0.14138561487197876
Train Rej: 0.6221022009849548 +/- 0.09990542382001877
Val Rej: 0.8145892024040222 +/- 0.052513428032398224
[10:34:59]  At epoch 5
  batch 53 last_batch 53 loss: 1.24629208726703
  batch 26 last_batch 26 loss: 1.2697281424815838
Train Loss: 1.246292
Val Loss: 1.269728
Train Acc: 0.622626543045044 +/- 0.10073429346084595
Val Acc: 0.8000243306159973 +/- 0.04733655974268913
Train Eff: 0.6420072317123413 +/- 0.13809718191623688
Val Eff: 0.4182855188846588 +/- 0.12336130440235138
Train Rej: 0.6222391128540039 +/- 0.10502822697162628
Val Rej: 0.8075392842292786 +/- 0.04937351867556572
[10:35:01]  At epoch 6
  batch 53 last_batch 53 loss: 1.237310582736753
  batch 26 last_batch 26 loss: 1.2701398867827196
Train Loss: 1.237311
Val Loss: 1.270140
Train Acc: 0.6196470260620117 +/- 0.0935046598315239
Val Acc: 0.7850440144538879 +/- 0.04973810911178589
Train Eff: 0.6563956141471863 +/- 0.13715730607509613
Val Eff: 0.44753554463386536 +/- 0.12550699710845947
Train Rej: 0.6188812851905823 +/- 0.09756068885326385
Val Rej: 0.7916752696037292 +/- 0.051861971616744995
Saving checkpoint at epoch 6
Checkpoint saved to outputs/Final_neutrals_3block_10_epochs_message_passing_BCE/checkpoint_6.pt
[10:35:03]  At epoch 7
  batch 53 last_batch 53 loss: 1.236259991267942
  batch 26 last_batch 26 loss: 1.2759388157954583
Train Loss: 1.236260
Val Loss: 1.275939
Train Acc: 0.6236262917518616 +/- 0.09789227694272995
Val Acc: 0.7819370031356812 +/- 0.048740025609731674
Train Eff: 0.6493399739265442 +/- 0.13629531860351562
Val Eff: 0.43379467725753784 +/- 0.1313423067331314
Train Rej: 0.6230877637863159 +/- 0.10204660147428513
Val Rej: 0.7887756824493408 +/- 0.0509662851691246
[10:35:05]  At epoch 8
  batch 53 last_batch 53 loss: 1.2369686398866042
  batch 26 last_batch 26 loss: 1.2640942151729877
Train Loss: 1.236969
Val Loss: 1.264094
Train Acc: 0.6192086338996887 +/- 0.09052570164203644
Val Acc: 0.7851446866989136 +/- 0.045835137367248535
Train Eff: 0.6612885594367981 +/- 0.13288633525371552
Val Eff: 0.44943708181381226 +/- 0.13648007810115814
Train Rej: 0.6183499097824097 +/- 0.09427929669618607
Val Rej: 0.7917124032974243 +/- 0.04813902825117111
[10:35:07]  At epoch 9
  batch 53 last_batch 53 loss: 1.231010506737907
  batch 26 last_batch 26 loss: 1.2668026410616362
Train Loss: 1.231011
Val Loss: 1.266803
Train Acc: 0.6251587867736816 +/- 0.08879958093166351
Val Acc: 0.8119297623634338 +/- 0.04621519148349762
Train Eff: 0.6494788527488708 +/- 0.13056764006614685
Val Eff: 0.4148481786251068 +/- 0.14310450851917267
Train Rej: 0.6246162056922913 +/- 0.092622309923172
Val Rej: 0.8197731375694275 +/- 0.04852869361639023
Saving checkpoint at epoch 9
Checkpoint saved to outputs/Final_neutrals_3block_10_epochs_message_passing_BCE/checkpoint_9.pt
Running 2 epochs with learning rate 0.0001
[10:35:09]  At epoch 10
  batch 53 last_batch 53 loss: 1.2180120348930359
  batch 26 last_batch 26 loss: 1.2331859927911024
Train Loss: 1.218012
Val Loss: 1.233186
Train Acc: 0.6685897707939148 +/- 0.0716809332370758
Val Acc: 0.6594600081443787 +/- 0.05528213456273079
Train Eff: 0.6256173849105835 +/- 0.13463346660137177
Val Eff: 0.6077550053596497 +/- 0.12275147438049316
Train Rej: 0.6695005297660828 +/- 0.07535345107316971
Val Rej: 0.6602509617805481 +/- 0.058139439672231674
[10:35:11]  At epoch 11
  batch 53 last_batch 53 loss: 1.210560015912326
  batch 26 last_batch 26 loss: 1.2341806017435515
Train Loss: 1.210560
Val Loss: 1.234181
Train Acc: 0.6368743777275085 +/- 0.05436379462480545
Val Acc: 0.656238317489624 +/- 0.05302809923887253
Train Eff: 0.6658186912536621 +/- 0.10408304631710052
Val Eff: 0.6122304201126099 +/- 0.12198019027709961
Train Rej: 0.6362898945808411 +/- 0.056551381945610046
Val Rej: 0.6568989157676697 +/- 0.055855244398117065
Training finished. Saving model in Final_neutrals_3block_10_epochs_message_passing_BCE.pt
Checkpoint saved to outputs/Final_neutrals_3block_10_epochs_message_passing_BCE/Final_neutrals_3block_10_epochs_message_passing_BCE.pt
Saving config file as txt file
