Wed Jun  4 15:48:51 2025       
+-----------------------------------------------------------------------------------------+
| NVIDIA-SMI 575.51.03              Driver Version: 575.51.03      CUDA Version: 12.9     |
|-----------------------------------------+------------------------+----------------------+
| GPU  Name                 Persistence-M | Bus-Id          Disp.A | Volatile Uncorr. ECC |
| Fan  Temp   Perf          Pwr:Usage/Cap |           Memory-Usage | GPU-Util  Compute M. |
|                                         |                        |               MIG M. |
|=========================================+========================+======================|
|   0  Tesla V100S-PCIE-32GB          Off |   00000000:07:00.0 Off |                    0 |
| N/A   32C    P0             25W /  250W |       4MiB /  32768MiB |      0%      Default |
|                                         |                        |                  N/A |
+-----------------------------------------+------------------------+----------------------+
                                                                                         
+-----------------------------------------------------------------------------------------+
| Processes:                                                                              |
|  GPU   GI   CI              PID   Type   Process name                        GPU Memory |
|        ID   ID                                                               Usage      |
|=========================================================================================|
|  No running processes found                                                             |
+-----------------------------------------------------------------------------------------+
Loading Config
Loading Dataset neutrals
Using 800 events for training
Using 100 events for validation
data_path : /eos/user/e/ebornand/DFEI/FullMC/npy_array/magup/neutrals
creating custom datasets...
Data loader created
Generating graphs from scratch...
Event 0...
Event 25...
Event 50...
Event 75...
Saving chunk 0 to /eos/user/e/ebornand/DFEI/FullMC/npy_array/magup/neutrals/graphs/train_graphs/events_00000_to_00099_train.pt with 82 events
Event 100...
Event 125...
Event 150...
Event 175...
Saving chunk 1 to /eos/user/e/ebornand/DFEI/FullMC/npy_array/magup/neutrals/graphs/train_graphs/events_00100_to_00199_train.pt with 87 events
Event 200...
Event 225...
Event 250...
Event 275...
Saving chunk 2 to /eos/user/e/ebornand/DFEI/FullMC/npy_array/magup/neutrals/graphs/train_graphs/events_00200_to_00299_train.pt with 80 events
Event 300...
Event 325...
Event 350...
Event 375...
Saving chunk 3 to /eos/user/e/ebornand/DFEI/FullMC/npy_array/magup/neutrals/graphs/train_graphs/events_00300_to_00399_train.pt with 82 events
Event 400...
Event 425...
Event 450...
Event 475...
Saving chunk 4 to /eos/user/e/ebornand/DFEI/FullMC/npy_array/magup/neutrals/graphs/train_graphs/events_00400_to_00499_train.pt with 83 events
Event 500...
Event 525...
Event 550...
Event 575...
Saving chunk 5 to /eos/user/e/ebornand/DFEI/FullMC/npy_array/magup/neutrals/graphs/train_graphs/events_00500_to_00599_train.pt with 84 events
Event 600...
Event 625...
Event 650...
Event 675...
Saving chunk 6 to /eos/user/e/ebornand/DFEI/FullMC/npy_array/magup/neutrals/graphs/train_graphs/events_00600_to_00699_train.pt with 86 events
Event 700...
Event 725...
Event 750...
Event 775...
Saving chunk 7 to /eos/user/e/ebornand/DFEI/FullMC/npy_array/magup/neutrals/graphs/train_graphs/events_00700_to_00799_train.pt with 82 events
Processed 666 events in 162.71s, avg 0.24s/event
Generating graphs from scratch...
Event 0...
Event 25...
Event 50...
Event 75...
Saving chunk 0 to /eos/user/e/ebornand/DFEI/FullMC/npy_array/magup/neutrals/graphs/val_graphs/events_00000_to_00099_val.pt with 85 events
Processed 85 events in 19.85s, avg 0.23s/event
Generating graphs from scratch...
Processed 0 events in 0.00s, avg 0.00s/event
Initializing model neutral_heterognn
Training model
Weights :tensor([ 0.5112, 22.9010])
Use logits False
Checkpoint path: outputs/Final_neutrals_magup_2block_5_epochs_message_passing_BCE/
Running 5 epochs with learning rate 0.001
[15:56:14]  At epoch 0
  batch 10 last_batch 10 loss: 1.3555746793746948
  batch 1 last_batch 1 loss: 1.4044694900512695
