awk: symbol lookup error: /cvmfs/sft.cern.ch/lcg/views/LCG_104a/x86_64-centos7-gcc11-opt/lib/libreadline.so.8: undefined symbol: UP
awk: symbol lookup error: /cvmfs/sft.cern.ch/lcg/views/LCG_104a/x86_64-centos7-gcc11-opt/lib/libreadline.so.8: undefined symbol: UP
awk: symbol lookup error: /cvmfs/sft.cern.ch/lcg/views/LCG_104a/x86_64-centos7-gcc11-opt/lib/libreadline.so.8: undefined symbol: UP
/cvmfs/sft.cern.ch/lcg/releases/R/4.3.0-871e4/x86_64-centos7-gcc11-opt/lib64/R/bin/exec/R: error while loading shared libraries: libreadline.so.6: cannot open shared object file: No such file or directory
/cvmfs/sft.cern.ch/lcg/releases/R/4.3.0-871e4/x86_64-centos7-gcc11-opt/lib64/R/bin/exec/R: error while loading shared libraries: libreadline.so.6: cannot open shared object file: No such file or directory
/cvmfs/sft.cern.ch/lcg/releases/R/4.3.0-871e4/x86_64-centos7-gcc11-opt/lib64/R/bin/exec/R: error while loading shared libraries: libreadline.so.6: cannot open shared object file: No such file or directory
/cvmfs/sft.cern.ch/lcg/releases/R/4.3.0-871e4/x86_64-centos7-gcc11-opt/lib64/R/bin/exec/R: error while loading shared libraries: libreadline.so.6: cannot open shared object file: No such file or directory
/cvmfs/sft.cern.ch/lcg/releases/R/4.3.0-871e4/x86_64-centos7-gcc11-opt/lib64/R/bin/exec/R: error while loading shared libraries: libreadline.so.6: cannot open shared object file: No such file or directory
gnuplot: error while loading shared libraries: libreadline.so.6: cannot open shared object file: No such file or directory
Traceback (most recent call last):
  File "/usr/bin/conda", line 33, in <module>
    sys.exit(load_entry_point('conda==4.14.0', 'console_scripts', 'conda')())
  File "/usr/bin/conda", line 22, in importlib_load_entry_point
    for entry_point in distribution(dist_name).entry_points
  File "/cvmfs/sft.cern.ch/lcg/releases/Python/3.9.12-9a1bc/x86_64-centos7-gcc11-opt/lib/python3.9/importlib/metadata.py", line 542, in distribution
    return Distribution.from_name(distribution_name)
  File "/cvmfs/sft.cern.ch/lcg/releases/Python/3.9.12-9a1bc/x86_64-centos7-gcc11-opt/lib/python3.9/importlib/metadata.py", line 196, in from_name
    raise PackageNotFoundError(name)
importlib.metadata.PackageNotFoundError: conda
Traceback (most recent call last):
  File "/cvmfs/sft.cern.ch/lcg/releases/Python/3.9.12-9a1bc/x86_64-centos7-gcc11-opt/lib/python3.9/runpy.py", line 197, in _run_module_as_main
    return _run_code(code, main_globals, None,
  File "/cvmfs/sft.cern.ch/lcg/releases/Python/3.9.12-9a1bc/x86_64-centos7-gcc11-opt/lib/python3.9/runpy.py", line 87, in _run_code
    exec(code, run_globals)
  File "/afs/cern.ch/user/e/ebornand/DFEI_HGNN/weighted_MP_gnn/scripts/train.py", line 5, in <module>
    from wmpgnn.datasets.data_handler import DataHandler
  File "/afs/cern.ch/user/e/ebornand/DFEI_HGNN/weighted_MP_gnn/wmpgnn/datasets/data_handler.py", line 1, in <module>
    from wmpgnn.datasets.graph_dataset import CustomDataset
  File "/afs/cern.ch/user/e/ebornand/DFEI_HGNN/weighted_MP_gnn/wmpgnn/datasets/graph_dataset.py", line 3, in <module>
    from torch_geometric.data import Dataset, Data
  File "/cvmfs/sft.cern.ch/lcg/views/LCG_104a/x86_64-centos7-gcc11-opt/lib/python3.9/site-packages/torch_geometric/__init__.py", line 2, in <module>
    import torch_geometric.data
  File "/cvmfs/sft.cern.ch/lcg/views/LCG_104a/x86_64-centos7-gcc11-opt/lib/python3.9/site-packages/torch_geometric/data/__init__.py", line 12, in <module>
    from .download import download_url
  File "/cvmfs/sft.cern.ch/lcg/views/LCG_104a/x86_64-centos7-gcc11-opt/lib/python3.9/site-packages/torch_geometric/data/download.py", line 2, in <module>
    import ssl
  File "/cvmfs/sft.cern.ch/lcg/releases/Python/3.9.12-9a1bc/x86_64-centos7-gcc11-opt/lib/python3.9/ssl.py", line 98, in <module>
    import _ssl             # if we can't import it, let the error propagate
ImportError: libssl.so.10: cannot open shared object file: No such file or directory
