Traceback (most recent call last):
  File "/eos/user/e/ebornand/envs/conda_envs/envs/dfeiGPUpy310/lib/python3.10/runpy.py", line 196, in _run_module_as_main
    return _run_code(code, main_globals, None,
  File "/eos/user/e/ebornand/envs/conda_envs/envs/dfeiGPUpy310/lib/python3.10/runpy.py", line 86, in _run_code
    exec(code, run_globals)
  File "/afs/cern.ch/user/e/ebornand/DFEI_HGNN/weighted_MP_gnn/scripts/train.py", line 95, in <module>
    dropped_lr_epochs = config_loader.get('training.dropped_lr_epochs')
  File "/afs/cern.ch/user/e/ebornand/DFEI_HGNN/weighted_MP_gnn/wmpgnn/trainers/neutrals_hetero_gnn_trainer.py", line 339, in train
    # 7) Restore original train_loader for next epochs/validation
  File "/afs/cern.ch/user/e/ebornand/DFEI_HGNN/weighted_MP_gnn/wmpgnn/trainers/neutrals_hetero_gnn_trainer.py", line 150, in eval_one_epoch
    acc_one_epoch = []
  File "/eos/user/e/ebornand/envs/conda_envs/envs/dfeiGPUpy310/lib/python3.10/site-packages/torch/nn/modules/module.py", line 1553, in _wrapped_call_impl
    return self._call_impl(*args, **kwargs)
  File "/eos/user/e/ebornand/envs/conda_envs/envs/dfeiGPUpy310/lib/python3.10/site-packages/torch/nn/modules/module.py", line 1562, in _call_impl
    return forward_call(*args, **kwargs)
  File "/afs/cern.ch/user/e/ebornand/DFEI_HGNN/weighted_MP_gnn/wmpgnn/model/neutrals_hetero_gnn_model.py", line 113, in forward
    self._blocks = nn.ModuleList(self._blocks)
  File "/eos/user/e/ebornand/envs/conda_envs/envs/dfeiGPUpy310/lib/python3.10/site-packages/torch/nn/modules/module.py", line 1553, in _wrapped_call_impl
    return self._call_impl(*args, **kwargs)
  File "/eos/user/e/ebornand/envs/conda_envs/envs/dfeiGPUpy310/lib/python3.10/site-packages/torch/nn/modules/module.py", line 1562, in _call_impl
    return forward_call(*args, **kwargs)
  File "/afs/cern.ch/user/e/ebornand/DFEI_HGNN/weighted_MP_gnn/wmpgnn/gnn/neutrals_hetero_graph_network.py", line 123, in forward
    _node_mlps (Dict[node_type, MLP]): MLPs predicting scalar weight per node.
  File "/eos/user/e/ebornand/envs/conda_envs/envs/dfeiGPUpy310/lib/python3.10/site-packages/torch/nn/modules/module.py", line 1553, in _wrapped_call_impl
    return self._call_impl(*args, **kwargs)
  File "/eos/user/e/ebornand/envs/conda_envs/envs/dfeiGPUpy310/lib/python3.10/site-packages/torch/nn/modules/module.py", line 1562, in _call_impl
    return forward_call(*args, **kwargs)
  File "/eos/user/e/ebornand/envs/conda_envs/envs/dfeiGPUpy310/lib/python3.10/site-packages/torch_geometric/nn/models/mlp.py", line 239, in forward
    x = self.act(x)
  File "/eos/user/e/ebornand/envs/conda_envs/envs/dfeiGPUpy310/lib/python3.10/site-packages/torch/nn/modules/module.py", line 1553, in _wrapped_call_impl
    return self._call_impl(*args, **kwargs)
  File "/eos/user/e/ebornand/envs/conda_envs/envs/dfeiGPUpy310/lib/python3.10/site-packages/torch/nn/modules/module.py", line 1562, in _call_impl
    return forward_call(*args, **kwargs)
  File "/eos/user/e/ebornand/envs/conda_envs/envs/dfeiGPUpy310/lib/python3.10/site-packages/torch/nn/modules/activation.py", line 104, in forward
    return F.relu(input, inplace=self.inplace)
  File "/eos/user/e/ebornand/envs/conda_envs/envs/dfeiGPUpy310/lib/python3.10/site-packages/torch/nn/functional.py", line 1500, in relu
    result = torch.relu(input)
torch.OutOfMemoryError: CUDA out of memory. Tried to allocate 60.00 MiB. GPU 0 has a total capacity of 31.73 GiB of which 38.25 MiB is free. Process 1766850 has 31.69 GiB memory in use. Of the allocated memory 31.21 GiB is allocated by PyTorch, and 120.78 MiB is reserved by PyTorch but unallocated. If reserved but unallocated memory is large try setting PYTORCH_CUDA_ALLOC_CONF=expandable_segments:True to avoid fragmentation.  See documentation for Memory Management  (https://pytorch.org/docs/stable/notes/cuda.html#environment-variables)
