000 (17734022.000.000) 08/06 11:11:16 Job submitted from host: <137.138.76.70:9618?addrs=137.138.76.70-9618+[2001-1458-d00-1c--49]-9618&alias=bigbird11.cern.ch&noUDP&sock=schedd_590795_cee9>
...
040 (17734022.000.000) 08/06 11:12:22 Started transferring input files
	Transferring to host: <188.184.195.52:9618?addrs=188.184.195.52-9618+[2001-1458-301-72--100-373]-9618&alias=b9g47n5793.cern.ch&noUDP&sock=slot1_1_19940_48a4_43258>
...
040 (17734022.000.000) 08/06 11:12:22 Finished transferring input files
...
001 (17734022.000.000) 08/06 11:12:23 Job executing on host: <188.184.195.52:9618?addrs=188.184.195.52-9618+[2001-1458-301-72--100-373]-9618&alias=b9g47n5793.cern.ch&noUDP&sock=startd_18875_422e>
	SlotName: slot1_1@b9g47n5793.cern.ch
	AvailableGPUs = { GPUs_GPU_39c03a24 }
	CondorScratchDir = "/pool/condor/dir_1766121"
	Cpus = 4
	Disk = 2048
	GPUs = 1
	GPUs_GPU_39c03a24 = [ GlobalMemoryMb = 32494; MaxSupportedVersion = 12090; DriverVersion = 12.9; ComputeUnits = 80; ECCEnabled = true; DeviceUuid = "39c03a24-7224-d560-030e-7a742064eb2c"; DeviceName = "Tesla V100S-PCIE-32GB"; CoresPerCU = 64; ClockMhz = 1597.0; DevicePciBusId = "0000:07:00.0"; Capability = 7.0; Id = "GPU-39c03a24" ]
	Memory = 12000
...
006 (17734022.000.000) 08/06 11:12:36 Image size of job updated: 3724
	4  -  MemoryUsage of job (MB)
	3724  -  ResidentSetSize of job (KB)
...
006 (17734022.000.000) 08/06 11:17:36 Image size of job updated: 538520
	493  -  MemoryUsage of job (MB)
	504696  -  ResidentSetSize of job (KB)
...
006 (17734022.000.000) 08/06 11:22:37 Image size of job updated: 641008
	620  -  MemoryUsage of job (MB)
	634700  -  ResidentSetSize of job (KB)
...
006 (17734022.000.000) 08/06 11:27:38 Image size of job updated: 770924
	725  -  MemoryUsage of job (MB)
	741628  -  ResidentSetSize of job (KB)
...
006 (17734022.000.000) 08/06 11:32:38 Image size of job updated: 907140
	862  -  MemoryUsage of job (MB)
	881872  -  ResidentSetSize of job (KB)
...
006 (17734022.000.000) 08/06 11:37:38 Image size of job updated: 1017432
	970  -  MemoryUsage of job (MB)
	992428  -  ResidentSetSize of job (KB)
...
006 (17734022.000.000) 08/06 11:42:39 Image size of job updated: 1146760
	1100  -  MemoryUsage of job (MB)
	1125776  -  ResidentSetSize of job (KB)
...
006 (17734022.000.000) 08/06 11:47:40 Image size of job updated: 1263412
	1234  -  MemoryUsage of job (MB)
	1263412  -  ResidentSetSize of job (KB)
...
006 (17734022.000.000) 08/06 11:52:40 Image size of job updated: 1394076
	1360  -  MemoryUsage of job (MB)
	1391852  -  ResidentSetSize of job (KB)
...
006 (17734022.000.000) 08/06 11:57:41 Image size of job updated: 1521636
	1485  -  MemoryUsage of job (MB)
	1520332  -  ResidentSetSize of job (KB)
...
006 (17734022.000.000) 08/06 12:02:42 Image size of job updated: 1643968
	1595  -  MemoryUsage of job (MB)
	1632544  -  ResidentSetSize of job (KB)
...
006 (17734022.000.000) 08/06 12:07:42 Image size of job updated: 1752484
	1689  -  MemoryUsage of job (MB)
	1728536  -  ResidentSetSize of job (KB)
...
006 (17734022.000.000) 08/06 12:12:42 Image size of job updated: 1912536
	1821  -  MemoryUsage of job (MB)
	1864040  -  ResidentSetSize of job (KB)
...
006 (17734022.000.000) 08/06 12:17:43 Image size of job updated: 1999192
	1953  -  MemoryUsage of job (MB)
	1999192  -  ResidentSetSize of job (KB)
...
006 (17734022.000.000) 08/06 12:22:44 Image size of job updated: 2094272
	2038  -  MemoryUsage of job (MB)
	2085904  -  ResidentSetSize of job (KB)
...
006 (17734022.000.000) 08/06 12:27:44 Image size of job updated: 2242812
	2191  -  MemoryUsage of job (MB)
	2242812  -  ResidentSetSize of job (KB)
...
006 (17734022.000.000) 08/06 12:32:44 Image size of job updated: 2333108
	2279  -  MemoryUsage of job (MB)
	2332972  -  ResidentSetSize of job (KB)
...
006 (17734022.000.000) 08/06 12:37:45 Image size of job updated: 2470684
	2410  -  MemoryUsage of job (MB)
	2467708  -  ResidentSetSize of job (KB)
...
006 (17734022.000.000) 08/06 12:42:46 Image size of job updated: 2592616
	2522  -  MemoryUsage of job (MB)
	2582412  -  ResidentSetSize of job (KB)
...
006 (17734022.000.000) 08/06 12:47:46 Image size of job updated: 2690592
	2612  -  MemoryUsage of job (MB)
	2674016  -  ResidentSetSize of job (KB)
...
006 (17734022.000.000) 08/06 12:52:47 Image size of job updated: 2814048
	2746  -  MemoryUsage of job (MB)
	2811876  -  ResidentSetSize of job (KB)
...
006 (17734022.000.000) 08/06 12:57:48 Image size of job updated: 2930420
	2862  -  MemoryUsage of job (MB)
	2930420  -  ResidentSetSize of job (KB)
...
006 (17734022.000.000) 08/06 13:02:48 Image size of job updated: 3043692
	2958  -  MemoryUsage of job (MB)
	3028780  -  ResidentSetSize of job (KB)
...
006 (17734022.000.000) 08/06 13:07:48 Image size of job updated: 3175928
	3090  -  MemoryUsage of job (MB)
	3164032  -  ResidentSetSize of job (KB)
...
006 (17734022.000.000) 08/06 13:12:49 Image size of job updated: 3273956
	3191  -  MemoryUsage of job (MB)
	3266828  -  ResidentSetSize of job (KB)
...
006 (17734022.000.000) 08/06 13:17:50 Image size of job updated: 3385116
	3306  -  MemoryUsage of job (MB)
	3385116  -  ResidentSetSize of job (KB)
...
006 (17734022.000.000) 08/06 13:22:50 Image size of job updated: 3520388
	3438  -  MemoryUsage of job (MB)
	3520388  -  ResidentSetSize of job (KB)
...
006 (17734022.000.000) 08/06 13:27:50 Image size of job updated: 3635552
	3528  -  MemoryUsage of job (MB)
	3612348  -  ResidentSetSize of job (KB)
...
006 (17734022.000.000) 08/06 13:32:51 Image size of job updated: 3756596
	3640  -  MemoryUsage of job (MB)
	3726492  -  ResidentSetSize of job (KB)
...
006 (17734022.000.000) 08/06 13:37:51 Image size of job updated: 3851616
	3762  -  MemoryUsage of job (MB)
	3851616  -  ResidentSetSize of job (KB)
...
006 (17734022.000.000) 08/06 13:42:51 Image size of job updated: 3964548
	3866  -  MemoryUsage of job (MB)
	3958736  -  ResidentSetSize of job (KB)
...
006 (17734022.000.000) 08/06 13:47:52 Image size of job updated: 4089072
	3985  -  MemoryUsage of job (MB)
	4080228  -  ResidentSetSize of job (KB)
...
006 (17734022.000.000) 08/06 13:52:53 Image size of job updated: 4201620
	4090  -  MemoryUsage of job (MB)
	4187224  -  ResidentSetSize of job (KB)
...
006 (17734022.000.000) 08/06 13:57:53 Image size of job updated: 4324732
	4224  -  MemoryUsage of job (MB)
	4324732  -  ResidentSetSize of job (KB)
...
006 (17734022.000.000) 08/06 14:02:53 Image size of job updated: 4452328
	4346  -  MemoryUsage of job (MB)
	4449432  -  ResidentSetSize of job (KB)
...
006 (17734022.000.000) 08/06 14:07:54 Image size of job updated: 4547416
	4428  -  MemoryUsage of job (MB)
	4533784  -  ResidentSetSize of job (KB)
...
006 (17734022.000.000) 08/06 14:12:55 Image size of job updated: 4661352
	4538  -  MemoryUsage of job (MB)
	4646140  -  ResidentSetSize of job (KB)
...
006 (17734022.000.000) 08/06 14:17:55 Image size of job updated: 4768788
	4647  -  MemoryUsage of job (MB)
	4758460  -  ResidentSetSize of job (KB)
...
006 (17734022.000.000) 08/06 14:22:56 Image size of job updated: 4873052
	4742  -  MemoryUsage of job (MB)
	4855644  -  ResidentSetSize of job (KB)
...
006 (17734022.000.000) 08/06 14:27:57 Image size of job updated: 4995144
	4865  -  MemoryUsage of job (MB)
	4980840  -  ResidentSetSize of job (KB)
...
006 (17734022.000.000) 08/06 14:32:57 Image size of job updated: 5111432
	4974  -  MemoryUsage of job (MB)
	5093072  -  ResidentSetSize of job (KB)
...
006 (17734022.000.000) 08/06 14:37:57 Image size of job updated: 5220020
	5084  -  MemoryUsage of job (MB)
	5205212  -  ResidentSetSize of job (KB)
...
006 (17734022.000.000) 08/06 14:42:58 Image size of job updated: 5320588
	5194  -  MemoryUsage of job (MB)
	5318488  -  ResidentSetSize of job (KB)
...
006 (17734022.000.000) 08/06 14:47:59 Image size of job updated: 5445016
	5308  -  MemoryUsage of job (MB)
	5435156  -  ResidentSetSize of job (KB)
...
006 (17734022.000.000) 08/06 14:52:59 Image size of job updated: 5549532
	5418  -  MemoryUsage of job (MB)
	5547440  -  ResidentSetSize of job (KB)
...
006 (17734022.000.000) 08/06 14:57:59 Image size of job updated: 5644732
	5510  -  MemoryUsage of job (MB)
	5641572  -  ResidentSetSize of job (KB)
...
006 (17734022.000.000) 08/06 15:03:00 Image size of job updated: 5759980
	5616  -  MemoryUsage of job (MB)
	5750564  -  ResidentSetSize of job (KB)
...
006 (17734022.000.000) 08/06 15:08:00 Image size of job updated: 5864852
	5728  -  MemoryUsage of job (MB)
	5864852  -  ResidentSetSize of job (KB)
...
006 (17734022.000.000) 08/06 15:13:00 Image size of job updated: 5985696
	5843  -  MemoryUsage of job (MB)
	5983132  -  ResidentSetSize of job (KB)
...
006 (17734022.000.000) 08/06 15:18:01 Image size of job updated: 6077960
	5934  -  MemoryUsage of job (MB)
	6075752  -  ResidentSetSize of job (KB)
...
006 (17734022.000.000) 08/06 15:23:02 Image size of job updated: 6200236
	6041  -  MemoryUsage of job (MB)
	6185660  -  ResidentSetSize of job (KB)
...
006 (17734022.000.000) 08/06 15:28:02 Image size of job updated: 6319972
	6127  -  MemoryUsage of job (MB)
	6273440  -  ResidentSetSize of job (KB)
...
006 (17734022.000.000) 08/06 15:33:02 Image size of job updated: 6411840
	6262  -  MemoryUsage of job (MB)
	6411840  -  ResidentSetSize of job (KB)
...
006 (17734022.000.000) 08/06 15:38:03 Image size of job updated: 6508944
	6351  -  MemoryUsage of job (MB)
	6502992  -  ResidentSetSize of job (KB)
...
006 (17734022.000.000) 08/06 15:43:04 Image size of job updated: 6610480
	6444  -  MemoryUsage of job (MB)
	6598320  -  ResidentSetSize of job (KB)
...
006 (17734022.000.000) 08/06 15:48:04 Image size of job updated: 6721836
	6556  -  MemoryUsage of job (MB)
	6713260  -  ResidentSetSize of job (KB)
...
006 (17734022.000.000) 08/06 15:53:05 Image size of job updated: 6829936
	6655  -  MemoryUsage of job (MB)
	6814176  -  ResidentSetSize of job (KB)
...
006 (17734022.000.000) 08/06 15:58:06 Image size of job updated: 6947636
	6784  -  MemoryUsage of job (MB)
	6946404  -  ResidentSetSize of job (KB)
...
006 (17734022.000.000) 08/06 16:03:06 Image size of job updated: 7053452
	6875  -  MemoryUsage of job (MB)
	7039272  -  ResidentSetSize of job (KB)
...
006 (17734022.000.000) 08/06 16:08:06 Image size of job updated: 7167660
	6995  -  MemoryUsage of job (MB)
	7162832  -  ResidentSetSize of job (KB)
...
006 (17734022.000.000) 08/06 16:13:07 Image size of job updated: 7266648
	7094  -  MemoryUsage of job (MB)
	7264028  -  ResidentSetSize of job (KB)
...
006 (17734022.000.000) 08/06 16:18:08 Image size of job updated: 7387280
	7215  -  MemoryUsage of job (MB)
	7387280  -  ResidentSetSize of job (KB)
...
006 (17734022.000.000) 08/06 16:23:08 Image size of job updated: 7500956
	7326  -  MemoryUsage of job (MB)
	7500956  -  ResidentSetSize of job (KB)
...
006 (17734022.000.000) 08/06 16:28:08 Image size of job updated: 7628916
	7430  -  MemoryUsage of job (MB)
	7607300  -  ResidentSetSize of job (KB)
...
006 (17734022.000.000) 08/06 16:33:09 Image size of job updated: 7720528
	7532  -  MemoryUsage of job (MB)
	7712184  -  ResidentSetSize of job (KB)
...
006 (17734022.000.000) 08/06 16:38:09 Image size of job updated: 7847764
	7658  -  MemoryUsage of job (MB)
	7841596  -  ResidentSetSize of job (KB)
...
006 (17734022.000.000) 08/06 16:43:09 Image size of job updated: 7965980
	7758  -  MemoryUsage of job (MB)
	7944088  -  ResidentSetSize of job (KB)
...
006 (17734022.000.000) 08/06 16:48:10 Image size of job updated: 8067272
	7875  -  MemoryUsage of job (MB)
	8063012  -  ResidentSetSize of job (KB)
...
006 (17734022.000.000) 08/06 16:53:11 Image size of job updated: 8195348
	8004  -  MemoryUsage of job (MB)
	8195348  -  ResidentSetSize of job (KB)
...
006 (17734022.000.000) 08/06 16:58:11 Image size of job updated: 8300396
	8078  -  MemoryUsage of job (MB)
	8271340  -  ResidentSetSize of job (KB)
...
006 (17734022.000.000) 08/06 17:03:11 Image size of job updated: 8392688
	8174  -  MemoryUsage of job (MB)
	8369612  -  ResidentSetSize of job (KB)
...
006 (17734022.000.000) 08/06 17:08:12 Image size of job updated: 8495700
	8271  -  MemoryUsage of job (MB)
	8469056  -  ResidentSetSize of job (KB)
...
006 (17734022.000.000) 08/06 17:13:13 Image size of job updated: 8603992
	8387  -  MemoryUsage of job (MB)
	8587796  -  ResidentSetSize of job (KB)
...
006 (17734022.000.000) 08/06 17:18:13 Image size of job updated: 8707608
	8494  -  MemoryUsage of job (MB)
	8696960  -  ResidentSetSize of job (KB)
...
006 (17734022.000.000) 08/06 17:23:14 Image size of job updated: 8810828
	8591  -  MemoryUsage of job (MB)
	8796284  -  ResidentSetSize of job (KB)
...
006 (17734022.000.000) 08/06 17:28:15 Image size of job updated: 8936168
	8707  -  MemoryUsage of job (MB)
	8915156  -  ResidentSetSize of job (KB)
...
006 (17734022.000.000) 08/06 17:33:15 Image size of job updated: 9071556
	8822  -  MemoryUsage of job (MB)
	9033684  -  ResidentSetSize of job (KB)
...
006 (17734022.000.000) 08/06 17:38:15 Image size of job updated: 9191744
	8977  -  MemoryUsage of job (MB)
	9191744  -  ResidentSetSize of job (KB)
...
006 (17734022.000.000) 08/06 17:43:16 Image size of job updated: 9294104
	9075  -  MemoryUsage of job (MB)
	9292744  -  ResidentSetSize of job (KB)
...
006 (17734022.000.000) 08/06 17:48:17 Image size of job updated: 9509984
	9288  -  MemoryUsage of job (MB)
	9509984  -  ResidentSetSize of job (KB)
...
006 (17734022.000.000) 08/06 17:49:18 Image size of job updated: 9577868
	9288  -  MemoryUsage of job (MB)
	9509984  -  ResidentSetSize of job (KB)
...
040 (17734022.000.000) 08/06 17:49:18 Started transferring output files
...
040 (17734022.000.000) 08/06 17:49:18 Finished transferring output files
...
005 (17734022.000.000) 08/06 17:49:18 Job terminated.
	(1) Normal termination (return value 1)
		Usr 0 04:05:16, Sys 0 00:09:24  -  Run Remote Usage
		Usr 0 00:00:00, Sys 0 00:00:00  -  Run Local Usage
		Usr 0 04:05:16, Sys 0 00:09:24  -  Total Remote Usage
		Usr 0 00:00:00, Sys 0 00:00:00  -  Total Local Usage
	201359  -  Run Bytes Sent By Job
	551  -  Run Bytes Received By Job
	201359  -  Total Bytes Sent By Job
	551  -  Total Bytes Received By Job
	Partitionable Resources :    Usage  Request Allocated Assigned
	   Cpus                 :     0.41        4         4 
	   Disk (KB)            :   227           1      2048 
	   Gpus (Average)       :     0           1         1 "GPU-39c03a24"
	   GpusMemory (MB)      :   278                       
	   Memory (MB)          :  9288       12000     12000 

	Job terminated of its own accord at 2025-08-06T15:49:18Z with exit-code 1.
...
