000 (17767700.000.000) 08/18 12:23:47 Job submitted from host: <137.138.76.70:9618?addrs=137.138.76.70-9618+[2001-1458-d00-1c--49]-9618&alias=bigbird11.cern.ch&noUDP&sock=schedd_590795_cee9>
...
040 (17767700.000.000) 08/18 12:28:58 Started transferring input files
	Transferring to host: <188.184.195.190:9618?addrs=188.184.195.190-9618+[2001-1458-301-72--100-30a]-9618&alias=b9g47n9082.cern.ch&noUDP&sock=slot1_1_22149_b95e_50796>
...
040 (17767700.000.000) 08/18 12:28:58 Finished transferring input files
...
001 (17767700.000.000) 08/18 12:28:59 Job executing on host: <188.184.195.190:9618?addrs=188.184.195.190-9618+[2001-1458-301-72--100-30a]-9618&alias=b9g47n9082.cern.ch&noUDP&sock=startd_20855_5fb3>
	SlotName: slot1_1@b9g47n9082.cern.ch
	AvailableGPUs = { GPUs_GPU_e82e3e5b }
	CondorScratchDir = "/pool/condor/dir_1803727"
	Cpus = 4
	Disk = 2049
	GPUs = 1
	GPUs_GPU_e82e3e5b = [ GlobalMemoryMb = 32494; MaxSupportedVersion = 12090; DriverVersion = 12.9; ComputeUnits = 80; ECCEnabled = true; DeviceUuid = "e82e3e5b-d23d-aa93-7c9b-ee3c3819a690"; DeviceName = "Tesla V100S-PCIE-32GB"; CoresPerCU = 64; ClockMhz = 1597.0; DevicePciBusId = "0000:07:00.0"; Capability = 7.0; Id = "GPU-e82e3e5b" ]
	Memory = 12000
...
006 (17767700.000.000) 08/18 12:29:12 Image size of job updated: 27676
	3  -  MemoryUsage of job (MB)
	2164  -  ResidentSetSize of job (KB)
...
006 (17767700.000.000) 08/18 12:34:12 Image size of job updated: 560536
	516  -  MemoryUsage of job (MB)
	528016  -  ResidentSetSize of job (KB)
...
006 (17767700.000.000) 08/18 12:39:13 Image size of job updated: 681588
	652  -  MemoryUsage of job (MB)
	667268  -  ResidentSetSize of job (KB)
...
006 (17767700.000.000) 08/18 12:44:14 Image size of job updated: 820464
	796  -  MemoryUsage of job (MB)
	815024  -  ResidentSetSize of job (KB)
...
006 (17767700.000.000) 08/18 12:49:14 Image size of job updated: 931112
	905  -  MemoryUsage of job (MB)
	925780  -  ResidentSetSize of job (KB)
...
006 (17767700.000.000) 08/18 12:54:14 Image size of job updated: 1072632
	1041  -  MemoryUsage of job (MB)
	1065204  -  ResidentSetSize of job (KB)
...
006 (17767700.000.000) 08/18 12:59:15 Image size of job updated: 1199588
	1172  -  MemoryUsage of job (MB)
	1199588  -  ResidentSetSize of job (KB)
...
006 (17767700.000.000) 08/18 13:04:16 Image size of job updated: 1352968
	1305  -  MemoryUsage of job (MB)
	1335352  -  ResidentSetSize of job (KB)
...
006 (17767700.000.000) 08/18 13:09:16 Image size of job updated: 1463140
	1421  -  MemoryUsage of job (MB)
	1454324  -  ResidentSetSize of job (KB)
...
006 (17767700.000.000) 08/18 13:14:16 Image size of job updated: 1602288
	1565  -  MemoryUsage of job (MB)
	1602288  -  ResidentSetSize of job (KB)
...
006 (17767700.000.000) 08/18 13:19:17 Image size of job updated: 1748392
	1675  -  MemoryUsage of job (MB)
	1714772  -  ResidentSetSize of job (KB)
...
006 (17767700.000.000) 08/18 13:24:17 Image size of job updated: 1866300
	1823  -  MemoryUsage of job (MB)
	1866300  -  ResidentSetSize of job (KB)
...
006 (17767700.000.000) 08/18 13:29:17 Image size of job updated: 2008572
	1947  -  MemoryUsage of job (MB)
	1992908  -  ResidentSetSize of job (KB)
...
006 (17767700.000.000) 08/18 13:34:18 Image size of job updated: 2106968
	2058  -  MemoryUsage of job (MB)
	2106968  -  ResidentSetSize of job (KB)
...
006 (17767700.000.000) 08/18 13:39:19 Image size of job updated: 2229144
	2177  -  MemoryUsage of job (MB)
	2229144  -  ResidentSetSize of job (KB)
...
006 (17767700.000.000) 08/18 13:44:19 Image size of job updated: 2350160
	2285  -  MemoryUsage of job (MB)
	2338944  -  ResidentSetSize of job (KB)
...
006 (17767700.000.000) 08/18 13:49:19 Image size of job updated: 2482648
	2401  -  MemoryUsage of job (MB)
	2458328  -  ResidentSetSize of job (KB)
...
006 (17767700.000.000) 08/18 13:54:20 Image size of job updated: 2620660
	2560  -  MemoryUsage of job (MB)
	2620660  -  ResidentSetSize of job (KB)
...
006 (17767700.000.000) 08/18 13:59:21 Image size of job updated: 2732644
	2665  -  MemoryUsage of job (MB)
	2728604  -  ResidentSetSize of job (KB)
...
006 (17767700.000.000) 08/18 14:04:21 Image size of job updated: 2867708
	2793  -  MemoryUsage of job (MB)
	2859864  -  ResidentSetSize of job (KB)
...
006 (17767700.000.000) 08/18 14:09:21 Image size of job updated: 3012052
	2942  -  MemoryUsage of job (MB)
	3012052  -  ResidentSetSize of job (KB)
...
006 (17767700.000.000) 08/18 14:14:22 Image size of job updated: 3125648
	3053  -  MemoryUsage of job (MB)
	3125648  -  ResidentSetSize of job (KB)
...
006 (17767700.000.000) 08/18 14:19:22 Image size of job updated: 3295348
	3155  -  MemoryUsage of job (MB)
	3230348  -  ResidentSetSize of job (KB)
...
006 (17767700.000.000) 08/18 14:24:22 Image size of job updated: 3406076
	3301  -  MemoryUsage of job (MB)
	3379256  -  ResidentSetSize of job (KB)
...
006 (17767700.000.000) 08/18 14:29:23 Image size of job updated: 3523396
	3410  -  MemoryUsage of job (MB)
	3491312  -  ResidentSetSize of job (KB)
...
006 (17767700.000.000) 08/18 14:34:24 Image size of job updated: 3614392
	3523  -  MemoryUsage of job (MB)
	3606720  -  ResidentSetSize of job (KB)
...
006 (17767700.000.000) 08/18 14:39:24 Image size of job updated: 3811008
	3673  -  MemoryUsage of job (MB)
	3760156  -  ResidentSetSize of job (KB)
...
006 (17767700.000.000) 08/18 14:44:24 Image size of job updated: 3864536
	3763  -  MemoryUsage of job (MB)
	3852920  -  ResidentSetSize of job (KB)
...
006 (17767700.000.000) 08/18 14:49:25 Image size of job updated: 4002044
	3909  -  MemoryUsage of job (MB)
	4002044  -  ResidentSetSize of job (KB)
...
006 (17767700.000.000) 08/18 14:54:26 Image size of job updated: 4123084
	3997  -  MemoryUsage of job (MB)
	4091992  -  ResidentSetSize of job (KB)
...
006 (17767700.000.000) 08/18 14:59:26 Image size of job updated: 4260236
	4161  -  MemoryUsage of job (MB)
	4260236  -  ResidentSetSize of job (KB)
...
006 (17767700.000.000) 08/18 15:04:26 Image size of job updated: 4366316
	4253  -  MemoryUsage of job (MB)
	4354796  -  ResidentSetSize of job (KB)
...
006 (17767700.000.000) 08/18 15:09:27 Image size of job updated: 4491072
	4366  -  MemoryUsage of job (MB)
	4470160  -  ResidentSetSize of job (KB)
...
006 (17767700.000.000) 08/18 15:14:28 Image size of job updated: 4598400
	4478  -  MemoryUsage of job (MB)
	4584628  -  ResidentSetSize of job (KB)
...
006 (17767700.000.000) 08/18 15:19:28 Image size of job updated: 4725804
	4616  -  MemoryUsage of job (MB)
	4725804  -  ResidentSetSize of job (KB)
...
006 (17767700.000.000) 08/18 15:24:29 Image size of job updated: 4871972
	4730  -  MemoryUsage of job (MB)
	4843416  -  ResidentSetSize of job (KB)
...
006 (17767700.000.000) 08/18 15:29:30 Image size of job updated: 4960068
	4844  -  MemoryUsage of job (MB)
	4960068  -  ResidentSetSize of job (KB)
...
006 (17767700.000.000) 08/18 15:34:30 Image size of job updated: 5107264
	4956  -  MemoryUsage of job (MB)
	5074136  -  ResidentSetSize of job (KB)
...
006 (17767700.000.000) 08/18 15:39:30 Image size of job updated: 5202500
	5081  -  MemoryUsage of job (MB)
	5202500  -  ResidentSetSize of job (KB)
...
006 (17767700.000.000) 08/18 15:44:31 Image size of job updated: 5328572
	5185  -  MemoryUsage of job (MB)
	5309220  -  ResidentSetSize of job (KB)
...
006 (17767700.000.000) 08/18 15:49:32 Image size of job updated: 5463572
	5304  -  MemoryUsage of job (MB)
	5431172  -  ResidentSetSize of job (KB)
...
006 (17767700.000.000) 08/18 15:54:32 Image size of job updated: 5946440
	5808  -  MemoryUsage of job (MB)
	5946440  -  ResidentSetSize of job (KB)
...
006 (17767700.000.000) 08/18 15:59:32 Image size of job updated: 6086524
	5915  -  MemoryUsage of job (MB)
	6056672  -  ResidentSetSize of job (KB)
...
006 (17767700.000.000) 08/18 16:04:33 Image size of job updated: 6088824
	5947  -  MemoryUsage of job (MB)
	6088824  -  ResidentSetSize of job (KB)
...
006 (17767700.000.000) 08/18 16:09:33 Image size of job updated: 6152460
	6009  -  MemoryUsage of job (MB)
	6152460  -  ResidentSetSize of job (KB)
...
006 (17767700.000.000) 08/18 16:14:33 Image size of job updated: 6186080
	6042  -  MemoryUsage of job (MB)
	6186080  -  ResidentSetSize of job (KB)
...
006 (17767700.000.000) 08/18 16:19:34 Image size of job updated: 6221036
	6074  -  MemoryUsage of job (MB)
	6218784  -  ResidentSetSize of job (KB)
...
006 (17767700.000.000) 08/18 16:24:35 Image size of job updated: 6283012
	6136  -  MemoryUsage of job (MB)
	6283012  -  ResidentSetSize of job (KB)
...
006 (17767700.000.000) 08/18 16:29:35 Image size of job updated: 6351104
	6203  -  MemoryUsage of job (MB)
	6351104  -  ResidentSetSize of job (KB)
...
006 (17767700.000.000) 08/18 16:34:35 Image size of job updated: 6382152
	6233  -  MemoryUsage of job (MB)
	6382152  -  ResidentSetSize of job (KB)
...
006 (17767700.000.000) 08/18 16:39:36 Image size of job updated: 6446684
	6296  -  MemoryUsage of job (MB)
	6446684  -  ResidentSetSize of job (KB)
...
006 (17767700.000.000) 08/18 16:44:37 Image size of job updated: 6508660
	6357  -  MemoryUsage of job (MB)
	6508660  -  ResidentSetSize of job (KB)
...
006 (17767700.000.000) 08/18 16:49:37 Image size of job updated: 6541052
	6388  -  MemoryUsage of job (MB)
	6541052  -  ResidentSetSize of job (KB)
...
006 (17767700.000.000) 08/18 16:51:46 Image size of job updated: 7037104
	6388  -  MemoryUsage of job (MB)
	6541052  -  ResidentSetSize of job (KB)
...
040 (17767700.000.000) 08/18 16:51:46 Started transferring output files
...
040 (17767700.000.000) 08/18 16:51:46 Finished transferring output files
...
005 (17767700.000.000) 08/18 16:51:46 Job terminated.
	(1) Normal termination (return value 0)
		Usr 0 03:14:45, Sys 0 00:05:51  -  Run Remote Usage
		Usr 0 00:00:00, Sys 0 00:00:00  -  Run Local Usage
		Usr 0 03:14:45, Sys 0 00:05:51  -  Total Remote Usage
		Usr 0 00:00:00, Sys 0 00:00:00  -  Total Local Usage
	121615  -  Run Bytes Sent By Job
	551  -  Run Bytes Received By Job
	121615  -  Total Bytes Sent By Job
	551  -  Total Bytes Received By Job
	Partitionable Resources :    Usage  Request Allocated Assigned
	   Cpus                 :     0.98        4         4 
	   Disk (KB)            :   149           1      2049 
	   Gpus (Average)       :     0.02        1         1 "GPU-e82e3e5b"
	   GpusMemory (MB)      :  1244                       
	   Memory (MB)          :  6388       12000     12000 

	Job terminated of its own accord at 2025-08-18T14:51:46Z with exit-code 0.
...
