Tue Aug 26 16:21:33 2025       
+-----------------------------------------------------------------------------------------+
| NVIDIA-SMI 570.133.20             Driver Version: 570.133.20     CUDA Version: 12.8     |
|-----------------------------------------+------------------------+----------------------+
| GPU  Name                 Persistence-M | Bus-Id          Disp.A | Volatile Uncorr. ECC |
| Fan  Temp   Perf          Pwr:Usage/Cap |           Memory-Usage | GPU-Util  Compute M. |
|                                         |                        |               MIG M. |
|=========================================+========================+======================|
|   0  NVIDIA H100L-1-12C             On  |   00000000:06:00.0 Off |                   On |
| N/A   N/A    P0            N/A  /  N/A  |       1MiB /  12288MiB |     N/A      Default |
|                                         |                        |              Enabled |
+-----------------------------------------+------------------------+----------------------+

+-----------------------------------------------------------------------------------------+
| MIG devices:                                                                            |
+------------------+----------------------------------+-----------+-----------------------+
| GPU  GI  CI  MIG |                     Memory-Usage |        Vol|        Shared         |
|      ID  ID  Dev |                       BAR1-Usage | SM     Unc| CE ENC  DEC  OFA  JPG |
|                  |                                  |        ECC|                       |
|==================+==================================+===========+=======================|
|  0    0   0   0  |               1MiB / 10565MiB    | 16      0 |  1   0    1    0    1 |
|                  |                 0MiB /  4096MiB  |           |                       |
+------------------+----------------------------------+-----------+-----------------------+
                                                                                         
+-----------------------------------------------------------------------------------------+
| Processes:                                                                              |
|  GPU   GI   CI              PID   Type   Process name                        GPU Memory |
|        ID   ID                                                               Usage      |
|=========================================================================================|
|  No running processes found                                                             |
+-----------------------------------------------------------------------------------------+
Loading Config
Loading Dataset neutrals
Using 4000 events for training
Using 1000 events for validation
Creating neutrals dataset...
Data loader created
Generating graphs from scratch...
Event 0...
Event 25...
Event 50...
Event 75...
Saving chunk 0 to /eos/user/e/ebornand/DFEI/PYTHIA/BtoKSpimumu/npy_array/neutrals_with_id/graphs/train_graphs/events_00000_to_00099_train.pt with 100 events
Event 100...
Event 125...
Event 150...
Event 175...
Saving chunk 1 to /eos/user/e/ebornand/DFEI/PYTHIA/BtoKSpimumu/npy_array/neutrals_with_id/graphs/train_graphs/events_00100_to_00199_train.pt with 100 events
Event 200...
Event 225...
Event 250...
Event 275...
Saving chunk 2 to /eos/user/e/ebornand/DFEI/PYTHIA/BtoKSpimumu/npy_array/neutrals_with_id/graphs/train_graphs/events_00200_to_00299_train.pt with 100 events
Event 300...
Event 325...
Event 350...
Event 375...
Saving chunk 3 to /eos/user/e/ebornand/DFEI/PYTHIA/BtoKSpimumu/npy_array/neutrals_with_id/graphs/train_graphs/events_00300_to_00399_train.pt with 100 events
Event 400...
Event 425...
Event 450...
Event 475...
Saving chunk 4 to /eos/user/e/ebornand/DFEI/PYTHIA/BtoKSpimumu/npy_array/neutrals_with_id/graphs/train_graphs/events_00400_to_00499_train.pt with 100 events
Event 500...
Event 525...
Event 550...
Event 575...
Saving chunk 5 to /eos/user/e/ebornand/DFEI/PYTHIA/BtoKSpimumu/npy_array/neutrals_with_id/graphs/train_graphs/events_00500_to_00599_train.pt with 100 events
Event 600...
Event 625...
Event 650...
Event 675...
Saving chunk 6 to /eos/user/e/ebornand/DFEI/PYTHIA/BtoKSpimumu/npy_array/neutrals_with_id/graphs/train_graphs/events_00600_to_00699_train.pt with 100 events
Event 700...
Event 725...
Event 750...
Event 775...
Saving chunk 7 to /eos/user/e/ebornand/DFEI/PYTHIA/BtoKSpimumu/npy_array/neutrals_with_id/graphs/train_graphs/events_00700_to_00799_train.pt with 100 events
Event 800...
Event 825...
Event 850...
Event 875...
Saving chunk 8 to /eos/user/e/ebornand/DFEI/PYTHIA/BtoKSpimumu/npy_array/neutrals_with_id/graphs/train_graphs/events_00800_to_00899_train.pt with 100 events
Event 900...
Event 925...
Event 950...
Event 975...
Saving chunk 9 to /eos/user/e/ebornand/DFEI/PYTHIA/BtoKSpimumu/npy_array/neutrals_with_id/graphs/train_graphs/events_00900_to_00999_train.pt with 99 events
Event 1000...
Event 1025...
Event 1050...
Event 1075...
Saving chunk 10 to /eos/user/e/ebornand/DFEI/PYTHIA/BtoKSpimumu/npy_array/neutrals_with_id/graphs/train_graphs/events_01000_to_01099_train.pt with 100 events
Event 1100...
Event 1125...
Event 1150...
Event 1175...
Saving chunk 11 to /eos/user/e/ebornand/DFEI/PYTHIA/BtoKSpimumu/npy_array/neutrals_with_id/graphs/train_graphs/events_01100_to_01199_train.pt with 99 events
Event 1200...
Event 1225...
Event 1250...
Event 1275...
Saving chunk 12 to /eos/user/e/ebornand/DFEI/PYTHIA/BtoKSpimumu/npy_array/neutrals_with_id/graphs/train_graphs/events_01200_to_01299_train.pt with 100 events
Event 1300...
Event 1325...
Event 1350...
Event 1375...
Saving chunk 13 to /eos/user/e/ebornand/DFEI/PYTHIA/BtoKSpimumu/npy_array/neutrals_with_id/graphs/train_graphs/events_01300_to_01399_train.pt with 99 events
Event 1400...
Event 1425...
Event 1450...
Event 1475...
Saving chunk 14 to /eos/user/e/ebornand/DFEI/PYTHIA/BtoKSpimumu/npy_array/neutrals_with_id/graphs/train_graphs/events_01400_to_01499_train.pt with 100 events
Event 1500...
Event 1525...
Event 1550...
Event 1575...
Saving chunk 15 to /eos/user/e/ebornand/DFEI/PYTHIA/BtoKSpimumu/npy_array/neutrals_with_id/graphs/train_graphs/events_01500_to_01599_train.pt with 100 events
Event 1600...
Event 1625...
Event 1650...
Event 1675...
Saving chunk 16 to /eos/user/e/ebornand/DFEI/PYTHIA/BtoKSpimumu/npy_array/neutrals_with_id/graphs/train_graphs/events_01600_to_01699_train.pt with 100 events
Event 1700...
Event 1725...
Event 1750...
Event 1775...
Saving chunk 17 to /eos/user/e/ebornand/DFEI/PYTHIA/BtoKSpimumu/npy_array/neutrals_with_id/graphs/train_graphs/events_01700_to_01799_train.pt with 100 events
Event 1800...
Event 1825...
Event 1850...
Event 1875...
Saving chunk 18 to /eos/user/e/ebornand/DFEI/PYTHIA/BtoKSpimumu/npy_array/neutrals_with_id/graphs/train_graphs/events_01800_to_01899_train.pt with 100 events
Event 1900...
Event 1925...
Event 1950...
Event 1975...
Saving chunk 19 to /eos/user/e/ebornand/DFEI/PYTHIA/BtoKSpimumu/npy_array/neutrals_with_id/graphs/train_graphs/events_01900_to_01999_train.pt with 100 events
Event 2000...
Event 2025...
Event 2050...
Event 2075...
Saving chunk 20 to /eos/user/e/ebornand/DFEI/PYTHIA/BtoKSpimumu/npy_array/neutrals_with_id/graphs/train_graphs/events_02000_to_02099_train.pt with 98 events
Event 2100...
Event 2125...
Event 2150...
Event 2175...
Saving chunk 21 to /eos/user/e/ebornand/DFEI/PYTHIA/BtoKSpimumu/npy_array/neutrals_with_id/graphs/train_graphs/events_02100_to_02199_train.pt with 100 events
Event 2200...
Event 2225...
Event 2250...
Event 2275...
Saving chunk 22 to /eos/user/e/ebornand/DFEI/PYTHIA/BtoKSpimumu/npy_array/neutrals_with_id/graphs/train_graphs/events_02200_to_02299_train.pt with 100 events
Event 2300...
Event 2325...
Event 2350...
Event 2375...
Saving chunk 23 to /eos/user/e/ebornand/DFEI/PYTHIA/BtoKSpimumu/npy_array/neutrals_with_id/graphs/train_graphs/events_02300_to_02399_train.pt with 100 events
Event 2400...
Event 2425...
Event 2450...
Event 2475...
Saving chunk 24 to /eos/user/e/ebornand/DFEI/PYTHIA/BtoKSpimumu/npy_array/neutrals_with_id/graphs/train_graphs/events_02400_to_02499_train.pt with 100 events
Event 2500...
Event 2525...
Event 2550...
Event 2575...
Saving chunk 25 to /eos/user/e/ebornand/DFEI/PYTHIA/BtoKSpimumu/npy_array/neutrals_with_id/graphs/train_graphs/events_02500_to_02599_train.pt with 100 events
Event 2600...
Event 2625...
Event 2650...
Event 2675...
Saving chunk 26 to /eos/user/e/ebornand/DFEI/PYTHIA/BtoKSpimumu/npy_array/neutrals_with_id/graphs/train_graphs/events_02600_to_02699_train.pt with 100 events
Event 2700...
Event 2725...
Event 2750...
Event 2775...
Saving chunk 27 to /eos/user/e/ebornand/DFEI/PYTHIA/BtoKSpimumu/npy_array/neutrals_with_id/graphs/train_graphs/events_02700_to_02799_train.pt with 100 events
Event 2800...
Event 2825...
Event 2850...
Event 2875...
Saving chunk 28 to /eos/user/e/ebornand/DFEI/PYTHIA/BtoKSpimumu/npy_array/neutrals_with_id/graphs/train_graphs/events_02800_to_02899_train.pt with 98 events
Event 2900...
Event 2925...
Event 2950...
Event 2975...
Saving chunk 29 to /eos/user/e/ebornand/DFEI/PYTHIA/BtoKSpimumu/npy_array/neutrals_with_id/graphs/train_graphs/events_02900_to_02999_train.pt with 100 events
Event 3000...
Event 3025...
Event 3050...
Event 3075...
Saving chunk 30 to /eos/user/e/ebornand/DFEI/PYTHIA/BtoKSpimumu/npy_array/neutrals_with_id/graphs/train_graphs/events_03000_to_03099_train.pt with 100 events
Event 3100...
Event 3125...
Event 3150...
Event 3175...
Saving chunk 31 to /eos/user/e/ebornand/DFEI/PYTHIA/BtoKSpimumu/npy_array/neutrals_with_id/graphs/train_graphs/events_03100_to_03199_train.pt with 100 events
Event 3200...
Event 3225...
Event 3250...
Event 3275...
Saving chunk 32 to /eos/user/e/ebornand/DFEI/PYTHIA/BtoKSpimumu/npy_array/neutrals_with_id/graphs/train_graphs/events_03200_to_03299_train.pt with 100 events
Event 3300...
Event 3325...
Event 3350...
Event 3375...
Saving chunk 33 to /eos/user/e/ebornand/DFEI/PYTHIA/BtoKSpimumu/npy_array/neutrals_with_id/graphs/train_graphs/events_03300_to_03399_train.pt with 100 events
Event 3400...
Event 3425...
Event 3450...
Event 3475...
Saving chunk 34 to /eos/user/e/ebornand/DFEI/PYTHIA/BtoKSpimumu/npy_array/neutrals_with_id/graphs/train_graphs/events_03400_to_03499_train.pt with 99 events
Event 3500...
Event 3525...
Event 3550...
Event 3575...
Saving chunk 35 to /eos/user/e/ebornand/DFEI/PYTHIA/BtoKSpimumu/npy_array/neutrals_with_id/graphs/train_graphs/events_03500_to_03599_train.pt with 100 events
Event 3600...
Event 3625...
Event 3650...
Event 3675...
Saving chunk 36 to /eos/user/e/ebornand/DFEI/PYTHIA/BtoKSpimumu/npy_array/neutrals_with_id/graphs/train_graphs/events_03600_to_03699_train.pt with 100 events
Event 3700...
Event 3725...
Event 3750...
Event 3775...
Saving chunk 37 to /eos/user/e/ebornand/DFEI/PYTHIA/BtoKSpimumu/npy_array/neutrals_with_id/graphs/train_graphs/events_03700_to_03799_train.pt with 100 events
Event 3800...
Event 3825...
Event 3850...
Event 3875...
Saving chunk 38 to /eos/user/e/ebornand/DFEI/PYTHIA/BtoKSpimumu/npy_array/neutrals_with_id/graphs/train_graphs/events_03800_to_03899_train.pt with 100 events
Event 3900...
Event 3925...
Event 3950...
Event 3975...
Saving chunk 39 to /eos/user/e/ebornand/DFEI/PYTHIA/BtoKSpimumu/npy_array/neutrals_with_id/graphs/train_graphs/events_03900_to_03999_train.pt with 99 events
Processed 3991 events in 1208.24s, avg 0.30s/event
Generating graphs from scratch...
Event 0...
Event 25...
Event 50...
Event 75...
Saving chunk 0 to /eos/user/e/ebornand/DFEI/PYTHIA/BtoKSpimumu/npy_array/neutrals_with_id/graphs/val_graphs/events_00000_to_00099_val.pt with 100 events
Event 100...
Event 125...
Event 150...
Event 175...
Saving chunk 1 to /eos/user/e/ebornand/DFEI/PYTHIA/BtoKSpimumu/npy_array/neutrals_with_id/graphs/val_graphs/events_00100_to_00199_val.pt with 100 events
Event 200...
Event 225...
Event 250...
Event 275...
Saving chunk 2 to /eos/user/e/ebornand/DFEI/PYTHIA/BtoKSpimumu/npy_array/neutrals_with_id/graphs/val_graphs/events_00200_to_00299_val.pt with 100 events
Event 300...
Event 325...
Event 350...
Event 375...
Saving chunk 3 to /eos/user/e/ebornand/DFEI/PYTHIA/BtoKSpimumu/npy_array/neutrals_with_id/graphs/val_graphs/events_00300_to_00399_val.pt with 99 events
Event 400...
Event 425...
Event 450...
Event 475...
Saving chunk 4 to /eos/user/e/ebornand/DFEI/PYTHIA/BtoKSpimumu/npy_array/neutrals_with_id/graphs/val_graphs/events_00400_to_00499_val.pt with 99 events
Event 500...
Event 525...
Event 550...
Event 575...
Saving chunk 5 to /eos/user/e/ebornand/DFEI/PYTHIA/BtoKSpimumu/npy_array/neutrals_with_id/graphs/val_graphs/events_00500_to_00599_val.pt with 100 events
Event 600...
Event 625...
Event 650...
Event 675...
Saving chunk 6 to /eos/user/e/ebornand/DFEI/PYTHIA/BtoKSpimumu/npy_array/neutrals_with_id/graphs/val_graphs/events_00600_to_00699_val.pt with 99 events
Event 700...
Event 725...
Event 750...
Event 775...
Saving chunk 7 to /eos/user/e/ebornand/DFEI/PYTHIA/BtoKSpimumu/npy_array/neutrals_with_id/graphs/val_graphs/events_00700_to_00799_val.pt with 100 events
Event 800...
Event 825...
Event 850...
Event 875...
Saving chunk 8 to /eos/user/e/ebornand/DFEI/PYTHIA/BtoKSpimumu/npy_array/neutrals_with_id/graphs/val_graphs/events_00800_to_00899_val.pt with 100 events
Event 900...
Event 925...
Event 950...
Event 975...
Saving chunk 9 to /eos/user/e/ebornand/DFEI/PYTHIA/BtoKSpimumu/npy_array/neutrals_with_id/graphs/val_graphs/events_00900_to_00999_val.pt with 100 events
Processed 997 events in 311.44s, avg 0.31s/event
Initializing model neutral_heterognn
Training model
Amount signal: 11383, 0.0187843243385964
Amount bkg: 594601, 0.9812156756614036
Amount total: 605984
Weights :tensor([ 0.5096, 26.6179])
Use logits False
Checkpoint path: outputs/Final_neutrals_8block_50+10_epochs_message_passing_BCE/
Running 50 epochs with learning rate 0.001
[16:49:35]  At epoch 0
