Tue Aug 26 14:18:39 2025       
+-----------------------------------------------------------------------------------------+
| NVIDIA-SMI 575.57.08              Driver Version: 575.57.08      CUDA Version: 12.9     |
|-----------------------------------------+------------------------+----------------------+
| GPU  Name                 Persistence-M | Bus-Id          Disp.A | Volatile Uncorr. ECC |
| Fan  Temp   Perf          Pwr:Usage/Cap |           Memory-Usage | GPU-Util  Compute M. |
|                                         |                        |               MIG M. |
|=========================================+========================+======================|
|   0  NVIDIA A100-PCIE-40GB          Off |   00000000:06:00.0 Off |                    0 |
| N/A   36C    P0             40W /  250W |       4MiB /  40960MiB |      0%      Default |
|                                         |                        |             Disabled |
+-----------------------------------------+------------------------+----------------------+
                                                                                         
+-----------------------------------------------------------------------------------------+
| Processes:                                                                              |
|  GPU   GI   CI              PID   Type   Process name                        GPU Memory |
|        ID   ID                                                               Usage      |
|=========================================================================================|
|  No running processes found                                                             |
+-----------------------------------------------------------------------------------------+
Loading Config
Loading Dataset neutrals
Using 4000 events for training
Using 1000 events for validation
Creating neutrals dataset...
Data loader created
Generating graphs from scratch...
Event 0...
Event 25...
Event 50...
Event 75...
Saving chunk 0 to /eos/user/e/ebornand/DFEI/PYTHIA/BtoKSpimumu/npy_array/neutrals_with_id/graphs/train_graphs/events_00000_to_00099_train.pt with 100 events
Event 100...
Event 125...
Event 150...
Event 175...
Saving chunk 1 to /eos/user/e/ebornand/DFEI/PYTHIA/BtoKSpimumu/npy_array/neutrals_with_id/graphs/train_graphs/events_00100_to_00199_train.pt with 100 events
Event 200...
Event 225...
Event 250...
Event 275...
Saving chunk 2 to /eos/user/e/ebornand/DFEI/PYTHIA/BtoKSpimumu/npy_array/neutrals_with_id/graphs/train_graphs/events_00200_to_00299_train.pt with 100 events
Event 300...
Event 325...
Event 350...
Event 375...
Saving chunk 3 to /eos/user/e/ebornand/DFEI/PYTHIA/BtoKSpimumu/npy_array/neutrals_with_id/graphs/train_graphs/events_00300_to_00399_train.pt with 100 events
Event 400...
Event 425...
Event 450...
Event 475...
Saving chunk 4 to /eos/user/e/ebornand/DFEI/PYTHIA/BtoKSpimumu/npy_array/neutrals_with_id/graphs/train_graphs/events_00400_to_00499_train.pt with 100 events
Event 500...
Event 525...
Event 550...
Event 575...
Saving chunk 5 to /eos/user/e/ebornand/DFEI/PYTHIA/BtoKSpimumu/npy_array/neutrals_with_id/graphs/train_graphs/events_00500_to_00599_train.pt with 100 events
Event 600...
Event 625...
Event 650...
Event 675...
Saving chunk 6 to /eos/user/e/ebornand/DFEI/PYTHIA/BtoKSpimumu/npy_array/neutrals_with_id/graphs/train_graphs/events_00600_to_00699_train.pt with 100 events
Event 700...
Event 725...
Event 750...
Event 775...
Saving chunk 7 to /eos/user/e/ebornand/DFEI/PYTHIA/BtoKSpimumu/npy_array/neutrals_with_id/graphs/train_graphs/events_00700_to_00799_train.pt with 100 events
Event 800...
Event 825...
Event 850...
Event 875...
Saving chunk 8 to /eos/user/e/ebornand/DFEI/PYTHIA/BtoKSpimumu/npy_array/neutrals_with_id/graphs/train_graphs/events_00800_to_00899_train.pt with 100 events
Event 900...
Event 925...
Event 950...
Event 975...
Saving chunk 9 to /eos/user/e/ebornand/DFEI/PYTHIA/BtoKSpimumu/npy_array/neutrals_with_id/graphs/train_graphs/events_00900_to_00999_train.pt with 99 events
Event 1000...
Event 1025...
Event 1050...
Event 1075...
Saving chunk 10 to /eos/user/e/ebornand/DFEI/PYTHIA/BtoKSpimumu/npy_array/neutrals_with_id/graphs/train_graphs/events_01000_to_01099_train.pt with 100 events
Event 1100...
Event 1125...
Event 1150...
Event 1175...
Saving chunk 11 to /eos/user/e/ebornand/DFEI/PYTHIA/BtoKSpimumu/npy_array/neutrals_with_id/graphs/train_graphs/events_01100_to_01199_train.pt with 99 events
Event 1200...
Event 1225...
Event 1250...
Event 1275...
Saving chunk 12 to /eos/user/e/ebornand/DFEI/PYTHIA/BtoKSpimumu/npy_array/neutrals_with_id/graphs/train_graphs/events_01200_to_01299_train.pt with 100 events
Event 1300...
Event 1325...
Event 1350...
Event 1375...
Saving chunk 13 to /eos/user/e/ebornand/DFEI/PYTHIA/BtoKSpimumu/npy_array/neutrals_with_id/graphs/train_graphs/events_01300_to_01399_train.pt with 99 events
Event 1400...
Event 1425...
Event 1450...
Event 1475...
Saving chunk 14 to /eos/user/e/ebornand/DFEI/PYTHIA/BtoKSpimumu/npy_array/neutrals_with_id/graphs/train_graphs/events_01400_to_01499_train.pt with 100 events
Event 1500...
Event 1525...
Event 1550...
Event 1575...
Saving chunk 15 to /eos/user/e/ebornand/DFEI/PYTHIA/BtoKSpimumu/npy_array/neutrals_with_id/graphs/train_graphs/events_01500_to_01599_train.pt with 100 events
Event 1600...
Event 1625...
Event 1650...
Event 1675...
Saving chunk 16 to /eos/user/e/ebornand/DFEI/PYTHIA/BtoKSpimumu/npy_array/neutrals_with_id/graphs/train_graphs/events_01600_to_01699_train.pt with 100 events
Event 1700...
Event 1725...
Event 1750...
Event 1775...
Saving chunk 17 to /eos/user/e/ebornand/DFEI/PYTHIA/BtoKSpimumu/npy_array/neutrals_with_id/graphs/train_graphs/events_01700_to_01799_train.pt with 100 events
Event 1800...
Event 1825...
Event 1850...
Event 1875...
Saving chunk 18 to /eos/user/e/ebornand/DFEI/PYTHIA/BtoKSpimumu/npy_array/neutrals_with_id/graphs/train_graphs/events_01800_to_01899_train.pt with 100 events
Event 1900...
Event 1925...
Event 1950...
Event 1975...
Saving chunk 19 to /eos/user/e/ebornand/DFEI/PYTHIA/BtoKSpimumu/npy_array/neutrals_with_id/graphs/train_graphs/events_01900_to_01999_train.pt with 100 events
Event 2000...
Event 2025...
Event 2050...
Event 2075...
Saving chunk 20 to /eos/user/e/ebornand/DFEI/PYTHIA/BtoKSpimumu/npy_array/neutrals_with_id/graphs/train_graphs/events_02000_to_02099_train.pt with 98 events
Event 2100...
Event 2125...
Event 2150...
Event 2175...
Saving chunk 21 to /eos/user/e/ebornand/DFEI/PYTHIA/BtoKSpimumu/npy_array/neutrals_with_id/graphs/train_graphs/events_02100_to_02199_train.pt with 100 events
Event 2200...
Event 2225...
Event 2250...
Event 2275...
Saving chunk 22 to /eos/user/e/ebornand/DFEI/PYTHIA/BtoKSpimumu/npy_array/neutrals_with_id/graphs/train_graphs/events_02200_to_02299_train.pt with 100 events
Event 2300...
Event 2325...
Event 2350...
Event 2375...
Saving chunk 23 to /eos/user/e/ebornand/DFEI/PYTHIA/BtoKSpimumu/npy_array/neutrals_with_id/graphs/train_graphs/events_02300_to_02399_train.pt with 100 events
Event 2400...
Event 2425...
Event 2450...
Event 2475...
Saving chunk 24 to /eos/user/e/ebornand/DFEI/PYTHIA/BtoKSpimumu/npy_array/neutrals_with_id/graphs/train_graphs/events_02400_to_02499_train.pt with 100 events
Event 2500...
Event 2525...
Event 2550...
Event 2575...
Saving chunk 25 to /eos/user/e/ebornand/DFEI/PYTHIA/BtoKSpimumu/npy_array/neutrals_with_id/graphs/train_graphs/events_02500_to_02599_train.pt with 100 events
Event 2600...
Event 2625...
Event 2650...
Event 2675...
Saving chunk 26 to /eos/user/e/ebornand/DFEI/PYTHIA/BtoKSpimumu/npy_array/neutrals_with_id/graphs/train_graphs/events_02600_to_02699_train.pt with 100 events
Event 2700...
Event 2725...
Event 2750...
Event 2775...
Saving chunk 27 to /eos/user/e/ebornand/DFEI/PYTHIA/BtoKSpimumu/npy_array/neutrals_with_id/graphs/train_graphs/events_02700_to_02799_train.pt with 100 events
Event 2800...
Event 2825...
Event 2850...
Event 2875...
Saving chunk 28 to /eos/user/e/ebornand/DFEI/PYTHIA/BtoKSpimumu/npy_array/neutrals_with_id/graphs/train_graphs/events_02800_to_02899_train.pt with 98 events
Event 2900...
Event 2925...
Event 2950...
Event 2975...
Saving chunk 29 to /eos/user/e/ebornand/DFEI/PYTHIA/BtoKSpimumu/npy_array/neutrals_with_id/graphs/train_graphs/events_02900_to_02999_train.pt with 100 events
Event 3000...
Event 3025...
Event 3050...
Event 3075...
Saving chunk 30 to /eos/user/e/ebornand/DFEI/PYTHIA/BtoKSpimumu/npy_array/neutrals_with_id/graphs/train_graphs/events_03000_to_03099_train.pt with 100 events
Event 3100...
Event 3125...
Event 3150...
Event 3175...
Saving chunk 31 to /eos/user/e/ebornand/DFEI/PYTHIA/BtoKSpimumu/npy_array/neutrals_with_id/graphs/train_graphs/events_03100_to_03199_train.pt with 100 events
Event 3200...
Event 3225...
Event 3250...
Event 3275...
Saving chunk 32 to /eos/user/e/ebornand/DFEI/PYTHIA/BtoKSpimumu/npy_array/neutrals_with_id/graphs/train_graphs/events_03200_to_03299_train.pt with 100 events
Event 3300...
Event 3325...
Event 3350...
Event 3375...
Saving chunk 33 to /eos/user/e/ebornand/DFEI/PYTHIA/BtoKSpimumu/npy_array/neutrals_with_id/graphs/train_graphs/events_03300_to_03399_train.pt with 100 events
Event 3400...
Event 3425...
Event 3450...
Event 3475...
Saving chunk 34 to /eos/user/e/ebornand/DFEI/PYTHIA/BtoKSpimumu/npy_array/neutrals_with_id/graphs/train_graphs/events_03400_to_03499_train.pt with 99 events
Event 3500...
Event 3525...
Event 3550...
Event 3575...
Saving chunk 35 to /eos/user/e/ebornand/DFEI/PYTHIA/BtoKSpimumu/npy_array/neutrals_with_id/graphs/train_graphs/events_03500_to_03599_train.pt with 100 events
Event 3600...
Event 3625...
Event 3650...
Event 3675...
Saving chunk 36 to /eos/user/e/ebornand/DFEI/PYTHIA/BtoKSpimumu/npy_array/neutrals_with_id/graphs/train_graphs/events_03600_to_03699_train.pt with 100 events
Event 3700...
Event 3725...
Event 3750...
Event 3775...
Saving chunk 37 to /eos/user/e/ebornand/DFEI/PYTHIA/BtoKSpimumu/npy_array/neutrals_with_id/graphs/train_graphs/events_03700_to_03799_train.pt with 100 events
Event 3800...
Event 3825...
Event 3850...
Event 3875...
Saving chunk 38 to /eos/user/e/ebornand/DFEI/PYTHIA/BtoKSpimumu/npy_array/neutrals_with_id/graphs/train_graphs/events_03800_to_03899_train.pt with 100 events
Event 3900...
Event 3925...
Event 3950...
Event 3975...
Saving chunk 39 to /eos/user/e/ebornand/DFEI/PYTHIA/BtoKSpimumu/npy_array/neutrals_with_id/graphs/train_graphs/events_03900_to_03999_train.pt with 99 events
Processed 3991 events in 1249.00s, avg 0.31s/event
Generating graphs from scratch...
Event 0...
Event 25...
Event 50...
Event 75...
Saving chunk 0 to /eos/user/e/ebornand/DFEI/PYTHIA/BtoKSpimumu/npy_array/neutrals_with_id/graphs/val_graphs/events_00000_to_00099_val.pt with 100 events
Event 100...
Event 125...
Event 150...
Event 175...
Saving chunk 1 to /eos/user/e/ebornand/DFEI/PYTHIA/BtoKSpimumu/npy_array/neutrals_with_id/graphs/val_graphs/events_00100_to_00199_val.pt with 100 events
Event 200...
Event 225...
Event 250...
Event 275...
Saving chunk 2 to /eos/user/e/ebornand/DFEI/PYTHIA/BtoKSpimumu/npy_array/neutrals_with_id/graphs/val_graphs/events_00200_to_00299_val.pt with 100 events
Event 300...
Event 325...
Event 350...
Event 375...
Saving chunk 3 to /eos/user/e/ebornand/DFEI/PYTHIA/BtoKSpimumu/npy_array/neutrals_with_id/graphs/val_graphs/events_00300_to_00399_val.pt with 99 events
Event 400...
Event 425...
Event 450...
Event 475...
Saving chunk 4 to /eos/user/e/ebornand/DFEI/PYTHIA/BtoKSpimumu/npy_array/neutrals_with_id/graphs/val_graphs/events_00400_to_00499_val.pt with 99 events
Event 500...
Event 525...
Event 550...
Event 575...
Saving chunk 5 to /eos/user/e/ebornand/DFEI/PYTHIA/BtoKSpimumu/npy_array/neutrals_with_id/graphs/val_graphs/events_00500_to_00599_val.pt with 100 events
Event 600...
Event 625...
Event 650...
Event 675...
Saving chunk 6 to /eos/user/e/ebornand/DFEI/PYTHIA/BtoKSpimumu/npy_array/neutrals_with_id/graphs/val_graphs/events_00600_to_00699_val.pt with 99 events
Event 700...
Event 725...
Event 750...
Event 775...
Saving chunk 7 to /eos/user/e/ebornand/DFEI/PYTHIA/BtoKSpimumu/npy_array/neutrals_with_id/graphs/val_graphs/events_00700_to_00799_val.pt with 100 events
Event 800...
Event 825...
Event 850...
Event 875...
Saving chunk 8 to /eos/user/e/ebornand/DFEI/PYTHIA/BtoKSpimumu/npy_array/neutrals_with_id/graphs/val_graphs/events_00800_to_00899_val.pt with 100 events
Event 900...
Event 925...
Event 950...
Event 975...
Saving chunk 9 to /eos/user/e/ebornand/DFEI/PYTHIA/BtoKSpimumu/npy_array/neutrals_with_id/graphs/val_graphs/events_00900_to_00999_val.pt with 100 events
Processed 997 events in 325.09s, avg 0.33s/event
Initializing model neutral_heterognn
Training model
Amount signal: 11383, 0.0187843243385964
Amount bkg: 594601, 0.9812156756614036
Amount total: 605984
Weights :tensor([ 0.5096, 26.6179])
Use logits False
Checkpoint path: outputs/Final_neutrals_8block_50+5_epochs_message_passing_BCE/
Running 50 epochs with learning rate 0.001
[14:47:43]  At epoch 0
  batch 12 last_batch 12 loss: 1.3949307302633922
  batch 3 last_batch 3 loss: 1.3735458056132
Epoch 0 | default threshold:
  Train - Acc: 0.7200, Eff: 0.2818, Rej: 0.7285, ROC AUC: 0.5044
  Val   - Acc: 0.9809, Eff: 0.0000, Rej: 1.0000, ROC AUC: 0.6062
[14:47:53]  At epoch 1
  batch 12 last_batch 12 loss: 1.3522859414418538
  batch 3 last_batch 3 loss: 1.3735528389612834
No improvement in validation loss. Patience: 1/6
Epoch 1 | default threshold:
  Train - Acc: 0.9814, Eff: 0.0007, Rej: 1.0000, ROC AUC: 0.5190
  Val   - Acc: 0.9809, Eff: 0.0000, Rej: 1.0000, ROC AUC: 0.6494
[14:47:58]  At epoch 2
  batch 12 last_batch 12 loss: 1.3564356068770091
  batch 3 last_batch 3 loss: 1.3707381884257
Epoch 2 | default threshold:
  Train - Acc: 0.8266, Eff: 0.2005, Rej: 0.8386, ROC AUC: 0.5522
  Val   - Acc: 0.1633, Eff: 0.9966, Rej: 0.1471, ROC AUC: 0.6665
[14:48:04]  At epoch 3
  batch 12 last_batch 12 loss: 1.3402707278728485
  batch 3 last_batch 3 loss: 1.3559975226720173
Epoch 3 | default threshold:
  Train - Acc: 0.2152, Eff: 0.9730, Rej: 0.2010, ROC AUC: 0.6488
  Val   - Acc: 0.2179, Eff: 0.9907, Rej: 0.2028, ROC AUC: 0.6740
[14:48:10]  At epoch 4
  batch 12 last_batch 12 loss: 1.2995972235997517
  batch 3 last_batch 3 loss: 1.2578436136245728
Epoch 4 | default threshold:
  Train - Acc: 0.3298, Eff: 0.9011, Rej: 0.3189, ROC AUC: 0.6566
  Val   - Acc: 0.2494, Eff: 0.9830, Rej: 0.2351, ROC AUC: 0.7192
[14:48:16]  At epoch 5
  batch 12 last_batch 12 loss: 1.1970788439114888
  batch 3 last_batch 3 loss: 1.1651943524678547
Epoch 5 | default threshold:
  Train - Acc: 0.5694, Eff: 0.7319, Rej: 0.5663, ROC AUC: 0.7101
  Val   - Acc: 0.5366, Eff: 0.8087, Rej: 0.5313, ROC AUC: 0.7465
[14:48:22]  At epoch 6
  batch 12 last_batch 12 loss: 1.1355143388112385
  batch 3 last_batch 3 loss: 1.151253620783488
Epoch 6 | default threshold:
  Train - Acc: 0.5957, Eff: 0.7482, Rej: 0.5928, ROC AUC: 0.7428
  Val   - Acc: 0.8166, Eff: 0.5252, Rej: 0.8222, ROC AUC: 0.7692
[14:48:27]  At epoch 7
  batch 12 last_batch 12 loss: 1.0870376924673717
  batch 3 last_batch 3 loss: 1.0775631268819172
Epoch 7 | default threshold:
  Train - Acc: 0.6682, Eff: 0.7148, Rej: 0.6673, ROC AUC: 0.7703
  Val   - Acc: 0.7071, Eff: 0.7039, Rej: 0.7071, ROC AUC: 0.7851
[14:48:33]  At epoch 8
  batch 12 last_batch 12 loss: 1.0401841948429744
  batch 3 last_batch 3 loss: 1.0444920063018799
Epoch 8 | default threshold:
  Train - Acc: 0.6944, Eff: 0.7377, Rej: 0.6936, ROC AUC: 0.7964
  Val   - Acc: 0.8582, Eff: 0.5558, Rej: 0.8642, ROC AUC: 0.8155
[14:48:39]  At epoch 9
  batch 12 last_batch 12 loss: 0.9916608482599258
  batch 3 last_batch 3 loss: 0.9889001250267029
Epoch 9 | default threshold:
  Train - Acc: 0.7588, Eff: 0.6982, Rej: 0.7600, ROC AUC: 0.8199
  Val   - Acc: 0.7480, Eff: 0.7200, Rej: 0.7486, ROC AUC: 0.8273
[14:48:45]  At epoch 10
  batch 12 last_batch 12 loss: 0.9740511228640875
  batch 3 last_batch 3 loss: 0.9743782083193461
Epoch 10 | default threshold:
  Train - Acc: 0.7412, Eff: 0.7378, Rej: 0.7413, ROC AUC: 0.8294
  Val   - Acc: 0.7474, Eff: 0.7285, Rej: 0.7478, ROC AUC: 0.8326
[14:48:51]  At epoch 11
  batch 12 last_batch 12 loss: 0.9652595470348994
  batch 3 last_batch 3 loss: 0.9760687549908956
No improvement in validation loss. Patience: 1/6
Epoch 11 | default threshold:
  Train - Acc: 0.7303, Eff: 0.7499, Rej: 0.7300, ROC AUC: 0.8318
  Val   - Acc: 0.6537, Eff: 0.8286, Rej: 0.6503, ROC AUC: 0.8342
[14:48:57]  At epoch 12
  batch 12 last_batch 12 loss: 0.9560338258743286
  batch 3 last_batch 3 loss: 0.9751718839009603
No improvement in validation loss. Patience: 2/6
Epoch 12 | default threshold:
  Train - Acc: 0.7274, Eff: 0.7560, Rej: 0.7269, ROC AUC: 0.8343
  Val   - Acc: 0.6282, Eff: 0.8545, Rej: 0.6238, ROC AUC: 0.8359
[14:49:02]  At epoch 13
  batch 12 last_batch 12 loss: 0.9538158724705378
  batch 3 last_batch 3 loss: 0.9682777325312296
Epoch 13 | default threshold:
  Train - Acc: 0.7115, Eff: 0.7701, Rej: 0.7104, ROC AUC: 0.8340
  Val   - Acc: 0.8012, Eff: 0.6725, Rej: 0.8037, ROC AUC: 0.8384
[14:49:08]  At epoch 14
  batch 12 last_batch 12 loss: 0.9401321858167648
  batch 3 last_batch 3 loss: 0.9487947424252828
Epoch 14 | default threshold:
  Train - Acc: 0.7206, Eff: 0.7746, Rej: 0.7196, ROC AUC: 0.8390
  Val   - Acc: 0.7403, Eff: 0.7480, Rej: 0.7402, ROC AUC: 0.8397
[14:49:14]  At epoch 15
  batch 12 last_batch 12 loss: 0.9388183454672495
  batch 3 last_batch 3 loss: 0.9420161048571268
Epoch 15 | default threshold:
  Train - Acc: 0.7158, Eff: 0.7777, Rej: 0.7146, ROC AUC: 0.8400
  Val   - Acc: 0.7647, Eff: 0.7246, Rej: 0.7655, ROC AUC: 0.8435
Saving checkpoint at epoch 15
Checkpoint saved to outputs/Final_neutrals_8block_50+5_epochs_message_passing_BCE/checkpoint_15.pt
[14:49:22]  At epoch 16
  batch 12 last_batch 12 loss: 0.9307812800010046
  batch 3 last_batch 3 loss: 0.9428929885228475
No improvement in validation loss. Patience: 1/6
Epoch 16 | default threshold:
  Train - Acc: 0.7230, Eff: 0.7779, Rej: 0.7220, ROC AUC: 0.8423
  Val   - Acc: 0.6377, Eff: 0.8634, Rej: 0.6333, ROC AUC: 0.8442
[14:49:28]  At epoch 17
  batch 12 last_batch 12 loss: 0.9107816070318222
  batch 3 last_batch 3 loss: 0.9158182740211487
Epoch 17 | default threshold:
  Train - Acc: 0.7003, Eff: 0.8114, Rej: 0.6982, ROC AUC: 0.8481
  Val   - Acc: 0.7815, Eff: 0.7153, Rej: 0.7828, ROC AUC: 0.8554
[14:49:33]  At epoch 18
  batch 12 last_batch 12 loss: 0.9764981418848038
  batch 3 last_batch 3 loss: 1.0452404816945393
No improvement in validation loss. Patience: 1/6
Epoch 18 | default threshold:
  Train - Acc: 0.6285, Eff: 0.8422, Rej: 0.6244, ROC AUC: 0.8252
  Val   - Acc: 0.8492, Eff: 0.5728, Rej: 0.8546, ROC AUC: 0.8286
[14:49:39]  At epoch 19
  batch 12 last_batch 12 loss: 0.9599779546260834
  batch 3 last_batch 3 loss: 0.9348839521408081
No improvement in validation loss. Patience: 2/6
Epoch 19 | default threshold:
  Train - Acc: 0.7520, Eff: 0.7077, Rej: 0.7529, ROC AUC: 0.8278
  Val   - Acc: 0.7606, Eff: 0.7319, Rej: 0.7611, ROC AUC: 0.8457
[14:49:45]  At epoch 20
  batch 12 last_batch 12 loss: 0.9049133906761805
  batch 3 last_batch 3 loss: 0.8892478744188944
Epoch 20 | default threshold:
  Train - Acc: 0.6881, Eff: 0.8330, Rej: 0.6853, ROC AUC: 0.8503
  Val   - Acc: 0.7134, Eff: 0.8197, Rej: 0.7113, ROC AUC: 0.8554
[14:49:50]  At epoch 21
  batch 12 last_batch 12 loss: 0.8539177378018697
  batch 3 last_batch 3 loss: 0.8756082455317179
Epoch 21 | default threshold:
  Train - Acc: 0.6893, Eff: 0.8639, Rej: 0.6860, ROC AUC: 0.8615
  Val   - Acc: 0.5919, Eff: 0.9584, Rej: 0.5848, ROC AUC: 0.8624
[14:49:56]  At epoch 22
  batch 12 last_batch 12 loss: 1.0406525085369747
  batch 3 last_batch 3 loss: 1.0367985566457112
No improvement in validation loss. Patience: 1/6
Epoch 22 | default threshold:
  Train - Acc: 0.5789, Eff: 0.8301, Rej: 0.5739, ROC AUC: 0.8007
  Val   - Acc: 0.8278, Eff: 0.6105, Rej: 0.8321, ROC AUC: 0.8127
[14:50:02]  At epoch 23
  batch 12 last_batch 12 loss: 1.0043613861004512
  batch 3 last_batch 3 loss: 0.9756209254264832
No improvement in validation loss. Patience: 2/6
Epoch 23 | default threshold:
  Train - Acc: 0.7545, Eff: 0.7008, Rej: 0.7555, ROC AUC: 0.8233
  Val   - Acc: 0.7416, Eff: 0.7395, Rej: 0.7417, ROC AUC: 0.8353
[14:50:07]  At epoch 24
  batch 12 last_batch 12 loss: 0.9612688918908437
  batch 3 last_batch 3 loss: 1.0084535082181294
No improvement in validation loss. Patience: 3/6
Epoch 24 | default threshold:
  Train - Acc: 0.7230, Eff: 0.7617, Rej: 0.7222, ROC AUC: 0.8336
  Val   - Acc: 0.8652, Eff: 0.5613, Rej: 0.8711, ROC AUC: 0.8368
[14:50:13]  At epoch 25
  batch 12 last_batch 12 loss: 0.9614957720041275
  batch 3 last_batch 3 loss: 0.9601768453915914
No improvement in validation loss. Patience: 4/6
Epoch 25 | default threshold:
  Train - Acc: 0.7104, Eff: 0.7672, Rej: 0.7093, ROC AUC: 0.8310
  Val   - Acc: 0.7660, Eff: 0.7081, Rej: 0.7671, ROC AUC: 0.8373
[14:50:18]  At epoch 26
  batch 12 last_batch 12 loss: 0.9562104940414429
  batch 3 last_batch 3 loss: 0.9487053950627645
No improvement in validation loss. Patience: 5/6
Epoch 26 | default threshold:
  Train - Acc: 0.7056, Eff: 0.7763, Rej: 0.7042, ROC AUC: 0.8333
  Val   - Acc: 0.7256, Eff: 0.7607, Rej: 0.7250, ROC AUC: 0.8386
[14:50:23]  At epoch 27
  batch 12 last_batch 12 loss: 0.946897953748703
  batch 3 last_batch 3 loss: 0.9539844195048014
No improvement in validation loss. Patience: 6/6
Epoch 27 | default threshold:
  Train - Acc: 0.6908, Eff: 0.8003, Rej: 0.6887, ROC AUC: 0.8371
  Val   - Acc: 0.7709, Eff: 0.7064, Rej: 0.7721, ROC AUC: 0.8400
Early stopping at epoch 27. Best epoch was 21 with val_loss=0.8756
Model weights restored to best epoch 21
Running 5 epochs with learning rate 0.0001
[14:50:29]  At epoch 28
  batch 12 last_batch 12 loss: 0.853298415740331
  batch 3 last_batch 3 loss: 0.8470790386199951
Epoch 28 | default threshold:
  Train - Acc: 0.6740, Eff: 0.8835, Rej: 0.6701, ROC AUC: 0.8621
  Val   - Acc: 0.6966, Eff: 0.8689, Rej: 0.6932, ROC AUC: 0.8646
[14:50:35]  At epoch 29
  batch 12 last_batch 12 loss: 0.8261019637187322
  batch 3 last_batch 3 loss: 0.8404552936553955
Epoch 29 | default threshold:
  Train - Acc: 0.6890, Eff: 0.8845, Rej: 0.6853, ROC AUC: 0.8693
  Val   - Acc: 0.6982, Eff: 0.8685, Rej: 0.6949, ROC AUC: 0.8661
[14:50:41]  At epoch 30
  batch 12 last_batch 12 loss: 0.8309370577335358
  batch 3 last_batch 3 loss: 0.8320185542106628
Epoch 30 | default threshold:
  Train - Acc: 0.6917, Eff: 0.8845, Rej: 0.6880, ROC AUC: 0.8711
  Val   - Acc: 0.6758, Eff: 0.9079, Rej: 0.6712, ROC AUC: 0.8681
[14:50:46]  At epoch 31
  batch 12 last_batch 12 loss: 0.8208602319161097
  batch 3 last_batch 3 loss: 0.8298207322756449
Epoch 31 | default threshold:
  Train - Acc: 0.6847, Eff: 0.8965, Rej: 0.6806, ROC AUC: 0.8727
  Val   - Acc: 0.6631, Eff: 0.9211, Rej: 0.6581, ROC AUC: 0.8699
[14:50:52]  At epoch 32
  batch 12 last_batch 12 loss: 0.8140599479277929
  batch 3 last_batch 3 loss: 0.8212721745173136
Epoch 32 | default threshold:
  Train - Acc: 0.6878, Eff: 0.8979, Rej: 0.6838, ROC AUC: 0.8757
  Val   - Acc: 0.6668, Eff: 0.9266, Rej: 0.6617, ROC AUC: 0.8720
Model weights restored to best epoch 32
Training finished. Saving model in Final_neutrals_8block_50+5_epochs_message_passing_BCE.pt
Checkpoint saved to outputs/Final_neutrals_8block_50+5_epochs_message_passing_BCE/Final_neutrals_8block_50+5_epochs_message_passing_BCE.pt
Saving config file as txt file
